06-30 05:01:43.171   890   890 V AlarmManager: done {13da42c0, *walarm*:com.motorola.motocare.trigger.AlarmTrigger.AppUsageAlarmTrigger} [9ms]
06-30 05:01:43.298   890  1293 I ActivityManager: Killing 12987:android.process.media/u0a17 (adj 15): empty #7
06-30 05:04:26.899   890  1272 V AlarmManager: sending alarm {58eda49 type 3 *alarm*:android.intent.action.TIME_TICK}
06-30 05:04:26.901   890  1272 V AlarmManager: sending alarm {302af22d type 2 *walarm*:android.net.ConnectivityService.action.PKT_CNT_SAMPLE_INTERVAL_ELAPSED}
06-30 05:04:26.902   890   890 V AlarmManager: done {302af22d, *walarm*:android.net.ConnectivityService.action.PKT_CNT_SAMPLE_INTERVAL_ELAPSED} [3ms]
06-30 05:04:27.033   890   890 V AlarmManager: done {58eda49, *alarm*:android.intent.action.TIME_TICK} [134ms]
06-30 05:05:33.175   890  1272 V AlarmManager: sending alarm {58eda49 type 3 *alarm*:android.intent.action.TIME_TICK}
06-30 05:05:33.185   890  1272 V AlarmManager: sending alarm {3af71c type 2 *walarm*:com.google.android.gms.gcm.HEARTBEAT_ALARM}
06-30 05:05:33.195   890   890 V AlarmManager: done {3af71c, *walarm*:com.google.android.gms.gcm.HEARTBEAT_ALARM} [20ms]
06-30 05:05:33.318   890   890 V AlarmManager: done {58eda49, *alarm*:android.intent.action.TIME_TICK} [144ms]
06-30 05:09:23.242   890  1272 V AlarmManager: sending alarm {58eda49 type 3 *alarm*:android.intent.action.TIME_TICK}
06-30 05:09:23.251   890  1272 V AlarmManager: sending alarm {3af71c type 2 *walarm*:com.google.android.gms.gcm.HEARTBEAT_ALARM}
06-30 05:09:23.261   890   890 V AlarmManager: done {3af71c, *walarm*:com.google.android.gms.gcm.HEARTBEAT_ALARM} [19ms]
06-30 05:09:23.387   890   890 V AlarmManager: done {58eda49, *alarm*:android.intent.action.TIME_TICK} [145ms]
06-30 05:13:13.856   890  1272 V AlarmManager: sending alarm {58eda49 type 3 *alarm*:android.intent.action.TIME_TICK}
06-30 05:13:13.863   890  1272 V AlarmManager: sending alarm {3af71c type 2 *walarm*:com.google.android.gms.gcm.HEARTBEAT_ALARM}
06-30 05:13:13.869   890   890 V AlarmManager: done {3af71c, *walarm*:com.google.android.gms.gcm.HEARTBEAT_ALARM} [21ms]
06-30 05:13:13.994   890   890 V AlarmManager: done {58eda49, *alarm*:android.intent.action.TIME_TICK} [147ms]
06-30 05:14:19.700   890  1644 W Telecom : TelecomServiceImpl: null is not visible for the calling user
06-30 05:14:19.712   890   944 I ActivityManager: Start proc 13665:com.google.android.talk:matchstick/u0a67 for broadcast com.google.android.talk/com.google.android.libraries.matchstick.net.MatchstickInProcessReceiver
06-30 05:14:19.718   890  1769 W Telecom : TelecomServiceImpl: ComponentInfo{com.google.android.talk/com.google.android.apps.hangouts.telephony.TeleConnectionService}, [e44cca915afc0390d8a77c0ff4608152603e7fa3], UserHandle{0} is not visible for the calling user
06-30 05:14:19.767   890  2904 W Telecom : TelecomServiceImpl: null is not visible for the calling user
06-30 05:14:19.770   890   906 W Telecom : TelecomServiceImpl: ComponentInfo{com.google.android.talk/com.google.android.apps.hangouts.telephony.TeleConnectionService}, [e44cca915afc0390d8a77c0ff4608152603e7fa3], UserHandle{0} is not visible for the calling user
06-30 05:14:19.779 13665 13665 W ResourcesManager: Asset path '/system/framework/com.google.android.media.effects.jar' does not exist or contains no resources.
06-30 05:14:20.291   890   907 W ActivityManager: getRunningAppProcesses: caller 10067 does not hold REAL_GET_TASKS; limiting output
06-30 05:14:20.367 13665 13701 W ResourcesManager: Asset path '/system/framework/com.android.media.remotedisplay.jar' does not exist or contains no resources.
06-30 05:14:20.367 13665 13701 W ResourcesManager: Asset path '/system/framework/com.android.location.provider.jar' does not exist or contains no resources.
06-30 05:14:20.477   890  1293 I ActivityManager: Killing 12872:com.google.android.apps.inbox/u0a100 (adj 15): empty #7
06-30 05:16:26.918   890  1272 V AlarmManager: sending alarm {3e25fc26 type 0 *walarm*:android.app.backup.intent.RUN}
06-30 05:16:26.918   890   890 V BackupManagerService: Running a backup pass
06-30 05:16:26.921   890  1272 V AlarmManager: sending alarm {58eda49 type 3 *alarm*:android.intent.action.TIME_TICK}
06-30 05:16:26.922   890  1272 V AlarmManager: sending alarm {302af22d type 2 *walarm*:android.net.ConnectivityService.action.PKT_CNT_SAMPLE_INTERVAL_ELAPSED}
06-30 05:16:26.923   890  1272 V AlarmManager: sending alarm {1b48656a type 0 *walarm*:com.google.android.gms/.checkin.EventLogServiceReceiver}
06-30 05:16:26.923   890  1272 V AlarmManager: sending alarm {9b349a5 type 1 *alarm*:com.motorola.motocare.trigger.AlarmTrigger.HourlyAlarmTrigger}
06-30 05:16:26.924   890  1302 V BackupManagerService: Backup requested but nothing pending
06-30 05:16:26.924   890   890 V AlarmManager: done {3e25fc26, *walarm*:android.app.backup.intent.RUN} [7ms]
06-30 05:16:26.931   890   890 V AlarmManager: done {302af22d, *walarm*:android.net.ConnectivityService.action.PKT_CNT_SAMPLE_INTERVAL_ELAPSED} [14ms]
06-30 05:16:26.953   890   890 V AlarmManager: done {1b48656a, *walarm*:com.google.android.gms/.checkin.EventLogServiceReceiver} [36ms]
06-30 05:16:26.955   890   890 V AlarmManager: done {9b349a5, *alarm*:com.motorola.motocare.trigger.AlarmTrigger.HourlyAlarmTrigger} [38ms]
06-30 05:16:27.076   890   890 V AlarmManager: done {58eda49, *alarm*:android.intent.action.TIME_TICK} [159ms]
06-30 05:17:03.952   890  1272 V AlarmManager: sending alarm {58eda49 type 3 *alarm*:android.intent.action.TIME_TICK}
06-30 05:17:03.954   890  1272 V AlarmManager: sending alarm {3af71c type 2 *walarm*:com.google.android.gms.gcm.HEARTBEAT_ALARM}
06-30 05:17:03.962   890   890 V AlarmManager: done {3af71c, *walarm*:com.google.android.gms.gcm.HEARTBEAT_ALARM} [10ms]
06-30 05:17:04.075   890   890 V AlarmManager: done {58eda49, *alarm*:android.intent.action.TIME_TICK} [123ms]
06-30 05:19:03.856   890  1272 V AlarmManager: sending alarm {58eda49 type 3 *alarm*:android.intent.action.TIME_TICK}
06-30 05:19:03.862   890  1272 V AlarmManager: sending alarm {30d903fd type 2 *walarm*:com.google.android.apps.gsa.sidekick.ENTRY_SYNC_RECOVERY_REFRESH}
06-30 05:19:03.863   890   890 V AlarmManager: done {30d903fd, *walarm*:com.google.android.apps.gsa.sidekick.ENTRY_SYNC_RECOVERY_REFRESH} [7ms]
06-30 05:19:03.984   890   890 V AlarmManager: done {58eda49, *alarm*:android.intent.action.TIME_TICK} [128ms]
06-30 05:19:04.697   890  3075 D WifiService: acquireWifiLockLocked: WifiLock{NlpWifiLock type=2 binder=android.os.BinderProxy@2eca18c0}
06-30 05:19:04.789   890  1597 D WifiService: acquireWifiLockLocked: WifiLock{NlpWifiLock type=2 binder=android.os.BinderProxy@241739f9}
06-30 05:19:05.390   890  1597 D WifiService: releaseWifiLockLocked: WifiLock{NlpWifiLock type=2 binder=android.os.BinderProxy@241739f9}
06-30 05:19:05.815   890  2668 D WifiService: releaseWifiLockLocked: WifiLock{NlpWifiLock type=2 binder=android.os.BinderProxy@2eca18c0}
06-30 05:20:54.008   890  1272 V AlarmManager: sending alarm {58eda49 type 3 *alarm*:android.intent.action.TIME_TICK}
06-30 05:20:54.017   890  1272 V AlarmManager: sending alarm {11c853b4 type 3 *alarm*:com.google.android.gms.flp.EXPIRATION_ALARM__12}
06-30 05:20:54.025   890  1272 V AlarmManager: sending alarm {3af71c type 2 *walarm*:com.google.android.gms.gcm.HEARTBEAT_ALARM}
06-30 05:20:54.025   890   890 V AlarmManager: done {11c853b4, *alarm*:com.google.android.gms.flp.EXPIRATION_ALARM__12} [19ms]
06-30 05:20:54.030   890   890 V AlarmManager: done {3af71c, *walarm*:com.google.android.gms.gcm.HEARTBEAT_ALARM} [24ms]
06-30 05:20:54.155   890   890 V AlarmManager: done {58eda49, *alarm*:android.intent.action.TIME_TICK} [148ms]
06-30 05:24:44.082   890  1272 V AlarmManager: sending alarm {58eda49 type 3 *alarm*:android.intent.action.TIME_TICK}
06-30 05:24:44.092   890  1272 V AlarmManager: sending alarm {3af71c type 2 *walarm*:com.google.android.gms.gcm.HEARTBEAT_ALARM}
06-30 05:24:44.099   890   890 V AlarmManager: done {3af71c, *walarm*:com.google.android.gms.gcm.HEARTBEAT_ALARM} [17ms]
06-30 05:24:44.221   890   890 V AlarmManager: done {58eda49, *alarm*:android.intent.action.TIME_TICK} [139ms]
06-30 05:28:27.862   890  1272 V AlarmManager: sending alarm {118f9310 type 3 *alarm*:com.android.server.action.NETWORK_STATS_POLL}
06-30 05:28:27.886   890  1272 V AlarmManager: sending alarm {58eda49 type 3 *alarm*:android.intent.action.TIME_TICK}
06-30 05:28:27.887   890  1272 V AlarmManager: sending alarm {302af22d type 2 *walarm*:android.net.ConnectivityService.action.PKT_CNT_SAMPLE_INTERVAL_ELAPSED}
06-30 05:28:27.914   890   890 V AlarmManager: done {118f9310, *alarm*:com.android.server.action.NETWORK_STATS_POLL} [53ms]
06-30 05:28:27.926   890   890 V AlarmManager: done {302af22d, *walarm*:android.net.ConnectivityService.action.PKT_CNT_SAMPLE_INTERVAL_ELAPSED} [63ms]
06-30 05:28:28.012   890   890 V AlarmManager: done {58eda49, *alarm*:android.intent.action.TIME_TICK} [151ms]
06-30 05:28:34.154   890  1272 V AlarmManager: sending alarm {3af71c type 2 *walarm*:com.google.android.gms.gcm.HEARTBEAT_ALARM}
06-30 05:28:34.161   890   890 V AlarmManager: done {3af71c, *walarm*:com.google.android.gms.gcm.HEARTBEAT_ALARM} [7ms]
06-30 05:30:52.855   890  1272 V AlarmManager: sending alarm {58eda49 type 3 *alarm*:android.intent.action.TIME_TICK}
06-30 05:30:52.872   890  1272 V AlarmManager: sending alarm {d04abdd type 2 *walarm*:CONTEXT_MANAGER_ALARM_WAKEUP_519167869}
06-30 05:30:52.872   890   890 V AlarmManager: done {d04abdd, *walarm*:CONTEXT_MANAGER_ALARM_WAKEUP_519167869} [18ms]
06-30 05:30:52.994   890   890 V AlarmManager: done {58eda49, *alarm*:android.intent.action.TIME_TICK} [140ms]
06-30 05:32:21.855   890  1272 V AlarmManager: sending alarm {58eda49 type 3 *alarm*:android.intent.action.TIME_TICK}
06-30 05:32:21.866   890  1272 V AlarmManager: sending alarm {3ea244d5 type 2 *walarm*:android.content.syncmanager.SYNC_ALARM}
06-30 05:32:21.870   890   890 V AlarmManager: done {3ea244d5, *walarm*:android.content.syncmanager.SYNC_ALARM} [15ms]
06-30 05:32:21.980   890   941 I ActivityManager: Start proc 14024:com.google.android.apps.plus/u0a78 for service com.google.android.apps.plus/.service.EsSyncAdapterService
06-30 05:32:22.001   890   890 V AlarmManager: done {58eda49, *alarm*:android.intent.action.TIME_TICK} [146ms]
06-30 05:32:22.045 14024 14024 W ResourcesManager: Asset path '/system/framework/com.google.android.maps.jar' does not exist or contains no resources.
06-30 05:32:22.118   890  1505 I ActivityManager: Start proc 14055:android.process.media/u0a17 for content provider com.android.providers.media/.MediaProvider
06-30 05:32:22.305 14055 14055 W ResourcesManager: Asset path '/system/framework/com.motorola.android.encryption.jar' does not exist or contains no resources.
06-30 05:32:22.369 14055 14055 I openssl : Crypto mode not selected, openssl will run on its regular mode.
06-30 05:32:22.369 14055 14055 I openssl : Crypto mode 0 already enabled
06-30 05:32:22.882   890  2668 W ActivityManager: getRunningAppProcesses: caller 10078 does not hold REAL_GET_TASKS; limiting output
06-30 05:32:22.989   890  1769 I ActivityManager: Start proc 14102:android.process.acore/u0a8 for content provider com.android.providers.contacts/.ContactsProvider2
06-30 05:32:23.004   890   906 I ActivityManager: Killing 9944:com.google.android.gm/u0a56 (adj 15): empty #7
06-30 05:32:23.287   890  1595 I ActivityManager: Killing 13152:com.motorola.context/u0a3 (adj 15): empty #7
06-30 05:32:23.367   890   906 I ActivityManager: Killing 13213:com.google.android.apps.photos/u0a101 (adj 15): empty #7
06-30 05:32:24.346   890  1272 V AlarmManager: sending alarm {3af71c type 2 *walarm*:com.google.android.gms.gcm.HEARTBEAT_ALARM}
06-30 05:32:24.357   890   890 V AlarmManager: done {3af71c, *walarm*:com.google.android.gms.gcm.HEARTBEAT_ALARM} [12ms]
06-30 05:32:51.992   890  1272 V AlarmManager: sending alarm {3ea244d5 type 2 *walarm*:android.content.syncmanager.SYNC_ALARM}
06-30 05:32:51.994   890   890 V AlarmManager: done {3ea244d5, *walarm*:android.content.syncmanager.SYNC_ALARM} [3ms]
06-30 05:36:14.873   890  1272 V AlarmManager: sending alarm {58eda49 type 3 *alarm*:android.intent.action.TIME_TICK}
06-30 05:36:14.875   890  1272 V AlarmManager: sending alarm {13831e81 type 1 *alarm*:com.android.server.action.UPDATE_TWILIGHT_STATE}
06-30 05:36:14.875   890  1272 V AlarmManager: sending alarm {3af71c type 2 *walarm*:com.google.android.gms.gcm.HEARTBEAT_ALARM}
06-30 05:36:14.877   890   890 V AlarmManager: done {13831e81, *alarm*:com.android.server.action.UPDATE_TWILIGHT_STATE} [10ms]
06-30 05:36:14.880   890   890 V AlarmManager: done {3af71c, *walarm*:com.google.android.gms.gcm.HEARTBEAT_ALARM} [14ms]
06-30 05:36:14.993   890   890 V AlarmManager: done {58eda49, *alarm*:android.intent.action.TIME_TICK} [126ms]
06-30 05:40:05.113   890  1272 V AlarmManager: sending alarm {58eda49 type 3 *alarm*:android.intent.action.TIME_TICK}
06-30 05:40:05.121   890  1272 V AlarmManager: sending alarm {3af71c type 2 *walarm*:com.google.android.gms.gcm.HEARTBEAT_ALARM}
06-30 05:40:05.131   890   890 V AlarmManager: done {3af71c, *walarm*:com.google.android.gms.gcm.HEARTBEAT_ALARM} [19ms]
06-30 05:40:05.250   890   890 V AlarmManager: done {58eda49, *alarm*:android.intent.action.TIME_TICK} [138ms]
06-30 05:40:28.863   890  1272 V AlarmManager: sending alarm {302af22d type 2 *walarm*:android.net.ConnectivityService.action.PKT_CNT_SAMPLE_INTERVAL_ELAPSED}
06-30 05:40:28.878   890   890 V AlarmManager: done {302af22d, *walarm*:android.net.ConnectivityService.action.PKT_CNT_SAMPLE_INTERVAL_ELAPSED} [15ms]
06-30 05:42:11.997   890   944 W ProcessCpuTracker: Skipping unknown process pid 14384
06-30 05:42:11.999   890   944 W ProcessCpuTracker: Skipping unknown process pid 14387
06-30 05:43:55.208   890  1272 V AlarmManager: sending alarm {58eda49 type 3 *alarm*:android.intent.action.TIME_TICK}
06-30 05:43:55.224   890  1272 V AlarmManager: sending alarm {3af71c type 2 *walarm*:com.google.android.gms.gcm.HEARTBEAT_ALARM}
06-30 05:43:55.232   890   890 V AlarmManager: done {3af71c, *walarm*:com.google.android.gms.gcm.HEARTBEAT_ALARM} [24ms]
06-30 05:43:55.358   890   890 V AlarmManager: done {58eda49, *alarm*:android.intent.action.TIME_TICK} [150ms]
06-30 05:47:45.861   890  1272 V AlarmManager: sending alarm {58eda49 type 3 *alarm*:android.intent.action.TIME_TICK}
06-30 05:47:45.876   890  1272 V AlarmManager: sending alarm {3af71c type 2 *walarm*:com.google.android.gms.gcm.HEARTBEAT_ALARM}
06-30 05:47:45.881   890   890 V AlarmManager: done {3af71c, *walarm*:com.google.android.gms.gcm.HEARTBEAT_ALARM} [21ms]
06-30 05:47:45.992   890   890 V AlarmManager: done {58eda49, *alarm*:android.intent.action.TIME_TICK} [132ms]
06-30 05:49:05.001   890  1272 V AlarmManager: sending alarm {58eda49 type 3 *alarm*:android.intent.action.TIME_TICK}
06-30 05:49:05.010   890  1272 V AlarmManager: sending alarm {3fdf75ba type 2 *walarm*:CONTEXT_MANAGER_ALARM_WAKEUP_519167869}
06-30 05:49:05.014   890   890 V AlarmManager: done {3fdf75ba, *walarm*:CONTEXT_MANAGER_ALARM_WAKEUP_519167869} [14ms]
06-30 05:49:05.196   890   890 V AlarmManager: done {58eda49, *alarm*:android.intent.action.TIME_TICK} [195ms]
06-30 05:51:36.009   890  1272 V AlarmManager: sending alarm {58eda49 type 3 *alarm*:android.intent.action.TIME_TICK}
06-30 05:51:36.018   890  1272 V AlarmManager: sending alarm {3af71c type 2 *walarm*:com.google.android.gms.gcm.HEARTBEAT_ALARM}
06-30 05:51:36.024   890   890 V AlarmManager: done {3af71c, *walarm*:com.google.android.gms.gcm.HEARTBEAT_ALARM} [15ms]
06-30 05:51:36.156   890   890 V AlarmManager: done {58eda49, *alarm*:android.intent.action.TIME_TICK} [147ms]
06-30 05:52:28.890   890  1272 V AlarmManager: sending alarm {118f9310 type 3 *alarm*:com.android.server.action.NETWORK_STATS_POLL}
06-30 05:52:28.903   890  1272 V AlarmManager: sending alarm {58eda49 type 3 *alarm*:android.intent.action.TIME_TICK}
06-30 05:52:28.903   890  1272 V AlarmManager: sending alarm {302af22d type 2 *walarm*:android.net.ConnectivityService.action.PKT_CNT_SAMPLE_INTERVAL_ELAPSED}
06-30 05:52:28.903   890  1272 V AlarmManager: sending alarm {1b48656a type 0 *walarm*:com.google.android.gms/.checkin.EventLogServiceReceiver}
06-30 05:52:28.926   890   890 V AlarmManager: done {118f9310, *alarm*:com.android.server.action.NETWORK_STATS_POLL} [37ms]
06-30 05:52:28.933   890   890 V AlarmManager: done {302af22d, *walarm*:android.net.ConnectivityService.action.PKT_CNT_SAMPLE_INTERVAL_ELAPSED} [44ms]
06-30 05:52:28.939   890   890 V AlarmManager: done {1b48656a, *walarm*:com.google.android.gms/.checkin.EventLogServiceReceiver} [50ms]
06-30 05:52:29.024   890   890 V AlarmManager: done {58eda49, *alarm*:android.intent.action.TIME_TICK} [134ms]
06-30 05:55:17.256   890   941 I ActivityManager: Start proc 14546:com.google.android.gm/u0a56 for service com.google.android.gm/.provider.MailSyncAdapterService
06-30 05:55:17.320   890   941 I ActivityManager: Start proc 14565:com.google.android.apps.inbox/u0a100 for service com.google.android.apps.inbox/com.google.android.apps.bigtop.service.BigTopSyncService
06-30 05:55:17.450 14546 14586 D ActivityThread: Loading provider com.google.android.gmail.provider;com.android.mail.notifier;com.google.android.gm.email.provider;com.google.android.gm.email.notifier: com.android.email.provider.EmailProvider
06-30 05:55:17.565 14565 14594 W ResourcesManager: Asset path '/system/framework/com.android.media.remotedisplay.jar' does not exist or contains no resources.
06-30 05:55:17.566 14565 14594 W ResourcesManager: Asset path '/system/framework/com.android.location.provider.jar' does not exist or contains no resources.
06-30 05:55:17.598   890  2848 W ActivityManager: Unable to start service Intent { cmp=com.google.android.gm/com.android.email.service.AttachmentService } U=0: not found
06-30 05:55:17.800   890  3075 W ActivityManager: Unable to start service Intent { cmp=com.google.android.gm.exchange/com.android.exchange.service.EasService } U=0: not found
06-30 05:55:17.827   890  1382 D ConnectivityService: listenForNetwork for NetworkRequest [ id=413, legacyType=-1, [ Capabilities: NOT_RESTRICTED&TRUSTED&NOT_VPN] ]
06-30 05:55:17.827   890  1288 D ConnectivityService: handleRegisterNetworkRequest checking NetworkAgentInfo [WIFI () - 110]
06-30 05:55:17.827   890  1288 D ConnectivityService: apparently satisfied.  currentScore=60
06-30 05:55:18.057 14546 14615 W ResourcesManager: Asset path '/system/framework/com.android.media.remotedisplay.jar' does not exist or contains no resources.
06-30 05:55:18.058 14546 14615 W ResourcesManager: Asset path '/system/framework/com.android.location.provider.jar' does not exist or contains no resources.
06-30 05:55:19.565   890  1382 I ActivityManager: Killing 13356:com.google.android.talk/u0a67 (adj 15): empty #7
06-30 05:55:20.100   890  1505 I ActivityManager: Killing 13665:com.google.android.talk:matchstick/u0a67 (adj 15): empty #7
06-30 05:55:47.872   890  1272 V AlarmManager: sending alarm {58eda49 type 3 *alarm*:android.intent.action.TIME_TICK}
06-30 05:55:47.874   890  1272 V AlarmManager: sending alarm {3ea244d5 type 2 *walarm*:android.content.syncmanager.SYNC_ALARM}
06-30 05:55:47.880   890   890 V AlarmManager: done {3ea244d5, *walarm*:android.content.syncmanager.SYNC_ALARM} [17ms]
06-30 05:55:48.009   890   890 V AlarmManager: done {58eda49, *alarm*:android.intent.action.TIME_TICK} [147ms]
06-30 05:58:47.346   890  1272 V AlarmManager: sending alarm {58eda49 type 3 *alarm*:android.intent.action.TIME_TICK}
06-30 05:58:47.348   890  1272 V AlarmManager: sending alarm {3ea244d5 type 2 *walarm*:android.content.syncmanager.SYNC_ALARM}
06-30 05:58:47.356   890   890 V AlarmManager: done {3ea244d5, *walarm*:android.content.syncmanager.SYNC_ALARM} [12ms]
06-30 05:58:47.478   890   890 V AlarmManager: done {58eda49, *alarm*:android.intent.action.TIME_TICK} [134ms]
06-30 06:01:18.553   890  1382 W IntentResolver: resolveIntent: multiple matches, only some with CATEGORY_DEFAULT
06-30 06:01:18.564   890  1453 W IntentResolver: resolveIntent: multiple matches, only some with CATEGORY_DEFAULT
06-30 06:01:47.876   890  1272 V AlarmManager: sending alarm {58eda49 type 3 *alarm*:android.intent.action.TIME_TICK}
06-30 06:01:47.889   890  1272 V AlarmManager: sending alarm {3ea244d5 type 2 *walarm*:android.content.syncmanager.SYNC_ALARM}
06-30 06:01:47.896   890   890 V AlarmManager: done {3ea244d5, *walarm*:android.content.syncmanager.SYNC_ALARM} [21ms]
06-30 06:01:48.011   890   890 V AlarmManager: done {58eda49, *alarm*:android.intent.action.TIME_TICK} [137ms]
06-30 06:04:28.953   890  1272 V AlarmManager: sending alarm {58eda49 type 3 *alarm*:android.intent.action.TIME_TICK}
06-30 06:04:28.955   890  1272 V AlarmManager: sending alarm {302af22d type 2 *walarm*:android.net.ConnectivityService.action.PKT_CNT_SAMPLE_INTERVAL_ELAPSED}
06-30 06:04:28.957   890   890 V AlarmManager: done {302af22d, *walarm*:android.net.ConnectivityService.action.PKT_CNT_SAMPLE_INTERVAL_ELAPSED} [5ms]
06-30 06:04:29.086   890   890 V AlarmManager: done {58eda49, *alarm*:android.intent.action.TIME_TICK} [134ms]
06-30 06:05:07.240   890  1272 V AlarmManager: sending alarm {58eda49 type 3 *alarm*:android.intent.action.TIME_TICK}
06-30 06:05:07.249   890  1272 V AlarmManager: sending alarm {3af71c type 2 *walarm*:com.google.android.gms.gcm.HEARTBEAT_ALARM}
06-30 06:05:07.260   890   890 V AlarmManager: done {3af71c, *walarm*:com.google.android.gms.gcm.HEARTBEAT_ALARM} [21ms]
06-30 06:05:07.387   890   890 V AlarmManager: done {58eda49, *alarm*:android.intent.action.TIME_TICK} [148ms]
06-30 06:08:57.874   890  1272 V AlarmManager: sending alarm {58eda49 type 3 *alarm*:android.intent.action.TIME_TICK}
06-30 06:08:57.890   890  1272 V AlarmManager: sending alarm {3af71c type 2 *walarm*:com.google.android.gms.gcm.HEARTBEAT_ALARM}
06-30 06:08:57.896   890   890 V AlarmManager: done {3af71c, *walarm*:com.google.android.gms.gcm.HEARTBEAT_ALARM} [23ms]
06-30 06:08:58.015   890   890 V AlarmManager: done {58eda49, *alarm*:android.intent.action.TIME_TICK} [142ms]
06-30 06:18:08.236   890  1272 V AlarmManager: sending alarm {58eda49 type 3 *alarm*:android.intent.action.TIME_TICK}
06-30 06:18:08.245   890  1272 V AlarmManager: sending alarm {3af71c type 2 *walarm*:com.google.android.gms.gcm.HEARTBEAT_ALARM}
06-30 06:18:08.253   890   890 V AlarmManager: done {3af71c, *walarm*:com.google.android.gms.gcm.HEARTBEAT_ALARM} [17ms]
06-30 06:18:08.375   890   890 V AlarmManager: done {58eda49, *alarm*:android.intent.action.TIME_TICK} [139ms]
06-30 06:19:04.875   890  1272 V AlarmManager: sending alarm {3e25fc26 type 0 *walarm*:android.app.backup.intent.RUN}
06-30 06:19:04.884   890   890 V BackupManagerService: Running a backup pass
06-30 06:19:04.888   890  1272 V AlarmManager: sending alarm {302af22d type 2 *walarm*:android.net.ConnectivityService.action.PKT_CNT_SAMPLE_INTERVAL_ELAPSED}
06-30 06:19:04.888   890  1272 V AlarmManager: sending alarm {118f9310 type 3 *alarm*:com.android.server.action.NETWORK_STATS_POLL}
06-30 06:19:04.889   890  1272 V AlarmManager: sending alarm {58eda49 type 3 *alarm*:android.intent.action.TIME_TICK}
06-30 06:19:04.889   890  1272 V AlarmManager: sending alarm {2b610381 type 2 *walarm*:com.google.android.apps.hangouts.CLEANUP_DB}
06-30 06:19:04.890   890  1272 V AlarmManager: sending alarm {14d0f625 type 2 *walarm*:com.google.android.location.ALARM_WAKEUP_LOCATOR}
06-30 06:19:04.890   890  1272 V AlarmManager: sending alarm {9b349a5 type 1 *alarm*:com.motorola.motocare.trigger.AlarmTrigger.HourlyAlarmTrigger}
06-30 06:19:04.890   890   890 V AlarmManager: done {3e25fc26, *walarm*:android.app.backup.intent.RUN} [16ms]
06-30 06:19:04.891   890   890 V AlarmManager: done {302af22d, *walarm*:android.net.ConnectivityService.action.PKT_CNT_SAMPLE_INTERVAL_ELAPSED} [16ms]
06-30 06:19:04.935   890   890 V AlarmManager: done {118f9310, *alarm*:com.android.server.action.NETWORK_STATS_POLL} [60ms]
06-30 06:19:04.953   890  1302 V BackupManagerService: Backup requested but nothing pending
06-30 06:19:04.981   890  1279 I ActivityManager: Start proc 14861:com.google.android.talk/u0a67 for broadcast com.google.android.talk/com.google.android.apps.hangouts.realtimechat.RealTimeChatService$AlarmReceiver
06-30 06:19:05.148   890   890 V AlarmManager: done {58eda49, *alarm*:android.intent.action.TIME_TICK} [273ms]
06-30 06:19:05.154 14861 14861 W ResourcesManager: Asset path '/system/framework/com.google.android.media.effects.jar' does not exist or contains no resources.
06-30 06:19:05.671   890   907 W ActivityManager: getRunningAppProcesses: caller 10067 does not hold REAL_GET_TASKS; limiting output
06-30 06:19:05.807   890   890 V AlarmManager: done {2b610381, *walarm*:com.google.android.apps.hangouts.CLEANUP_DB} [932ms]
06-30 06:19:05.828   890  2904 D WifiService: acquireWifiLockLocked: WifiLock{NlpWifiLock type=2 binder=android.os.BinderProxy@8fe2523}
06-30 06:19:05.834   890   890 V AlarmManager: done {14d0f625, *walarm*:com.google.android.location.ALARM_WAKEUP_LOCATOR} [959ms]
06-30 06:19:05.836   890   890 V AlarmManager: done {9b349a5, *alarm*:com.motorola.motocare.trigger.AlarmTrigger.HourlyAlarmTrigger} [961ms]
06-30 06:19:05.852   890  1644 D WifiService: acquireWifiLockLocked: WifiLock{NlpWifiLock type=2 binder=android.os.BinderProxy@1f98aa20}
06-30 06:19:05.869 14861 14861 W ResourcesManager: Asset path '/system/framework/com.android.media.remotedisplay.jar' does not exist or contains no resources.
06-30 06:19:05.870 14861 14861 W ResourcesManager: Asset path '/system/framework/com.android.location.provider.jar' does not exist or contains no resources.
06-30 06:19:06.851   890   907 D WifiService: releaseWifiLockLocked: WifiLock{NlpWifiLock type=2 binder=android.os.BinderProxy@8fe2523}
06-30 06:19:07.024   890  2668 D WifiService: releaseWifiLockLocked: WifiLock{NlpWifiLock type=2 binder=android.os.BinderProxy@1f98aa20}
06-30 06:19:08.251   890  1272 V AlarmManager: sending alarm {3af71c type 2 *walarm*:com.google.android.gms.gcm.HEARTBEAT_ALARM}
06-30 06:19:08.255   890   890 V AlarmManager: done {3af71c, *walarm*:com.google.android.gms.gcm.HEARTBEAT_ALARM} [4ms]
06-30 06:19:08.280   890  1382 D ConnectivityService: reportBadNetwork(NetworkAgentInfo [WIFI () - 110]) by 10016
06-30 06:19:08.324   890  1288 D ConnectivityService: setProvNotificationVisibleIntent: E visible=false networkType=0 extraInfo=null
06-30 06:19:08.324   890  1288 D ConnectivityService: Validated NetworkAgentInfo [WIFI () - 110]
06-30 06:19:15.244   890  1272 V AlarmManager: sending alarm {add40 type 2 *walarm*:com.google.android.intent.action.GCM_RECONNECT}
06-30 06:19:15.253   890   890 V AlarmManager: done {add40, *walarm*:com.google.android.intent.action.GCM_RECONNECT} [9ms]
06-30 06:19:16.892   890   944 W ProcessCpuTracker: Skipping unknown process pid 15062
06-30 06:19:16.893   890   944 W ProcessCpuTracker: Skipping unknown process pid 15065
06-30 06:19:16.975   890  1505 I ActivityManager: Killing 14055:android.process.media/u0a17 (adj 15): empty #7
06-30 06:19:35.130   890  1272 V AlarmManager: sending alarm {3712def1 type 2 *walarm*:com.motorola.blur.service.blur.pm.alarmintent}
06-30 06:19:35.626   890   890 V AlarmManager: done {3712def1, *walarm*:com.motorola.blur.service.blur.pm.alarmintent} [500ms]
06-30 06:19:45.626   890  1272 V AlarmManager: sending alarm {3ea244d5 type 2 *walarm*:android.content.syncmanager.SYNC_ALARM}
06-30 06:19:45.629   890   890 V AlarmManager: done {3ea244d5, *walarm*:android.content.syncmanager.SYNC_ALARM} [3ms]
06-30 06:27:09.144   890   906 W Telecom : TelecomServiceImpl: null is not visible for the calling user
06-30 06:27:09.146   890   907 W Telecom : TelecomServiceImpl: ComponentInfo{com.google.android.talk/com.google.android.apps.hangouts.telephony.TeleConnectionService}, [e44cca915afc0390d8a77c0ff4608152603e7fa3], UserHandle{0} is not visible for the calling user
06-30 06:27:09.149   890  1293 W Telecom : TelecomServiceImpl: null is not visible for the calling user
06-30 06:27:09.151   890  1382 W Telecom : TelecomServiceImpl: ComponentInfo{com.google.android.talk/com.google.android.apps.hangouts.telephony.TeleConnectionService}, [e44cca915afc0390d8a77c0ff4608152603e7fa3], UserHandle{0} is not visible for the calling user
06-30 06:27:09.190   890   944 I ActivityManager: Start proc 15141:com.google.android.talk:matchstick/u0a67 for broadcast com.google.android.talk/com.google.android.libraries.matchstick.net.MatchstickInProcessReceiver
06-30 06:27:09.256 15141 15141 W ResourcesManager: Asset path '/system/framework/com.google.android.media.effects.jar' does not exist or contains no resources.
06-30 06:27:09.779   890  1595 W ActivityManager: getRunningAppProcesses: caller 10067 does not hold REAL_GET_TASKS; limiting output
06-30 06:27:09.861 15141 15196 W ResourcesManager: Asset path '/system/framework/com.android.media.remotedisplay.jar' does not exist or contains no resources.
06-30 06:27:09.861 15141 15196 W ResourcesManager: Asset path '/system/framework/com.android.location.provider.jar' does not exist or contains no resources.
06-30 06:27:09.976   890  1596 I ActivityManager: Killing 14024:com.google.android.apps.plus/u0a78 (adj 15): empty #7
06-30 06:28:25.875   890  1272 V AlarmManager: sending alarm {58eda49 type 3 *alarm*:android.intent.action.TIME_TICK}
06-30 06:28:25.886   890  1272 V AlarmManager: sending alarm {3af71c type 2 *walarm*:com.google.android.gms.gcm.HEARTBEAT_ALARM}
06-30 06:28:25.896   890   890 V AlarmManager: done {3af71c, *walarm*:com.google.android.gms.gcm.HEARTBEAT_ALARM} [21ms]
06-30 06:28:26.015   890   890 V AlarmManager: done {58eda49, *alarm*:android.intent.action.TIME_TICK} [140ms]
06-30 06:29:25.893   890  1272 V AlarmManager: sending alarm {58eda49 type 3 *alarm*:android.intent.action.TIME_TICK}
06-30 06:29:25.895   890  1272 V AlarmManager: sending alarm {3af71c type 2 *walarm*:com.google.android.gms.gcm.HEARTBEAT_ALARM}
06-30 06:29:25.899   890   890 V AlarmManager: done {3af71c, *walarm*:com.google.android.gms.gcm.HEARTBEAT_ALARM} [7ms]
06-30 06:29:26.077   890  2848 I ActivityManager: Start proc 15221:com.google.android.apps.photos/u0a101 for service com.google.android.apps.photos/.metasync.periodic.MetaSyncGcoreGcmTaskService
06-30 06:29:26.077   890   890 V AlarmManager: done {58eda49, *alarm*:android.intent.action.TIME_TICK} [185ms]
06-30 06:29:26.145   890  1453 D ConnectivityService: reportBadNetwork(NetworkAgentInfo [WIFI () - 110]) by 10016
06-30 06:29:26.176   890  1288 D ConnectivityService: setProvNotificationVisibleIntent: E visible=false networkType=0 extraInfo=null
06-30 06:29:26.177   890  1288 D ConnectivityService: Validated NetworkAgentInfo [WIFI () - 110]
06-30 06:29:26.852   890  1453 I ActivityManager: Start proc 15267:android.process.media/u0a17 for content provider com.android.providers.media/.MediaProvider
06-30 06:29:26.890 15267 15267 W ResourcesManager: Asset path '/system/framework/com.motorola.android.encryption.jar' does not exist or contains no resources.
06-30 06:29:26.951 15267 15267 I openssl : Crypto mode not selected, openssl will run on its regular mode.
06-30 06:29:26.951 15267 15267 I openssl : Crypto mode 0 already enabled
06-30 06:29:26.993   890  1293 I ActivityManager: Killing 14565:com.google.android.apps.inbox/u0a100 (adj 15): empty #7
06-30 06:29:27.015   890  1382 D ConnectivityService: ConnectivityService NetworkRequestInfo binderDied(NetworkRequest [ id=413, legacyType=-1, [ Capabilities: NOT_RESTRICTED&TRUSTED&NOT_VPN] ], android.os.BinderProxy@2d5db43f)
06-30 06:29:27.016   890  1288 D ConnectivityService: releasing NetworkRequest NetworkRequest [ id=413, legacyType=-1, [ Capabilities: NOT_RESTRICTED&TRUSTED&NOT_VPN] ]
06-30 06:29:27.017   890  1288 E ConnectivityService: RemoteException caught trying to send a callback msg for NetworkRequest [ id=413, legacyType=-1, [ Capabilities: NOT_RESTRICTED&TRUSTED&NOT_VPN] ]
06-30 06:29:27.521   890   906 I ActivityManager: Killing 14102:android.process.acore/u0a8 (adj 15): empty #7
06-30 06:29:35.879   890  1272 V AlarmManager: sending alarm {add40 type 2 *walarm*:com.google.android.intent.action.GCM_RECONNECT}
06-30 06:29:35.885   890   890 V AlarmManager: done {add40, *walarm*:com.google.android.intent.action.GCM_RECONNECT} [11ms]
06-30 06:30:26.657   890  1293 W ActivityManager: SLOW OOM ADJ: 50455ms for pid 14546 = 15
06-30 06:30:50.987   890  1272 V AlarmManager: sending alarm {58eda49 type 3 *alarm*:android.intent.action.TIME_TICK}
06-30 06:30:50.996   890  1272 V AlarmManager: sending alarm {1b96ea55 type 2 *walarm*:CONTEXT_MANAGER_ALARM_WAKEUP_519167869}
06-30 06:30:50.997   890   890 V AlarmManager: done {1b96ea55, *walarm*:CONTEXT_MANAGER_ALARM_WAKEUP_519167869} [11ms]
06-30 06:30:51.126   890   890 V AlarmManager: done {58eda49, *alarm*:android.intent.action.TIME_TICK} [139ms]
06-30 06:30:52.926   890  1272 V AlarmManager: sending alarm {d65dc6a type 2 *walarm*:CONTEXT_MANAGER_ALARM_WAKEUP_519167869}
06-30 06:30:52.933   890   890 V AlarmManager: done {d65dc6a, *walarm*:CONTEXT_MANAGER_ALARM_WAKEUP_519167869} [8ms]
06-30 06:31:04.901   890  1272 V AlarmManager: sending alarm {58eda49 type 3 *alarm*:android.intent.action.TIME_TICK}
06-30 06:31:04.902   890  1272 V AlarmManager: sending alarm {302af22d type 2 *walarm*:android.net.ConnectivityService.action.PKT_CNT_SAMPLE_INTERVAL_ELAPSED}
06-30 06:31:04.906   890  1272 V AlarmManager: sending alarm {1b48656a type 0 *walarm*:com.google.android.gms/.checkin.EventLogServiceReceiver}
06-30 06:31:04.921   890   890 V AlarmManager: done {302af22d, *walarm*:android.net.ConnectivityService.action.PKT_CNT_SAMPLE_INTERVAL_ELAPSED} [21ms]
06-30 06:31:04.930   890   890 V AlarmManager: done {1b48656a, *walarm*:com.google.android.gms/.checkin.EventLogServiceReceiver} [29ms]
06-30 06:31:05.040   890   890 V AlarmManager: done {58eda49, *alarm*:android.intent.action.TIME_TICK} [139ms]
06-30 06:31:52.368   890  1382 W ActivityManager: SLOW OOM ADJ: 47276ms for pid 15267 = 11
06-30 06:32:21.002   890  1272 V AlarmManager: sending alarm {58eda49 type 3 *alarm*:android.intent.action.TIME_TICK}
06-30 06:32:21.004   890  1272 V AlarmManager: sending alarm {3ea244d5 type 2 *walarm*:android.content.syncmanager.SYNC_ALARM}
06-30 06:32:21.007   890   890 V AlarmManager: done {3ea244d5, *walarm*:android.content.syncmanager.SYNC_ALARM} [5ms]
06-30 06:32:21.125   890   890 V AlarmManager: done {58eda49, *alarm*:android.intent.action.TIME_TICK} [123ms]
06-30 06:34:16.877   890  1272 V AlarmManager: sending alarm {58eda49 type 3 *alarm*:android.intent.action.TIME_TICK}
06-30 06:34:16.891   890  1272 V AlarmManager: sending alarm {3af71c type 2 *walarm*:com.google.android.gms.gcm.HEARTBEAT_ALARM}
06-30 06:34:16.898   890   890 V AlarmManager: done {3af71c, *walarm*:com.google.android.gms.gcm.HEARTBEAT_ALARM} [21ms]
06-30 06:34:17.021   890   890 V AlarmManager: done {58eda49, *alarm*:android.intent.action.TIME_TICK} [144ms]
06-30 06:35:16.895   890  1272 V AlarmManager: sending alarm {58eda49 type 3 *alarm*:android.intent.action.TIME_TICK}
06-30 06:35:16.898   890  1272 V AlarmManager: sending alarm {3af71c type 2 *walarm*:com.google.android.gms.gcm.HEARTBEAT_ALARM}
06-30 06:35:16.903   890   890 V AlarmManager: done {3af71c, *walarm*:com.google.android.gms.gcm.HEARTBEAT_ALARM} [8ms]
06-30 06:35:16.929   890  3075 D ConnectivityService: reportBadNetwork(NetworkAgentInfo [WIFI () - 110]) by 10016
06-30 06:35:16.970   890  1288 D ConnectivityService: setProvNotificationVisibleIntent: E visible=false networkType=0 extraInfo=null
06-30 06:35:16.971   890  1288 D ConnectivityService: Validated NetworkAgentInfo [WIFI () - 110]
06-30 06:35:17.020   890   890 V AlarmManager: done {58eda49, *alarm*:android.intent.action.TIME_TICK} [126ms]
06-30 06:35:21.937   890  1272 V AlarmManager: sending alarm {add40 type 2 *walarm*:com.google.android.intent.action.GCM_RECONNECT}
06-30 06:35:21.939   890   890 V AlarmManager: done {add40, *walarm*:com.google.android.intent.action.GCM_RECONNECT} [2ms]
06-30 06:39:12.209   890  1272 V AlarmManager: sending alarm {58eda49 type 3 *alarm*:android.intent.action.TIME_TICK}
06-30 06:39:12.218   890  1272 V AlarmManager: sending alarm {3af71c type 2 *walarm*:com.google.android.gms.gcm.HEARTBEAT_ALARM}
06-30 06:39:12.227   890   890 V AlarmManager: done {3af71c, *walarm*:com.google.android.gms.gcm.HEARTBEAT_ALARM} [18ms]
06-30 06:39:12.353   890   890 V AlarmManager: done {58eda49, *alarm*:android.intent.action.TIME_TICK} [145ms]
06-30 06:43:02.887   890  1272 V AlarmManager: sending alarm {58eda49 type 3 *alarm*:android.intent.action.TIME_TICK}
06-30 06:43:02.898   890  1272 V AlarmManager: sending alarm {3af71c type 2 *walarm*:com.google.android.gms.gcm.HEARTBEAT_ALARM}
06-30 06:43:02.916   890   890 V AlarmManager: done {3af71c, *walarm*:com.google.android.gms.gcm.HEARTBEAT_ALARM} [29ms]
06-30 06:43:03.027   890   890 V AlarmManager: done {58eda49, *alarm*:android.intent.action.TIME_TICK} [140ms]
06-30 06:43:04.934   890  1272 V AlarmManager: sending alarm {302af22d type 2 *walarm*:android.net.ConnectivityService.action.PKT_CNT_SAMPLE_INTERVAL_ELAPSED}
06-30 06:43:04.948   890   890 V AlarmManager: done {302af22d, *walarm*:android.net.ConnectivityService.action.PKT_CNT_SAMPLE_INTERVAL_ELAPSED} [14ms]
06-30 06:45:00.002   890  1272 V AlarmManager: sending alarm {58eda49 type 3 *alarm*:android.intent.action.TIME_TICK}
06-30 06:45:00.008   890  1382 D WifiService: acquireWifiLockLocked: WifiLock{NlpWifiLock type=2 binder=android.os.BinderProxy@35149fd4}
06-30 06:45:00.010   890  1272 V AlarmManager: sending alarm {36355bce type 2 *walarm*:com.google.android.location.ALARM_WAKEUP_BURST_COLLECTION_TRIGGER}
06-30 06:45:00.094   890  1769 D WifiService: releaseWifiLockLocked: WifiLock{NlpWifiLock type=2 binder=android.os.BinderProxy@35149fd4}
06-30 06:45:00.096   890   890 V AlarmManager: done {36355bce, *walarm*:com.google.android.location.ALARM_WAKEUP_BURST_COLLECTION_TRIGGER} [94ms]
06-30 06:45:00.130   890   890 V AlarmManager: done {58eda49, *alarm*:android.intent.action.TIME_TICK} [129ms]
06-30 06:46:53.070   890  1272 V AlarmManager: sending alarm {58eda49 type 3 *alarm*:android.intent.action.TIME_TICK}
06-30 06:46:53.079   890  1272 V AlarmManager: sending alarm {3af71c type 2 *walarm*:com.google.android.gms.gcm.HEARTBEAT_ALARM}
06-30 06:46:53.087   890   890 V AlarmManager: done {3af71c, *walarm*:com.google.android.gms.gcm.HEARTBEAT_ALARM} [17ms]
06-30 06:46:53.201   890   890 V AlarmManager: done {58eda49, *alarm*:android.intent.action.TIME_TICK} [131ms]
06-30 06:48:59.037   890  1272 V AlarmManager: sending alarm {58eda49 type 3 *alarm*:android.intent.action.TIME_TICK}
06-30 06:48:59.047   890  1272 V AlarmManager: sending alarm {118f9310 type 3 *alarm*:com.android.server.action.NETWORK_STATS_POLL}
06-30 06:48:59.048   890  1272 V AlarmManager: sending alarm {6fc59d7 type 2 *walarm*:com.google.android.location.ALARM_WAKEUP_ACTIVITY_DETECTION}
06-30 06:48:59.083   890   890 V AlarmManager: done {118f9310, *alarm*:com.android.server.action.NETWORK_STATS_POLL} [47ms]
06-30 06:48:59.118   890   890 V AlarmManager: done {6fc59d7, *walarm*:com.google.android.location.ALARM_WAKEUP_ACTIVITY_DETECTION} [82ms]
06-30 06:48:59.170   890   890 V AlarmManager: done {58eda49, *alarm*:android.intent.action.TIME_TICK} [134ms]
06-30 06:50:43.881   890  1272 V AlarmManager: sending alarm {58eda49 type 3 *alarm*:android.intent.action.TIME_TICK}
06-30 06:50:43.895   890  1272 V AlarmManager: sending alarm {1472d57d type 3 *alarm*:com.google.android.location.fused.LOCATION_STATUS_ALARM_ACTION_0}
06-30 06:50:43.900   890  1272 V AlarmManager: sending alarm {3af71c type 2 *walarm*:com.google.android.gms.gcm.HEARTBEAT_ALARM}
06-30 06:50:43.901   890   890 V AlarmManager: done {1472d57d, *alarm*:com.google.android.location.fused.LOCATION_STATUS_ALARM_ACTION_0} [20ms]
06-30 06:50:43.905   890   890 V AlarmManager: done {3af71c, *walarm*:com.google.android.gms.gcm.HEARTBEAT_ALARM} [24ms]
06-30 06:50:44.016   890   890 V AlarmManager: done {58eda49, *alarm*:android.intent.action.TIME_TICK} [136ms]
06-30 06:52:58.889   890  1272 V AlarmManager: sending alarm {58eda49 type 3 *alarm*:android.intent.action.TIME_TICK}
06-30 06:52:58.901   890  1272 V AlarmManager: sending alarm {6fc59d7 type 2 *walarm*:com.google.android.location.ALARM_WAKEUP_ACTIVITY_DETECTION}
06-30 06:52:58.930   890   890 V AlarmManager: done {6fc59d7, *walarm*:com.google.android.location.ALARM_WAKEUP_ACTIVITY_DETECTION} [41ms]
06-30 06:52:59.027   890   890 V AlarmManager: done {58eda49, *alarm*:android.intent.action.TIME_TICK} [138ms]
06-30 06:53:02.370   890  1596 D WifiService: acquireWifiLockLocked: WifiLock{NlpWifiLock type=2 binder=android.os.BinderProxy@d9f2c72}
06-30 06:53:03.000   890  2848 D WifiService: releaseWifiLockLocked: WifiLock{NlpWifiLock type=2 binder=android.os.BinderProxy@d9f2c72}
06-30 06:54:33.956   890  1272 V AlarmManager: sending alarm {58eda49 type 3 *alarm*:android.intent.action.TIME_TICK}
06-30 06:54:33.963   890  1272 V AlarmManager: sending alarm {3af71c type 2 *walarm*:com.google.android.gms.gcm.HEARTBEAT_ALARM}
06-30 06:54:33.969   890   890 V AlarmManager: done {3af71c, *walarm*:com.google.android.gms.gcm.HEARTBEAT_ALARM} [13ms]
06-30 06:54:34.098   890   890 V AlarmManager: done {58eda49, *alarm*:android.intent.action.TIME_TICK} [143ms]
06-30 06:56:57.891   890  1272 V AlarmManager: sending alarm {58eda49 type 3 *alarm*:android.intent.action.TIME_TICK}
06-30 06:56:57.902   890  1272 V AlarmManager: sending alarm {302af22d type 2 *walarm*:android.net.ConnectivityService.action.PKT_CNT_SAMPLE_INTERVAL_ELAPSED}
06-30 06:56:57.902   890  1272 V AlarmManager: sending alarm {6fc59d7 type 2 *walarm*:com.google.android.location.ALARM_WAKEUP_ACTIVITY_DETECTION}
06-30 06:56:57.910   890   890 V AlarmManager: done {302af22d, *walarm*:android.net.ConnectivityService.action.PKT_CNT_SAMPLE_INTERVAL_ELAPSED} [20ms]
06-30 06:56:57.946   890   890 V AlarmManager: done {6fc59d7, *walarm*:com.google.android.location.ALARM_WAKEUP_ACTIVITY_DETECTION} [57ms]
06-30 06:56:58.029   890   890 V AlarmManager: done {58eda49, *alarm*:android.intent.action.TIME_TICK} [139ms]
06-30 06:58:24.010   890  1272 V AlarmManager: sending alarm {58eda49 type 3 *alarm*:android.intent.action.TIME_TICK}
06-30 06:58:24.012   890  1272 V AlarmManager: sending alarm {3af71c type 2 *walarm*:com.google.android.gms.gcm.HEARTBEAT_ALARM}
06-30 06:58:24.018   890   890 V AlarmManager: done {3af71c, *walarm*:com.google.android.gms.gcm.HEARTBEAT_ALARM} [8ms]
06-30 06:58:24.186   890   890 V AlarmManager: done {58eda49, *alarm*:android.intent.action.TIME_TICK} [177ms]
06-30 07:01:05.067   890  1272 V AlarmManager: sending alarm {58eda49 type 3 *alarm*:android.intent.action.TIME_TICK}
06-30 07:01:05.071   890  1272 V AlarmManager: sending alarm {6fc59d7 type 2 *walarm*:com.google.android.location.ALARM_WAKEUP_ACTIVITY_DETECTION}
06-30 07:01:05.072   890  1272 V AlarmManager: sending alarm {1b48656a type 0 *walarm*:com.google.android.gms/.checkin.EventLogServiceReceiver}
06-30 07:01:05.103   890   890 V AlarmManager: done {6fc59d7, *walarm*:com.google.android.location.ALARM_WAKEUP_ACTIVITY_DETECTION} [38ms]
06-30 07:01:05.119   890   890 V AlarmManager: done {1b48656a, *walarm*:com.google.android.gms/.checkin.EventLogServiceReceiver} [53ms]
06-30 07:01:05.195   890   890 V AlarmManager: done {58eda49, *alarm*:android.intent.action.TIME_TICK} [129ms]
06-30 07:02:14.076   890  1272 V AlarmManager: sending alarm {58eda49 type 3 *alarm*:android.intent.action.TIME_TICK}
06-30 07:02:14.086   890  1272 V AlarmManager: sending alarm {3af71c type 2 *walarm*:com.google.android.gms.gcm.HEARTBEAT_ALARM}
06-30 07:02:14.098   890   890 V AlarmManager: done {3af71c, *walarm*:com.google.android.gms.gcm.HEARTBEAT_ALARM} [22ms]
06-30 07:02:14.208   890   890 V AlarmManager: done {58eda49, *alarm*:android.intent.action.TIME_TICK} [133ms]
06-30 07:04:35.644   890   941 I ActivityManager: Start proc 15930:com.google.android.apps.inbox/u0a100 for service com.google.android.apps.inbox/com.google.android.apps.bigtop.service.BigTopSyncService
06-30 07:04:36.039 15930 15971 W ResourcesManager: Asset path '/system/framework/com.android.media.remotedisplay.jar' does not exist or contains no resources.
06-30 07:04:36.039 15930 15971 W ResourcesManager: Asset path '/system/framework/com.android.location.provider.jar' does not exist or contains no resources.
06-30 07:04:36.210   890  2848 D ConnectivityService: listenForNetwork for NetworkRequest [ id=414, legacyType=-1, [ Capabilities: NOT_RESTRICTED&TRUSTED&NOT_VPN] ]
06-30 07:04:36.210   890  1288 D ConnectivityService: handleRegisterNetworkRequest checking NetworkAgentInfo [WIFI () - 110]
06-30 07:04:36.210   890  1288 D ConnectivityService: apparently satisfied.  currentScore=60
06-30 07:04:37.524   890   906 I ActivityManager: Start proc 16022:android.process.acore/u0a8 for content provider com.android.providers.contacts/.ContactsProvider2
06-30 07:04:37.733   890   941 I ActivityManager: Start proc 16052:com.google.android.apps.plus/u0a78 for service com.google.android.apps.plus/.service.EsSyncAdapterService
06-30 07:04:37.789 16052 16052 W ResourcesManager: Asset path '/system/framework/com.google.android.maps.jar' does not exist or contains no resources.
06-30 07:04:37.814   890  2575 I ActivityManager: Killing 15141:com.google.android.talk:matchstick/u0a67 (adj 15): empty #7
06-30 07:04:38.616   890  1644 W ActivityManager: getRunningAppProcesses: caller 10078 does not hold REAL_GET_TASKS; limiting output
06-30 07:04:38.823   890  1644 I ActivityManager: Killing 15221:com.google.android.apps.photos/u0a101 (adj 15): empty #7
06-30 07:04:38.916   890  3075 I ActivityManager: Killing 14861:com.google.android.talk/u0a67 (adj 15): empty #7
06-30 07:05:03.892   890  1272 V AlarmManager: sending alarm {58eda49 type 3 *alarm*:android.intent.action.TIME_TICK}
06-30 07:05:03.905   890  1272 V AlarmManager: sending alarm {6fc59d7 type 2 *walarm*:com.google.android.location.ALARM_WAKEUP_ACTIVITY_DETECTION}
06-30 07:05:03.936   890   890 V AlarmManager: done {6fc59d7, *walarm*:com.google.android.location.ALARM_WAKEUP_ACTIVITY_DETECTION} [44ms]
06-30 07:05:04.024   890   890 V AlarmManager: done {58eda49, *alarm*:android.intent.action.TIME_TICK} [133ms]
06-30 07:05:04.070   890  1268 D BatteryService: uevent={POWER_SUPPLY_TEMP=244, POWER_SUPPLY_STATUS=Discharging, POWER_SUPPLY_CAPACITY=92, ACTION=change, DEVPATH=/devices/qpnp-charger-e4a3ba00/power_supply/battery, POWER_SUPPLY_VOLTAGE_OCV=-22, POWER_SUPPLY_ONLINE=1, SUBSYSTEM=power_supply, POWER_SUPPLY_NUM_SYSTEM_TEMP_LEVELS=4, POWER_SUPPLY_INPUT_CURRENT_MAX=100000, POWER_SUPPLY_VOLTAGE_MAX_DESIGN=4350000, POWER_SUPPLY_CHARGE_FULL=2021000, POWER_SUPPLY_NAME=battery, POWER_SUPPLY_VOLTAGE_MIN_DESIGN=4300000, POWER_SUPPLY_VOLTAGE_MIN=4300000, POWER_SUPPLY_HEALTH=Good, POWER_SUPPLY_CYCLE_COUNT=1, POWER_SUPPLY_TECHNOLOGY=Li-ion, POWER_SUPPLY_CHARGE_TYPE=N/A, POWER_SUPPLY_PRESENT=1, POWER_SUPPLY_INPUT_CURRENT_SETTLED=0, POWER_SUPPLY_MODEL_NAME=UNKNOWN, POWER_SUPPLY_VOLTAGE_NOW=4192659, SEQNUM=73176, POWER_SUPPLY_TEMP_WARM=450, POWER_SUPPLY_TEMP_COOL=0, POWER_SUPPLY_CHARGE_FULL_DESIGN=2022000, POWER_SUPPLY_CURRENT_NOW=1095, POWER_SUPPLY_CHARGE_COUNTER=13, POWER_SUPPLY_SYSTEM_TEMP_LEVEL=0, POWER_SUPPLY_INPUT_CURRENT_TRIM=38, POWER_SUPPLY_VOLTAGE_EMPTY=3200000, POWER_SUPPLY_CHARGE_RATE=None, POWER_SUPPLY_INPUT_VOLTAGE_REGULATION=1, POWER_SUPPLY_CHARGING_ENABLED=1}
06-30 07:05:04.164   890  1268 D BatteryService: uevent={POWER_SUPPLY_TEMP=244, POWER_SUPPLY_STATUS=Discharging, POWER_SUPPLY_CAPACITY=91, ACTION=change, DEVPATH=/devices/qpnp-charger-e4a3ba00/power_supply/battery, POWER_SUPPLY_VOLTAGE_OCV=-22, POWER_SUPPLY_ONLINE=1, SUBSYSTEM=power_supply, POWER_SUPPLY_NUM_SYSTEM_TEMP_LEVELS=4, POWER_SUPPLY_INPUT_CURRENT_MAX=100000, POWER_SUPPLY_VOLTAGE_MAX_DESIGN=4350000, POWER_SUPPLY_CHARGE_FULL=2021000, POWER_SUPPLY_NAME=battery, POWER_SUPPLY_VOLTAGE_MIN_DESIGN=4300000, POWER_SUPPLY_VOLTAGE_MIN=4300000, POWER_SUPPLY_HEALTH=Good, POWER_SUPPLY_CYCLE_COUNT=1, POWER_SUPPLY_TECHNOLOGY=Li-ion, POWER_SUPPLY_CHARGE_TYPE=N/A, POWER_SUPPLY_PRESENT=1, POWER_SUPPLY_INPUT_CURRENT_SETTLED=0, POWER_SUPPLY_MODEL_NAME=UNKNOWN, POWER_SUPPLY_VOLTAGE_NOW=4190003, SEQNUM=73178, POWER_SUPPLY_TEMP_WARM=450, POWER_SUPPLY_TEMP_COOL=0, POWER_SUPPLY_CHARGE_FULL_DESIGN=2022000, POWER_SUPPLY_CURRENT_NOW=87294, POWER_SUPPLY_CHARGE_COUNTER=14, POWER_SUPPLY_SYSTEM_TEMP_LEVEL=0, POWER_SUPPLY_INPUT_CURRENT_TRIM=38, POWER_SUPPLY_VOLTAGE_EMPTY=3200000, POWER_SUPPLY_CHARGE_RATE=None, POWER_SUPPLY_INPUT_VOLTAGE_REGULATION=1, POWER_SUPPLY_CHARGING_ENABLED=1}
06-30 07:05:05.530   890  1272 V AlarmManager: sending alarm {3ea244d5 type 2 *walarm*:android.content.syncmanager.SYNC_ALARM}
06-30 07:05:05.533   890   890 V AlarmManager: done {3ea244d5, *walarm*:android.content.syncmanager.SYNC_ALARM} [3ms]
06-30 07:08:25.897   890  1272 V AlarmManager: sending alarm {58eda49 type 3 *alarm*:android.intent.action.TIME_TICK}
06-30 07:08:25.904   890  1272 V AlarmManager: sending alarm {3af71c type 2 *walarm*:com.google.android.gms.gcm.HEARTBEAT_ALARM}
06-30 07:08:25.911   890   890 V AlarmManager: done {3af71c, *walarm*:com.google.android.gms.gcm.HEARTBEAT_ALARM} [22ms]
06-30 07:08:26.031   890   890 V AlarmManager: done {58eda49, *alarm*:android.intent.action.TIME_TICK} [142ms]
