06-30 08:24:19.928   890  1272 V AlarmManager: sending alarm {3e25fc26 type 0 *walarm*:android.app.backup.intent.RUN}
06-30 08:24:19.929   890  1272 V AlarmManager: sending alarm {6fc59d7 type 2 *walarm*:com.google.android.location.ALARM_WAKEUP_ACTIVITY_DETECTION}
06-30 08:24:19.930   890   890 V BackupManagerService: Running a backup pass
06-30 08:24:19.932   890   890 V AlarmManager: done {3e25fc26, *walarm*:android.app.backup.intent.RUN} [12ms]
06-30 08:24:19.940   890  1302 V BackupManagerService: Backup requested but nothing pending
06-30 08:24:19.953   890   890 V AlarmManager: done {6fc59d7, *walarm*:com.google.android.location.ALARM_WAKEUP_ACTIVITY_DETECTION} [33ms]
06-30 08:24:19.959   890  1382 I ActivityManager: Killing 17701:android.process.media/u0a17 (adj 15): empty #7
06-30 08:24:20.058   890   890 V AlarmManager: done {58eda49, *alarm*:android.intent.action.TIME_TICK} [138ms]
06-30 08:24:23.470   890  1272 V AlarmManager: sending alarm {3ea244d5 type 2 *walarm*:android.content.syncmanager.SYNC_ALARM}
06-30 08:24:23.474   890   890 V AlarmManager: done {3ea244d5, *walarm*:android.content.syncmanager.SYNC_ALARM} [4ms]
06-30 08:24:29.110   890  1272 V AlarmManager: sending alarm {6fc59d7 type 2 *walarm*:com.google.android.location.ALARM_WAKEUP_ACTIVITY_DETECTION}
06-30 08:24:29.130   890   890 V AlarmManager: done {6fc59d7, *walarm*:com.google.android.location.ALARM_WAKEUP_ACTIVITY_DETECTION} [20ms]
06-30 08:24:37.559   890  1272 V AlarmManager: sending alarm {6fc59d7 type 2 *walarm*:com.google.android.location.ALARM_WAKEUP_ACTIVITY_DETECTION}
06-30 08:24:37.579   890   890 V AlarmManager: done {6fc59d7, *walarm*:com.google.android.location.ALARM_WAKEUP_ACTIVITY_DETECTION} [21ms]
06-30 08:24:38.346   890  2848 W Telecom : TelecomServiceImpl: null is not visible for the calling user
06-30 08:24:38.348   890  2904 W Telecom : TelecomServiceImpl: ComponentInfo{com.google.android.talk/com.google.android.apps.hangouts.telephony.TeleConnectionService}, [e44cca915afc0390d8a77c0ff4608152603e7fa3], UserHandle{0} is not visible for the calling user
06-30 08:24:38.361   890  3075 W Telecom : TelecomServiceImpl: null is not visible for the calling user
06-30 08:24:38.372   890   906 W Telecom : TelecomServiceImpl: ComponentInfo{com.google.android.talk/com.google.android.apps.hangouts.telephony.TeleConnectionService}, [e44cca915afc0390d8a77c0ff4608152603e7fa3], UserHandle{0} is not visible for the calling user
06-30 08:24:38.396   890   944 I ActivityManager: Start proc 18287:com.google.android.talk:matchstick/u0a67 for broadcast com.google.android.talk/com.google.android.libraries.matchstick.net.MatchstickInProcessReceiver
06-30 08:24:38.441 18287 18287 W ResourcesManager: Asset path '/system/framework/com.google.android.media.effects.jar' does not exist or contains no resources.
06-30 08:24:38.970   890  1382 W ActivityManager: getRunningAppProcesses: caller 10067 does not hold REAL_GET_TASKS; limiting output
06-30 08:24:39.047 18287 18313 W ResourcesManager: Asset path '/system/framework/com.android.media.remotedisplay.jar' does not exist or contains no resources.
06-30 08:24:39.048 18287 18313 W ResourcesManager: Asset path '/system/framework/com.android.location.provider.jar' does not exist or contains no resources.
06-30 08:24:39.163   890  1596 I ActivityManager: Killing 17682:com.google.android.apps.plus/u0a78 (adj 15): empty #7
06-30 08:27:43.926   890  1272 V AlarmManager: sending alarm {58eda49 type 3 *alarm*:android.intent.action.TIME_TICK}
06-30 08:27:43.933   890  1272 V AlarmManager: sending alarm {3af71c type 2 *walarm*:com.google.android.gms.gcm.HEARTBEAT_ALARM}
06-30 08:27:43.940   890   890 V AlarmManager: done {3af71c, *walarm*:com.google.android.gms.gcm.HEARTBEAT_ALARM} [14ms]
06-30 08:27:44.070   890   890 V AlarmManager: done {58eda49, *alarm*:android.intent.action.TIME_TICK} [144ms]
06-30 08:28:39.919   890  1272 V AlarmManager: sending alarm {58eda49 type 3 *alarm*:android.intent.action.TIME_TICK}
06-30 08:28:39.931   890  1272 V AlarmManager: sending alarm {6fc59d7 type 2 *walarm*:com.google.android.location.ALARM_WAKEUP_ACTIVITY_DETECTION}
06-30 08:28:39.960   890   890 V AlarmManager: done {6fc59d7, *walarm*:com.google.android.location.ALARM_WAKEUP_ACTIVITY_DETECTION} [42ms]
06-30 08:28:40.054   890   890 V AlarmManager: done {58eda49, *alarm*:android.intent.action.TIME_TICK} [136ms]
06-30 08:28:49.019   890  1272 V AlarmManager: sending alarm {6fc59d7 type 2 *walarm*:com.google.android.location.ALARM_WAKEUP_ACTIVITY_DETECTION}
06-30 08:28:49.041   890   890 V AlarmManager: done {6fc59d7, *walarm*:com.google.android.location.ALARM_WAKEUP_ACTIVITY_DETECTION} [23ms]
06-30 08:28:57.493   890  1272 V AlarmManager: sending alarm {6fc59d7 type 2 *walarm*:com.google.android.location.ALARM_WAKEUP_ACTIVITY_DETECTION}
06-30 08:28:57.513   890   890 V AlarmManager: done {6fc59d7, *walarm*:com.google.android.location.ALARM_WAKEUP_ACTIVITY_DETECTION} [21ms]
06-30 08:29:40.948   890  1268 D BatteryService: uevent={POWER_SUPPLY_TEMP=245, POWER_SUPPLY_STATUS=Discharging, POWER_SUPPLY_CAPACITY=91, ACTION=change, DEVPATH=/devices/qpnp-charger-e4a3ba00/power_supply/battery, POWER_SUPPLY_VOLTAGE_OCV=-22, POWER_SUPPLY_ONLINE=1, SUBSYSTEM=power_supply, POWER_SUPPLY_NUM_SYSTEM_TEMP_LEVELS=4, POWER_SUPPLY_INPUT_CURRENT_MAX=100000, POWER_SUPPLY_VOLTAGE_MAX_DESIGN=4350000, POWER_SUPPLY_CHARGE_FULL=2021000, POWER_SUPPLY_NAME=battery, POWER_SUPPLY_VOLTAGE_MIN_DESIGN=4300000, POWER_SUPPLY_VOLTAGE_MIN=4300000, POWER_SUPPLY_HEALTH=Good, POWER_SUPPLY_CYCLE_COUNT=1, POWER_SUPPLY_TECHNOLOGY=Li-ion, POWER_SUPPLY_CHARGE_TYPE=N/A, POWER_SUPPLY_PRESENT=1, POWER_SUPPLY_INPUT_CURRENT_SETTLED=0, POWER_SUPPLY_MODEL_NAME=UNKNOWN, POWER_SUPPLY_VOLTAGE_NOW=4186167, SEQNUM=73354, POWER_SUPPLY_TEMP_WARM=450, POWER_SUPPLY_TEMP_COOL=0, POWER_SUPPLY_CHARGE_FULL_DESIGN=2022000, POWER_SUPPLY_CURRENT_NOW=81380, POWER_SUPPLY_CHARGE_COUNTER=4, POWER_SUPPLY_SYSTEM_TEMP_LEVEL=0, POWER_SUPPLY_INPUT_CURRENT_TRIM=38, POWER_SUPPLY_VOLTAGE_EMPTY=3200000, POWER_SUPPLY_CHARGE_RATE=None, POWER_SUPPLY_INPUT_VOLTAGE_REGULATION=1, POWER_SUPPLY_CHARGING_ENABLED=1}
06-30 08:30:53.005   890  1272 V AlarmManager: sending alarm {58eda49 type 3 *alarm*:android.intent.action.TIME_TICK}
06-30 08:30:53.017   890  1272 V AlarmManager: sending alarm {3aacf746 type 2 *walarm*:CONTEXT_MANAGER_ALARM_WAKEUP_519167869}
06-30 08:30:53.018   890   890 V AlarmManager: done {3aacf746, *walarm*:CONTEXT_MANAGER_ALARM_WAKEUP_519167869} [13ms]
06-30 08:30:53.138   890   890 V AlarmManager: done {58eda49, *alarm*:android.intent.action.TIME_TICK} [133ms]
06-30 08:31:23.061   890  1272 V AlarmManager: sending alarm {58eda49 type 3 *alarm*:android.intent.action.TIME_TICK}
06-30 08:31:23.065   890  1272 V AlarmManager: sending alarm {3ea244d5 type 2 *walarm*:android.content.syncmanager.SYNC_ALARM}
06-30 08:31:23.073   890   890 V AlarmManager: done {3ea244d5, *walarm*:android.content.syncmanager.SYNC_ALARM} [12ms]
06-30 08:31:23.211   890   890 V AlarmManager: done {58eda49, *alarm*:android.intent.action.TIME_TICK} [150ms]
06-30 08:32:21.928   890  1272 V AlarmManager: sending alarm {58eda49 type 3 *alarm*:android.intent.action.TIME_TICK}
06-30 08:32:21.930   890  1272 V AlarmManager: sending alarm {3ea244d5 type 2 *walarm*:android.content.syncmanager.SYNC_ALARM}
06-30 08:32:21.935   890   890 V AlarmManager: done {3ea244d5, *walarm*:android.content.syncmanager.SYNC_ALARM} [16ms]
06-30 08:32:22.056   890   890 V AlarmManager: done {58eda49, *alarm*:android.intent.action.TIME_TICK} [137ms]
06-30 08:33:00.986   890  1272 V AlarmManager: sending alarm {58eda49 type 3 *alarm*:android.intent.action.TIME_TICK}
06-30 08:33:00.988   890  1272 V AlarmManager: sending alarm {302af22d type 2 *walarm*:android.net.ConnectivityService.action.PKT_CNT_SAMPLE_INTERVAL_ELAPSED}
06-30 08:33:00.989   890  1272 V AlarmManager: sending alarm {6fc59d7 type 2 *walarm*:com.google.android.location.ALARM_WAKEUP_ACTIVITY_DETECTION}
06-30 08:33:00.997   890   890 V AlarmManager: done {302af22d, *walarm*:android.net.ConnectivityService.action.PKT_CNT_SAMPLE_INTERVAL_ELAPSED} [12ms]
06-30 08:33:01.037   890   890 V AlarmManager: done {6fc59d7, *walarm*:com.google.android.location.ALARM_WAKEUP_ACTIVITY_DETECTION} [52ms]
06-30 08:33:01.122   890   890 V AlarmManager: done {58eda49, *alarm*:android.intent.action.TIME_TICK} [137ms]
06-30 08:33:10.035   890  1272 V AlarmManager: sending alarm {6fc59d7 type 2 *walarm*:com.google.android.location.ALARM_WAKEUP_ACTIVITY_DETECTION}
06-30 08:33:10.055   890   890 V AlarmManager: done {6fc59d7, *walarm*:com.google.android.location.ALARM_WAKEUP_ACTIVITY_DETECTION} [21ms]
06-30 08:33:18.489   890  1272 V AlarmManager: sending alarm {6fc59d7 type 2 *walarm*:com.google.android.location.ALARM_WAKEUP_ACTIVITY_DETECTION}
06-30 08:33:18.511   890   890 V AlarmManager: done {6fc59d7, *walarm*:com.google.android.location.ALARM_WAKEUP_ACTIVITY_DETECTION} [23ms]
06-30 08:33:20.649   890  1268 D BatteryService: uevent={POWER_SUPPLY_TEMP=245, POWER_SUPPLY_STATUS=Discharging, POWER_SUPPLY_CAPACITY=91, ACTION=change, DEVPATH=/devices/qpnp-charger-e4a3ba00/power_supply/battery, POWER_SUPPLY_VOLTAGE_OCV=-22, POWER_SUPPLY_ONLINE=1, SUBSYSTEM=power_supply, POWER_SUPPLY_NUM_SYSTEM_TEMP_LEVELS=4, POWER_SUPPLY_INPUT_CURRENT_MAX=100000, POWER_SUPPLY_VOLTAGE_MAX_DESIGN=4350000, POWER_SUPPLY_CHARGE_FULL=2021000, POWER_SUPPLY_NAME=battery, POWER_SUPPLY_VOLTAGE_MIN_DESIGN=4300000, POWER_SUPPLY_VOLTAGE_MIN=4300000, POWER_SUPPLY_HEALTH=Good, POWER_SUPPLY_CYCLE_COUNT=1, POWER_SUPPLY_TECHNOLOGY=Li-ion, POWER_SUPPLY_CHARGE_TYPE=N/A, POWER_SUPPLY_PRESENT=1, POWER_SUPPLY_INPUT_CURRENT_SETTLED=0, POWER_SUPPLY_MODEL_NAME=UNKNOWN, POWER_SUPPLY_VOLTAGE_NOW=4194959, SEQNUM=73368, POWER_SUPPLY_TEMP_WARM=450, POWER_SUPPLY_TEMP_COOL=0, POWER_SUPPLY_CHARGE_FULL_DESIGN=2022000, POWER_SUPPLY_CURRENT_NOW=31982, POWER_SUPPLY_CHARGE_COUNTER=423, POWER_SUPPLY_SYSTEM_TEMP_LEVEL=0, POWER_SUPPLY_INPUT_CURRENT_TRIM=38, POWER_SUPPLY_VOLTAGE_EMPTY=3200000, POWER_SUPPLY_CHARGE_RATE=None, POWER_SUPPLY_INPUT_VOLTAGE_REGULATION=1, POWER_SUPPLY_CHARGING_ENABLED=1}
06-30 08:33:26.938   890  1272 V AlarmManager: sending alarm {6fc59d7 type 2 *walarm*:com.google.android.location.ALARM_WAKEUP_ACTIVITY_DETECTION}
06-30 08:33:26.958   890   890 V AlarmManager: done {6fc59d7, *walarm*:com.google.android.location.ALARM_WAKEUP_ACTIVITY_DETECTION} [20ms]
06-30 08:34:23.924   890  1272 V AlarmManager: sending alarm {58eda49 type 3 *alarm*:android.intent.action.TIME_TICK}
06-30 08:34:23.935   890  1272 V AlarmManager: sending alarm {3af71c type 2 *walarm*:com.google.android.gms.gcm.HEARTBEAT_ALARM}
06-30 08:34:23.948   890   890 V AlarmManager: done {3af71c, *walarm*:com.google.android.gms.gcm.HEARTBEAT_ALARM} [24ms]
06-30 08:34:24.056   890   890 V AlarmManager: done {58eda49, *alarm*:android.intent.action.TIME_TICK} [132ms]
06-30 08:34:24.333   890  1281 D WifiP2pService: InactiveState{ when=-1ms what=143375 target=com.android.internal.util.StateMachine$SmHandler }
06-30 08:34:24.333   890  1281 D WifiP2pService: P2pEnabledState{ when=-1ms what=143375 target=com.android.internal.util.StateMachine$SmHandler }
06-30 08:34:24.384   890  1597 D ConnectivityService: reportBadNetwork(NetworkAgentInfo [WIFI () - 110]) by 10016
06-30 08:34:24.394   890  1288 D ConnectivityService: setProvNotificationVisibleIntent: E visible=false networkType=0 extraInfo=null
06-30 08:34:24.394   890  1288 D ConnectivityService: sendStickyBroadcast: action=android.net.conn.INET_CONDITION_ACTION
06-30 08:34:24.439   890   944 I ActivityManager: Start proc 18516:com.motorola.context/u0a3 for broadcast com.motorola.context/.publisher.location.LocationReceiver
06-30 08:34:24.443   890  1288 D ConnectivityService: NetworkAgentInfo [WIFI () - 110] EVENT_NETWORK_INFO_CHANGED, going from CONNECTED to DISCONNECTED
06-30 08:34:24.443   890  1288 D ConnectivityService: NetworkAgentInfo [WIFI () - 110] got DISCONNECTED, was satisfying 4
06-30 08:34:24.482 18516 18516 W ResourcesManager: Asset path '/system/framework/com.motorola.motosignature.jar' does not exist or contains no resources.
06-30 08:34:24.501   890  1281 D WifiP2pService: InactiveState{ when=0 what=143376 obj=IN target=com.android.internal.util.StateMachine$SmHandler }
06-30 08:34:24.501   890  1281 D WifiP2pService: P2pEnabledState{ when=-1ms what=143376 obj=IN target=com.android.internal.util.StateMachine$SmHandler }
06-30 08:34:24.544   890  1288 D ConnectivityService: notifyType LOST for NetworkAgentInfo [WIFI () - 110]
06-30 08:34:24.548   890  1288 D CSLegacyTypeTracker: Sending disconnected broadcast for type 1 NetworkAgentInfo [WIFI () - 110] isDefaultNetwork=true
06-30 08:34:24.548   890  1288 D ConnectivityService: sendStickyBroadcast: action=android.net.conn.CONNECTIVITY_CHANGE_IMMEDIATE
06-30 08:34:24.548   890  1288 D ConnectivityService: sendStickyBroadcast: action=android.net.conn.CONNECTIVITY_CHANGE
06-30 08:34:24.549   890  1288 D ConnectivityService: sendStickyBroadcast: action=android.net.conn.CONNECTIVITY_CHANGE_IMMEDIATE
06-30 08:34:24.555   890  1288 D ConnectivityService: sendStickyBroadcast: action=android.net.conn.CONNECTIVITY_CHANGE
06-30 08:34:24.571   890  1288 D ConnectivityService: Checking for replacement network to handle request NetworkRequest [ id=1, legacyType=-1, [ Capabilities: INTERNET&NOT_RESTRICTED&TRUSTED&NOT_VPN] ]
06-30 08:34:24.655  1569  1569 W ContextImpl: Calling a method in the system process without a qualified user: android.app.ContextImpl.sendBroadcast:1480 android.content.ContextWrapper.sendBroadcast:382 com.motorola.blur.service.blur.BSUtils.sendBroadcast:132 com.motorola.blur.service.blur.BSUtils.sendBroadcast:128 com.motorola.ccc.plm.pollingmanager.PollingManagerService$MyConnectivityReceiver.onReceive:490 
06-30 08:34:24.684   890  1769 I ActivityManager: Start proc 18541:android.process.media/u0a17 for broadcast com.android.providers.downloads/.DownloadReceiver
06-30 08:34:24.716   890  2904 I ActivityManager: Killing 18287:com.google.android.talk:matchstick/u0a67 (adj 15): empty #7
06-30 08:34:24.776 18541 18541 W ResourcesManager: Asset path '/system/framework/com.motorola.android.encryption.jar' does not exist or contains no resources.
06-30 08:34:24.816   890  1268 D BatteryService: uevent={POWER_SUPPLY_TEMP=248, POWER_SUPPLY_STATUS=Discharging, POWER_SUPPLY_CAPACITY=91, ACTION=change, DEVPATH=/devices/qpnp-charger-e4a3ba00/power_supply/battery, POWER_SUPPLY_VOLTAGE_OCV=-22, POWER_SUPPLY_ONLINE=1, SUBSYSTEM=power_supply, POWER_SUPPLY_NUM_SYSTEM_TEMP_LEVELS=4, POWER_SUPPLY_INPUT_CURRENT_MAX=100000, POWER_SUPPLY_VOLTAGE_MAX_DESIGN=4350000, POWER_SUPPLY_CHARGE_FULL=2021000, POWER_SUPPLY_NAME=battery, POWER_SUPPLY_VOLTAGE_MIN_DESIGN=4300000, POWER_SUPPLY_VOLTAGE_MIN=4300000, POWER_SUPPLY_HEALTH=Good, POWER_SUPPLY_CYCLE_COUNT=1, POWER_SUPPLY_TECHNOLOGY=Li-ion, POWER_SUPPLY_CHARGE_TYPE=N/A, POWER_SUPPLY_PRESENT=1, POWER_SUPPLY_INPUT_CURRENT_SETTLED=0, POWER_SUPPLY_MODEL_NAME=UNKNOWN, POWER_SUPPLY_VOLTAGE_NOW=4110925, SEQNUM=73375, POWER_SUPPLY_TEMP_WARM=450, POWER_SUPPLY_TEMP_COOL=0, POWER_SUPPLY_CHARGE_FULL_DESIGN=2022000, POWER_SUPPLY_CURRENT_NOW=225739, POWER_SUPPLY_CHARGE_COUNTER=40, POWER_SUPPLY_SYSTEM_TEMP_LEVEL=0, POWER_SUPPLY_INPUT_CURRENT_TRIM=38, POWER_SUPPLY_VOLTAGE_EMPTY=3200000, POWER_SUPPLY_CHARGE_RATE=None, POWER_SUPPLY_INPUT_VOLTAGE_REGULATION=1, POWER_SUPPLY_CHARGING_ENABLED=1}
06-30 08:34:24.847 18541 18541 I openssl : Crypto mode not selected, openssl will run on its regular mode.
06-30 08:34:24.847 18541 18541 I openssl : Crypto mode 0 already enabled
06-30 08:34:24.884   890  1293 I ActivityManager: Start proc 18562:com.android.mms/u0a19 for broadcast com.android.mms/.transaction.MmsSystemEventReceiver
06-30 08:34:24.888   890  2575 I ActivityManager: Killing 15930:com.google.android.apps.inbox/u0a100 (adj 15): empty #7
06-30 08:34:24.914   890   906 D ConnectivityService: ConnectivityService NetworkRequestInfo binderDied(NetworkRequest [ id=414, legacyType=-1, [ Capabilities: NOT_RESTRICTED&TRUSTED&NOT_VPN] ], android.os.BinderProxy@137ed88c)
06-30 08:34:24.914   890  1288 D ConnectivityService: releasing NetworkRequest NetworkRequest [ id=414, legacyType=-1, [ Capabilities: NOT_RESTRICTED&TRUSTED&NOT_VPN] ]
06-30 08:34:24.915   890  1288 E ConnectivityService: RemoteException caught trying to send a callback msg for NetworkRequest [ id=414, legacyType=-1, [ Capabilities: NOT_RESTRICTED&TRUSTED&NOT_VPN] ]
06-30 08:34:25.233   890  2904 I ActivityManager: Killing 16022:android.process.acore/u0a8 (adj 15): empty #7
06-30 08:34:25.304   890  1453 I ActivityManager: Start proc 18597:com.google.android.apps.magazines/u0a77 for broadcast com.google.android.apps.magazines/com.google.apps.dots.android.newsstand.appwidget.NewsWidgetProvider
06-30 08:34:25.419   890   907 I ActivityManager: Start proc 18614:android.process.acore/u0a8 for content provider com.android.providers.contacts/.ContactsProvider2
06-30 08:34:25.455   890  1769 I ActivityManager: Killing 14546:com.google.android.gm/u0a56 (adj 15): empty #7
06-30 08:34:25.692   890  2848 W ActivityManager: getRunningAppProcesses: caller 10077 does not hold REAL_GET_TASKS; limiting output
06-30 08:34:25.851   890  2668 W ActivityManager: getRunningAppProcesses: caller 10077 does not hold REAL_GET_TASKS; limiting output
06-30 08:34:26.126   890  2668 W ActivityManager: getRunningAppProcesses: caller 10077 does not hold REAL_GET_TASKS; limiting output
06-30 08:34:26.128   890   906 W ActivityManager: getRunningAppProcesses: caller 10077 does not hold REAL_GET_TASKS; limiting output
06-30 08:34:26.208   890  3075 I ActivityManager: Start proc 18665:com.google.android.apps.plus/u0a78 for broadcast com.google.android.apps.plus/com.google.android.libraries.social.autobackup.AutoBackupEnvironment$ConnectivityReceiver
06-30 08:34:26.210   890  3075 I ActivityManager: Killing 18127:com.google.android.talk/u0a67 (adj 15): empty #7
06-30 08:34:26.269 18665 18665 W ResourcesManager: Asset path '/system/framework/com.google.android.maps.jar' does not exist or contains no resources.
06-30 08:34:27.097   890  2575 W ActivityManager: getRunningAppProcesses: caller 10078 does not hold REAL_GET_TASKS; limiting output
06-30 08:34:27.163   890  1505 I ActivityManager: Killing 18516:com.motorola.context/u0a3 (adj 15): empty #7
06-30 08:34:27.263   890  1505 I ActivityManager: Start proc 18710:com.google.android.apps.photos/u0a101 for broadcast com.google.android.apps.photos/.actionqueue.SystemReceiver
06-30 08:34:27.738   890  1272 V AlarmManager: sending alarm {add40 type 2 *walarm*:com.google.android.intent.action.GCM_RECONNECT}
06-30 08:34:27.867   890  1597 I ActivityManager: Killing 18597:com.google.android.apps.magazines/u0a77 (adj 15): empty #7
06-30 08:34:27.972   890  1597 I ActivityManager: Start proc 18729:com.google.android.apps.magazines/u0a77 for broadcast com.google.android.apps.magazines/com.google.apps.dots.android.newsstand.appwidget.NewsWidgetProvider
06-30 08:34:28.049   890  1505 W ActivityManager: getRunningAppProcesses: caller 10077 does not hold REAL_GET_TASKS; limiting output
06-30 08:34:28.109   890  1769 W ActivityManager: getRunningAppProcesses: caller 10077 does not hold REAL_GET_TASKS; limiting output
06-30 08:34:28.292   890   907 W ActivityManager: getRunningAppProcesses: caller 10077 does not hold REAL_GET_TASKS; limiting output
06-30 08:34:28.295   890  1769 W ActivityManager: getRunningAppProcesses: caller 10077 does not hold REAL_GET_TASKS; limiting output
06-30 08:34:28.302   890  1453 I ActivityManager: Killing 18614:android.process.acore/u0a8 (adj 15): empty #7
06-30 08:34:28.426   890   890 V AlarmManager: done {add40, *walarm*:com.google.android.intent.action.GCM_RECONNECT} [688ms]
06-30 08:34:28.490   890  1453 I ActivityManager: Start proc 18796:com.google.android.talk/u0a67 for broadcast com.google.android.talk/com.google.android.apps.hangouts.service.GcmStateReceiver
06-30 08:34:28.560 18796 18796 W ResourcesManager: Asset path '/system/framework/com.google.android.media.effects.jar' does not exist or contains no resources.
06-30 08:34:29.085   890  2668 W ActivityManager: getRunningAppProcesses: caller 10067 does not hold REAL_GET_TASKS; limiting output
06-30 08:34:29.290 18796 18796 W ResourcesManager: Asset path '/system/framework/com.android.media.remotedisplay.jar' does not exist or contains no resources.
06-30 08:34:29.290 18796 18796 W ResourcesManager: Asset path '/system/framework/com.android.location.provider.jar' does not exist or contains no resources.
06-30 08:34:34.445   890  1453 I ActivityManager: Killing 18541:android.process.media/u0a17 (adj 15): empty #7
06-30 08:34:35.123   890  1272 V AlarmManager: sending alarm {add40 type 2 *walarm*:com.google.android.intent.action.GCM_RECONNECT}
06-30 08:34:35.129   890   890 V AlarmManager: done {add40, *walarm*:com.google.android.intent.action.GCM_RECONNECT} [6ms]
06-30 08:34:44.169   890  1505 W Telecom : TelecomServiceImpl: null is not visible for the calling user
06-30 08:34:44.171   890   906 W Telecom : TelecomServiceImpl: ComponentInfo{com.google.android.talk/com.google.android.apps.hangouts.telephony.TeleConnectionService}, [e44cca915afc0390d8a77c0ff4608152603e7fa3], UserHandle{0} is not visible for the calling user
06-30 08:34:44.189   890  1382 W Telecom : TelecomServiceImpl: null is not visible for the calling user
06-30 08:34:44.190   890  1453 W Telecom : TelecomServiceImpl: ComponentInfo{com.google.android.talk/com.google.android.apps.hangouts.telephony.TeleConnectionService}, [e44cca915afc0390d8a77c0ff4608152603e7fa3], UserHandle{0} is not visible for the calling user
06-30 08:34:44.196   890   944 I ActivityManager: Start proc 18864:com.google.android.talk:matchstick/u0a67 for broadcast com.google.android.talk/com.google.android.libraries.matchstick.net.MatchstickInProcessReceiver
06-30 08:34:44.290 18864 18864 W ResourcesManager: Asset path '/system/framework/com.google.android.media.effects.jar' does not exist or contains no resources.
06-30 08:34:44.812   890  1293 W ActivityManager: getRunningAppProcesses: caller 10067 does not hold REAL_GET_TASKS; limiting output
06-30 08:34:44.885 18864 18898 W ResourcesManager: Asset path '/system/framework/com.android.media.remotedisplay.jar' does not exist or contains no resources.
06-30 08:34:44.885 18864 18898 W ResourcesManager: Asset path '/system/framework/com.android.location.provider.jar' does not exist or contains no resources.
06-30 08:34:44.994   890  2904 I ActivityManager: Killing 18562:com.android.mms/u0a19 (adj 15): empty #7
06-30 08:34:48.518   890  1272 V AlarmManager: sending alarm {add40 type 2 *walarm*:com.google.android.intent.action.GCM_RECONNECT}
06-30 08:34:48.523   890   890 V AlarmManager: done {add40, *walarm*:com.google.android.intent.action.GCM_RECONNECT} [6ms]
06-30 08:35:15.292   890  1272 V AlarmManager: sending alarm {58eda49 type 3 *alarm*:android.intent.action.TIME_TICK}
06-30 08:35:15.307   890  1272 V AlarmManager: sending alarm {add40 type 2 *walarm*:com.google.android.intent.action.GCM_RECONNECT}
06-30 08:35:15.310   890   890 V AlarmManager: done {add40, *walarm*:com.google.android.intent.action.GCM_RECONNECT} [18ms]
06-30 08:35:15.427   890   890 V AlarmManager: done {58eda49, *alarm*:android.intent.action.TIME_TICK} [135ms]
06-30 08:35:24.640   890  1288 D ConnectivityService: Failed to find a new network - expiring NetTransition Wakelock
06-30 08:36:08.928   890  1272 V AlarmManager: sending alarm {58eda49 type 3 *alarm*:android.intent.action.TIME_TICK}
06-30 08:36:08.940   890  1272 V AlarmManager: sending alarm {add40 type 2 *walarm*:com.google.android.intent.action.GCM_RECONNECT}
06-30 08:36:08.941   890   890 V AlarmManager: done {add40, *walarm*:com.google.android.intent.action.GCM_RECONNECT} [13ms]
06-30 08:36:09.062   890   890 V AlarmManager: done {58eda49, *alarm*:android.intent.action.TIME_TICK} [135ms]
06-30 08:37:25.721   890  1272 V AlarmManager: sending alarm {58eda49 type 3 *alarm*:android.intent.action.TIME_TICK}
06-30 08:37:25.728   890  1272 V AlarmManager: sending alarm {1b48656a type 0 *walarm*:com.google.android.gms/.checkin.EventLogServiceReceiver}
06-30 08:37:25.731   890  1272 V AlarmManager: sending alarm {6fc59d7 type 2 *walarm*:com.google.android.location.ALARM_WAKEUP_ACTIVITY_DETECTION}
06-30 08:37:25.740   890   890 V AlarmManager: done {1b48656a, *walarm*:com.google.android.gms/.checkin.EventLogServiceReceiver} [20ms]
06-30 08:37:25.924   890   890 V AlarmManager: done {6fc59d7, *walarm*:com.google.android.location.ALARM_WAKEUP_ACTIVITY_DETECTION} [204ms]
06-30 08:37:25.992   890   890 V AlarmManager: done {58eda49, *alarm*:android.intent.action.TIME_TICK} [272ms]
06-30 08:37:34.358   890  1272 V AlarmManager: sending alarm {6fc59d7 type 2 *walarm*:com.google.android.location.ALARM_WAKEUP_ACTIVITY_DETECTION}
06-30 08:37:34.378   890   890 V AlarmManager: done {6fc59d7, *walarm*:com.google.android.location.ALARM_WAKEUP_ACTIVITY_DETECTION} [20ms]
06-30 08:37:42.928   890  1272 V AlarmManager: sending alarm {6fc59d7 type 2 *walarm*:com.google.android.location.ALARM_WAKEUP_ACTIVITY_DETECTION}
06-30 08:37:42.960   890   890 V AlarmManager: done {6fc59d7, *walarm*:com.google.android.location.ALARM_WAKEUP_ACTIVITY_DETECTION} [33ms]
06-30 08:37:46.597   890   906 D WifiService: acquireWifiLockLocked: WifiLock{NlpWifiLock type=2 binder=android.os.BinderProxy@2d2c09e3}
06-30 08:37:46.640   890  2668 D WifiService: releaseWifiLockLocked: WifiLock{NlpWifiLock type=2 binder=android.os.BinderProxy@2d2c09e3}
06-30 08:37:55.993   890  1272 V AlarmManager: sending alarm {add40 type 2 *walarm*:com.google.android.intent.action.GCM_RECONNECT}
06-30 08:37:55.997   890   890 V AlarmManager: done {add40, *walarm*:com.google.android.intent.action.GCM_RECONNECT} [5ms]
06-30 08:41:30.088   890  1272 V AlarmManager: sending alarm {58eda49 type 3 *alarm*:android.intent.action.TIME_TICK}
06-30 08:41:30.094   890  1272 V AlarmManager: sending alarm {add40 type 2 *walarm*:com.google.android.intent.action.GCM_RECONNECT}
06-30 08:41:30.095   890   890 V AlarmManager: done {add40, *walarm*:com.google.android.intent.action.GCM_RECONNECT} [12ms]
06-30 08:41:30.220   890   890 V AlarmManager: done {58eda49, *alarm*:android.intent.action.TIME_TICK} [137ms]
06-30 08:41:41.923   890  1272 V AlarmManager: sending alarm {6fc59d7 type 2 *walarm*:com.google.android.location.ALARM_WAKEUP_ACTIVITY_DETECTION}
06-30 08:41:41.955   890   890 V AlarmManager: done {6fc59d7, *walarm*:com.google.android.location.ALARM_WAKEUP_ACTIVITY_DETECTION} [33ms]
06-30 08:41:50.384   890  1272 V AlarmManager: sending alarm {6fc59d7 type 2 *walarm*:com.google.android.location.ALARM_WAKEUP_ACTIVITY_DETECTION}
06-30 08:41:50.405   890   890 V AlarmManager: done {6fc59d7, *walarm*:com.google.android.location.ALARM_WAKEUP_ACTIVITY_DETECTION} [22ms]
06-30 08:41:58.929   890  1272 V AlarmManager: sending alarm {6fc59d7 type 2 *walarm*:com.google.android.location.ALARM_WAKEUP_ACTIVITY_DETECTION}
06-30 08:41:58.963   890   890 V AlarmManager: done {6fc59d7, *walarm*:com.google.android.location.ALARM_WAKEUP_ACTIVITY_DETECTION} [34ms]
06-30 08:43:16.923   890  1272 V AlarmManager: sending alarm {58eda49 type 3 *alarm*:android.intent.action.TIME_TICK}
06-30 08:43:16.935   890  1272 V AlarmManager: sending alarm {36355bce type 2 *walarm*:com.google.android.location.ALARM_WAKEUP_BURST_COLLECTION_TRIGGER}
06-30 08:43:16.947   890   890 V AlarmManager: done {36355bce, *walarm*:com.google.android.location.ALARM_WAKEUP_BURST_COLLECTION_TRIGGER} [25ms]
06-30 08:43:16.950   890  1596 D WifiService: acquireWifiLockLocked: WifiLock{NlpWifiLock type=2 binder=android.os.BinderProxy@2f558fe0}
--------- beginning of main
06-30 08:43:16.967   890   941 D GpsLocationProvider: Enter getSuplMode
06-30 08:43:16.968   890   941 D GpsLocationProvider: suplMode=1
06-30 08:43:17.001   890  1528 D Wiper_jni: wifiRequestEventCb invoked
06-30 08:43:17.001   890  1528 D Wiper_jni: wifiRequestEventCb invoked
06-30 08:43:17.001   890  3333 D LBSSystemMonitorService: handleMessage what - 2
06-30 08:43:17.011   890  2575 D WifiService: acquireWifiLockLocked: WifiLock{NlpWifiLock type=2 binder=android.os.BinderProxy@348b613f}
06-30 08:43:17.024   890  1284 E WifiStateMachine: [1,467,256,397,024 ms] noteScanStartWorkSource{1000} uid 10016
06-30 08:43:17.025   890  1284 E WifiStateMachine: SUPPLICANT_STATE_CHANGE_EVENT state=SCANNING -> state= SCANNING debouncing=false
06-30 08:43:17.025   890  1284 E WifiStateMachine: setDetailed state, old =DISCONNECTED and new state=SCANNING hidden=false
06-30 08:43:17.039  1335  1335 I MotoNetwCtrlr: onReceive: Received intent=Intent { act=android.net.wifi.STATE_CHANGE flg=0x4000010 (has extras) } Action=android.net.wifi.STATE_CHANGE
06-30 08:43:17.039  1335  1335 I MotoNetwCtrlr.MotoWifiSignalCtrlr: handleBroadcast: Entered: Intent=Intent { act=android.net.wifi.STATE_CHANGE flg=0x4000010 (has extras) } Action=android.net.wifi.STATE_CHANGE
06-30 08:43:17.039  1335  1335 I MotoNetwCtrlr.MotorolaWifiSignalController: isDirty: returns false
06-30 08:43:17.039  1335  1335 I MotoNetwCtrlr.MotoWifiSignalCtrlr: handleBroadcast: Completed
06-30 08:43:17.039  1335  1335 I MotoNetwCtrlr: onReceive: Completed intent=Intent { act=android.net.wifi.STATE_CHANGE flg=0x4000010 (has extras) } Action=android.net.wifi.STATE_CHANGE
06-30 08:43:17.062   890   944 I ActivityManager: Start proc 19061:com.motorola.context/u0a3 for broadcast com.motorola.context/.publisher.location.LocationReceiver
06-30 08:43:17.073   890   890 V AlarmManager: done {58eda49, *alarm*:android.intent.action.TIME_TICK} [150ms]
06-30 08:43:17.108 19061 19061 W ResourcesManager: Asset path '/system/framework/com.motorola.motosignature.jar' does not exist or contains no resources.
06-30 08:43:17.140   890  2904 I ActivityManager: Killing 18729:com.google.android.apps.magazines/u0a77 (adj 15): empty #7
06-30 08:43:17.649   515   556 D TCMD    : NL - Read 56 bytes from update socket.
06-30 08:43:17.649   515   556 D TCMD    : NL - message type is RTM_NEWLINK
06-30 08:43:17.649   515   556 D TCMD    : Listening for incoming client connection request
06-30 08:43:17.720   890  1284 E WifiStateMachine: [1,467,256,397,720 ms] noteScanEnd WorkSource{1000} onTime=0
06-30 08:43:17.724   890  1284 E WifiStateMachine: wifi setScanResults statecom.android.server.wifi.WifiStateMachine$DisconnectedState@ff2f2ff sup_state=SCANNING debouncing=false mConnectionRequests=1 selection=<none>
06-30 08:43:17.760   890   907 D WifiService: releaseWifiLockLocked: WifiLock{NlpWifiLock type=2 binder=android.os.BinderProxy@348b613f}
06-30 08:43:37.014   890  1272 V AlarmManager: sending alarm {14d0f625 type 2 *walarm*:com.google.android.location.ALARM_WAKEUP_LOCATOR}
06-30 08:43:37.019   890  2668 D WifiService: acquireWifiLockLocked: WifiLock{NlpWifiLock type=2 binder=android.os.BinderProxy@348b613f}
06-30 08:43:37.026   890   890 V AlarmManager: done {14d0f625, *walarm*:com.google.android.location.ALARM_WAKEUP_LOCATOR} [13ms]
06-30 08:43:37.032   890  1284 E WifiStateMachine: [1,467,256,417,032 ms] noteScanStartWorkSource{1000} uid 10016
06-30 08:43:37.034   890  1284 E WifiStateMachine: SUPPLICANT_STATE_CHANGE_EVENT state=DISCONNECTED -> state= DISCONNECTED debouncing=false
06-30 08:43:37.034   890  1284 E WifiStateMachine: setDetailed state, old =SCANNING and new state=DISCONNECTED hidden=false
06-30 08:43:37.034   890  1284 E WifiStateMachine: setDetailed state send new extra info0x
06-30 08:43:37.044  1335  1335 I MotoNetwCtrlr: onReceive: Received intent=Intent { act=android.net.wifi.STATE_CHANGE flg=0x4000010 (has extras) } Action=android.net.wifi.STATE_CHANGE
06-30 08:43:37.044  1335  1335 I MotoNetwCtrlr.MotoWifiSignalCtrlr: handleBroadcast: Entered: Intent=Intent { act=android.net.wifi.STATE_CHANGE flg=0x4000010 (has extras) } Action=android.net.wifi.STATE_CHANGE
06-30 08:43:37.044  1335  1335 I MotoNetwCtrlr.MotorolaWifiSignalController: isDirty: returns false
06-30 08:43:37.044  1335  1335 I MotoNetwCtrlr.MotoWifiSignalCtrlr: handleBroadcast: Completed
06-30 08:43:37.044  1335  1335 I MotoNetwCtrlr: onReceive: Completed intent=Intent { act=android.net.wifi.STATE_CHANGE flg=0x4000010 (has extras) } Action=android.net.wifi.STATE_CHANGE
06-30 08:43:37.044  1335  1335 I MotoNetwCtrlr: onReceive: Received intent=Intent { act=android.net.wifi.STATE_CHANGE flg=0x4000010 (has extras) } Action=android.net.wifi.STATE_CHANGE
06-30 08:43:37.044  1335  1335 I MotoNetwCtrlr.MotoWifiSignalCtrlr: handleBroadcast: Entered: Intent=Intent { act=android.net.wifi.STATE_CHANGE flg=0x4000010 (has extras) } Action=android.net.wifi.STATE_CHANGE
06-30 08:43:37.044  1335  1335 I MotoNetwCtrlr.MotorolaWifiSignalController: isDirty: returns false
06-30 08:43:37.044  1335  1335 I MotoNetwCtrlr.MotoWifiSignalCtrlr: handleBroadcast: Completed
06-30 08:43:37.044  1335  1335 I MotoNetwCtrlr: onReceive: Completed intent=Intent { act=android.net.wifi.STATE_CHANGE flg=0x4000010 (has extras) } Action=android.net.wifi.STATE_CHANGE
06-30 08:43:37.052   890  1284 E WifiStateMachine: SUPPLICANT_STATE_CHANGE_EVENT state=SCANNING -> state= SCANNING debouncing=false
06-30 08:43:37.052   890  1284 E WifiStateMachine: setDetailed state, old =DISCONNECTED and new state=SCANNING hidden=false
06-30 08:43:37.058  1335  1335 I MotoNetwCtrlr: onReceive: Received intent=Intent { act=android.net.wifi.STATE_CHANGE flg=0x4000010 (has extras) } Action=android.net.wifi.STATE_CHANGE
06-30 08:43:37.059  1335  1335 I MotoNetwCtrlr.MotoWifiSignalCtrlr: handleBroadcast: Entered: Intent=Intent { act=android.net.wifi.STATE_CHANGE flg=0x4000010 (has extras) } Action=android.net.wifi.STATE_CHANGE
06-30 08:43:37.059  1335  1335 I MotoNetwCtrlr.MotorolaWifiSignalController: isDirty: returns false
06-30 08:43:37.059  1335  1335 I MotoNetwCtrlr.MotoWifiSignalCtrlr: handleBroadcast: Completed
06-30 08:43:37.059  1335  1335 I MotoNetwCtrlr: onReceive: Completed intent=Intent { act=android.net.wifi.STATE_CHANGE flg=0x4000010 (has extras) } Action=android.net.wifi.STATE_CHANGE
06-30 08:43:37.679   515   556 D TCMD    : NL - Read 56 bytes from update socket.
06-30 08:43:37.679   515   556 D TCMD    : NL - message type is RTM_NEWLINK
06-30 08:43:37.679   515   556 D TCMD    : Listening for incoming client connection request
06-30 08:43:37.749   890  1284 E WifiStateMachine: [1,467,256,417,749 ms] noteScanEnd WorkSource{1000} onTime=0
06-30 08:43:37.756   890  1284 E WifiStateMachine: wifi setScanResults statecom.android.server.wifi.WifiStateMachine$DisconnectedState@ff2f2ff sup_state=SCANNING debouncing=false mConnectionRequests=1 selection=<none>
06-30 08:43:37.786   890   907 D WifiService: releaseWifiLockLocked: WifiLock{NlpWifiLock type=2 binder=android.os.BinderProxy@348b613f}
06-30 08:43:37.802 24714 19006 V NativeCrypto: SSL shutdown failed: ssl=0xb7dcb850: I/O error during system call, Connection timed out
06-30 08:43:37.806 24714 19125 W System.err: java.net.UnknownHostException: Unable to resolve host "www.google.com": No address associated with hostname
06-30 08:43:37.807 24714 19125 W System.err: 	at java.net.InetAddress.lookupHostByName(InetAddress.java:457)
06-30 08:43:37.807 24714 19125 W System.err: 	at java.net.InetAddress.getAllByNameImpl(InetAddress.java:252)
06-30 08:43:37.807 24714 19125 W System.err: 	at java.net.InetAddress.getAllByName(InetAddress.java:215)
06-30 08:43:37.807 24714 19125 W System.err: 	at com.android.okhttp.HostResolver$1.getAllByName(HostResolver.java:29)
06-30 08:43:37.807 24714 19125 W System.err: 	at com.android.okhttp.internal.http.RouteSelector.resetNextInetSocketAddress(RouteSelector.java:232)
06-30 08:43:37.807 24714 19125 W System.err: 	at com.android.okhttp.internal.http.RouteSelector.next(RouteSelector.java:124)
06-30 08:43:37.807 24714 19125 W System.err: 	at com.android.okhttp.internal.http.HttpEngine.connect(HttpEngine.java:272)
06-30 08:43:37.807 24714 19125 W System.err: 	at com.android.okhttp.internal.http.HttpEngine.sendRequest(HttpEngine.java:211)
06-30 08:43:37.807 24714 19125 W System.err: 	at com.android.okhttp.internal.http.HttpURLConnectionImpl.execute(HttpURLConnectionImpl.java:382)
06-30 08:43:37.807 24714 19125 W System.err: 	at com.android.okhttp.internal.http.HttpURLConnectionImpl.connect(HttpURLConnectionImpl.java:106)
06-30 08:43:37.807 24714 19125 W System.err: 	at com.android.okhttp.internal.http.HttpURLConnectionImpl.getOutputStream(HttpURLConnectionImpl.java:217)
06-30 08:43:37.807 24714 19125 W System.err: 	at com.android.okhttp.internal.http.DelegatingHttpsURLConnection.getOutputStream(DelegatingHttpsURLConnection.java:218)
06-30 08:43:37.807 24714 19125 W System.err: 	at com.android.okhttp.internal.http.HttpsURLConnectionImpl.getOutputStream(HttpsURLConnectionImpl.java:25)
06-30 08:43:37.807 24714 19125 W System.err: 	at ajgv.a(:com.google.android.gms:89)
06-30 08:43:37.807 24714 19125 W System.err: 	at alaw.run(:com.google.android.gms:289)
06-30 08:43:37.807 24714 19125 W System.err: 	at java.util.concurrent.ThreadPoolExecutor.runWorker(ThreadPoolExecutor.java:1112)
06-30 08:43:37.807 24714 19125 W System.err: 	at java.util.concurrent.ThreadPoolExecutor$Worker.run(ThreadPoolExecutor.java:587)
06-30 08:43:37.807 24714 19125 W System.err: 	at java.lang.Thread.run(Thread.java:818)
06-30 08:43:37.807 24714 19125 W System.err: Caused by: android.system.GaiException: android_getaddrinfo failed: EAI_NODATA (No address associated with hostname)
06-30 08:43:37.808 24714 19125 W System.err: 	at libcore.io.Posix.android_getaddrinfo(Native Method)
06-30 08:43:37.808 24714 19125 W System.err: 	at libcore.io.ForwardingOs.android_getaddrinfo(ForwardingOs.java:55)
06-30 08:43:37.808 24714 19125 W System.err: 	at java.net.InetAddress.lookupHostByName(InetAddress.java:438)
06-30 08:43:37.808 24714 19125 W System.err: 	... 17 more
06-30 08:43:57.019   890  1272 V AlarmManager: sending alarm {14d0f625 type 2 *walarm*:com.google.android.location.ALARM_WAKEUP_LOCATOR}
06-30 08:43:57.025   890  1644 D WifiService: acquireWifiLockLocked: WifiLock{NlpWifiLock type=2 binder=android.os.BinderProxy@348b613f}
06-30 08:43:57.032   890   890 V AlarmManager: done {14d0f625, *walarm*:com.google.android.location.ALARM_WAKEUP_LOCATOR} [13ms]
06-30 08:43:57.037   890  1284 E WifiStateMachine: [1,467,256,437,037 ms] noteScanStartWorkSource{1000} uid 10016
06-30 08:43:57.041   890  1284 E WifiStateMachine: SUPPLICANT_STATE_CHANGE_EVENT state=DISCONNECTED -> state= DISCONNECTED debouncing=false
06-30 08:43:57.042   890  1284 E WifiStateMachine: setDetailed state, old =SCANNING and new state=DISCONNECTED hidden=false
06-30 08:43:57.048  1335  1335 I MotoNetwCtrlr: onReceive: Received intent=Intent { act=android.net.wifi.STATE_CHANGE flg=0x4000010 (has extras) } Action=android.net.wifi.STATE_CHANGE
06-30 08:43:57.048  1335  1335 I MotoNetwCtrlr.MotoWifiSignalCtrlr: handleBroadcast: Entered: Intent=Intent { act=android.net.wifi.STATE_CHANGE flg=0x4000010 (has extras) } Action=android.net.wifi.STATE_CHANGE
06-30 08:43:57.048  1335  1335 I MotoNetwCtrlr.MotorolaWifiSignalController: isDirty: returns false
06-30 08:43:57.049  1335  1335 I MotoNetwCtrlr.MotoWifiSignalCtrlr: handleBroadcast: Completed
06-30 08:43:57.049  1335  1335 I MotoNetwCtrlr: onReceive: Completed intent=Intent { act=android.net.wifi.STATE_CHANGE flg=0x4000010 (has extras) } Action=android.net.wifi.STATE_CHANGE
06-30 08:43:57.056   890  1284 E WifiStateMachine: SUPPLICANT_STATE_CHANGE_EVENT state=SCANNING -> state= SCANNING debouncing=false
06-30 08:43:57.056   890  1284 E WifiStateMachine: setDetailed state, old =DISCONNECTED and new state=SCANNING hidden=false
06-30 08:43:57.060  1335  1335 I MotoNetwCtrlr: onReceive: Received intent=Intent { act=android.net.wifi.STATE_CHANGE flg=0x4000010 (has extras) } Action=android.net.wifi.STATE_CHANGE
06-30 08:43:57.061  1335  1335 I MotoNetwCtrlr.MotoWifiSignalCtrlr: handleBroadcast: Entered: Intent=Intent { act=android.net.wifi.STATE_CHANGE flg=0x4000010 (has extras) } Action=android.net.wifi.STATE_CHANGE
06-30 08:43:57.061  1335  1335 I MotoNetwCtrlr.MotorolaWifiSignalController: isDirty: returns false
06-30 08:43:57.061  1335  1335 I MotoNetwCtrlr.MotoWifiSignalCtrlr: handleBroadcast: Completed
06-30 08:43:57.061  1335  1335 I MotoNetwCtrlr: onReceive: Completed intent=Intent { act=android.net.wifi.STATE_CHANGE flg=0x4000010 (has extras) } Action=android.net.wifi.STATE_CHANGE
06-30 08:43:57.610   515   556 D TCMD    : NL - Read 56 bytes from update socket.
06-30 08:43:57.610   515   556 D TCMD    : NL - message type is RTM_NEWLINK
06-30 08:43:57.610   515   556 D TCMD    : Listening for incoming client connection request
06-30 08:43:57.687   890  1284 E WifiStateMachine: [1,467,256,437,687 ms] noteScanEnd WorkSource{1000} onTime=0
06-30 08:43:57.694   890  1284 E WifiStateMachine: wifi setScanResults statecom.android.server.wifi.WifiStateMachine$DisconnectedState@ff2f2ff sup_state=SCANNING debouncing=false mConnectionRequests=1 selection=<none>
06-30 08:43:57.723   890  1595 D WifiService: releaseWifiLockLocked: WifiLock{NlpWifiLock type=2 binder=android.os.BinderProxy@348b613f}
06-30 08:44:03.543   890  1293 I art     : Explicit concurrent mark sweep GC freed 39493(1986KB) AllocSpace objects, 0(0B) LOS objects, 33% free, 26MB/40MB, paused 2.287ms total 207.079ms
06-30 08:44:17.026   890  1272 V AlarmManager: sending alarm {58eda49 type 3 *alarm*:android.intent.action.TIME_TICK}
06-30 08:44:17.031   890   906 D WifiService: acquireWifiLockLocked: WifiLock{NlpWifiLock type=2 binder=android.os.BinderProxy@125ed25b}
06-30 08:44:17.038   890  1272 V AlarmManager: sending alarm {14d0f625 type 2 *walarm*:com.google.android.location.ALARM_WAKEUP_LOCATOR}
06-30 08:44:17.049   890   890 V AlarmManager: done {14d0f625, *walarm*:com.google.android.location.ALARM_WAKEUP_LOCATOR} [24ms]
06-30 08:44:17.052   890  1284 E WifiStateMachine: [1,467,256,457,052 ms] noteScanStartWorkSource{1000} uid 10016
06-30 08:44:17.059   890  1284 E WifiStateMachine: SUPPLICANT_STATE_CHANGE_EVENT state=DISCONNECTED -> state= DISCONNECTED debouncing=false
06-30 08:44:17.059   890  1284 E WifiStateMachine: setDetailed state, old =SCANNING and new state=DISCONNECTED hidden=false
06-30 08:44:17.060   890  1284 E WifiStateMachine: SUPPLICANT_STATE_CHANGE_EVENT state=SCANNING -> state= SCANNING debouncing=false
06-30 08:44:17.060   890  1284 E WifiStateMachine: setDetailed state, old =DISCONNECTED and new state=SCANNING hidden=false
06-30 08:44:17.078  1335  1335 I MotoNetwCtrlr: onReceive: Received intent=Intent { act=android.net.wifi.STATE_CHANGE flg=0x4000010 (has extras) } Action=android.net.wifi.STATE_CHANGE
06-30 08:44:17.078  1335  1335 I MotoNetwCtrlr.MotoWifiSignalCtrlr: handleBroadcast: Entered: Intent=Intent { act=android.net.wifi.STATE_CHANGE flg=0x4000010 (has extras) } Action=android.net.wifi.STATE_CHANGE
06-30 08:44:17.078  1335  1335 I MotoNetwCtrlr.MotorolaWifiSignalController: isDirty: returns false
06-30 08:44:17.078  1335  1335 I MotoNetwCtrlr.MotoWifiSignalCtrlr: handleBroadcast: Completed
06-30 08:44:17.078  1335  1335 I MotoNetwCtrlr: onReceive: Completed intent=Intent { act=android.net.wifi.STATE_CHANGE flg=0x4000010 (has extras) } Action=android.net.wifi.STATE_CHANGE
06-30 08:44:17.078  1335  1335 I MotoNetwCtrlr: onReceive: Received intent=Intent { act=android.net.wifi.STATE_CHANGE flg=0x4000010 (has extras) } Action=android.net.wifi.STATE_CHANGE
06-30 08:44:17.078  1335  1335 I MotoNetwCtrlr.MotoWifiSignalCtrlr: handleBroadcast: Entered: Intent=Intent { act=android.net.wifi.STATE_CHANGE flg=0x4000010 (has extras) } Action=android.net.wifi.STATE_CHANGE
06-30 08:44:17.078  1335  1335 I MotoNetwCtrlr.MotorolaWifiSignalController: isDirty: returns false
06-30 08:44:17.078  1335  1335 I MotoNetwCtrlr.MotoWifiSignalCtrlr: handleBroadcast: Completed
06-30 08:44:17.078  1335  1335 I MotoNetwCtrlr: onReceive: Completed intent=Intent { act=android.net.wifi.STATE_CHANGE flg=0x4000010 (has extras) } Action=android.net.wifi.STATE_CHANGE
06-30 08:44:17.177   890   890 V AlarmManager: done {58eda49, *alarm*:android.intent.action.TIME_TICK} [152ms]
06-30 08:44:17.343   515   556 D TCMD    : NL - Read 56 bytes from update socket.
06-30 08:44:17.343   515   556 D TCMD    : NL - message type is RTM_NEWLINK
06-30 08:44:17.343   515   556 D TCMD    : Listening for incoming client connection request
06-30 08:44:17.408   890  1284 E WifiStateMachine: [1,467,256,457,408 ms] noteScanEnd WorkSource{1000} onTime=0
06-30 08:44:17.412   890  1284 E WifiStateMachine: wifi setScanResults statecom.android.server.wifi.WifiStateMachine$DisconnectedState@ff2f2ff sup_state=SCANNING debouncing=false mConnectionRequests=1 selection=<none>
06-30 08:44:17.429   890  1293 D WifiService: releaseWifiLockLocked: WifiLock{NlpWifiLock type=2 binder=android.os.BinderProxy@125ed25b}
06-30 08:44:37.032   890  1272 V AlarmManager: sending alarm {14d0f625 type 2 *walarm*:com.google.android.location.ALARM_WAKEUP_LOCATOR}
06-30 08:44:37.037   890  1505 D WifiService: acquireWifiLockLocked: WifiLock{NlpWifiLock type=2 binder=android.os.BinderProxy@125ed25b}
06-30 08:44:37.045   890   890 V AlarmManager: done {14d0f625, *walarm*:com.google.android.location.ALARM_WAKEUP_LOCATOR} [13ms]
06-30 08:44:37.048   890  1284 E WifiStateMachine: [1,467,256,477,048 ms] noteScanStartWorkSource{1000} uid 10016
06-30 08:44:37.053   890  1284 E WifiStateMachine: SUPPLICANT_STATE_CHANGE_EVENT state=DISCONNECTED -> state= DISCONNECTED debouncing=false
06-30 08:44:37.053   890  1284 E WifiStateMachine: setDetailed state, old =SCANNING and new state=DISCONNECTED hidden=false
06-30 08:44:37.066  1335  1335 I MotoNetwCtrlr: onReceive: Received intent=Intent { act=android.net.wifi.STATE_CHANGE flg=0x4000010 (has extras) } Action=android.net.wifi.STATE_CHANGE
06-30 08:44:37.066  1335  1335 I MotoNetwCtrlr.MotoWifiSignalCtrlr: handleBroadcast: Entered: Intent=Intent { act=android.net.wifi.STATE_CHANGE flg=0x4000010 (has extras) } Action=android.net.wifi.STATE_CHANGE
06-30 08:44:37.066  1335  1335 I MotoNetwCtrlr.MotorolaWifiSignalController: isDirty: returns false
06-30 08:44:37.066  1335  1335 I MotoNetwCtrlr.MotoWifiSignalCtrlr: handleBroadcast: Completed
06-30 08:44:37.066  1335  1335 I MotoNetwCtrlr: onReceive: Completed intent=Intent { act=android.net.wifi.STATE_CHANGE flg=0x4000010 (has extras) } Action=android.net.wifi.STATE_CHANGE
06-30 08:44:37.068   890  1284 E WifiStateMachine: SUPPLICANT_STATE_CHANGE_EVENT state=SCANNING -> state= SCANNING debouncing=false
06-30 08:44:37.068   890  1284 E WifiStateMachine: setDetailed state, old =DISCONNECTED and new state=SCANNING hidden=false
06-30 08:44:37.071  1335  1335 I MotoNetwCtrlr: onReceive: Received intent=Intent { act=android.net.wifi.STATE_CHANGE flg=0x4000010 (has extras) } Action=android.net.wifi.STATE_CHANGE
06-30 08:44:37.072  1335  1335 I MotoNetwCtrlr.MotoWifiSignalCtrlr: handleBroadcast: Entered: Intent=Intent { act=android.net.wifi.STATE_CHANGE flg=0x4000010 (has extras) } Action=android.net.wifi.STATE_CHANGE
06-30 08:44:37.072  1335  1335 I MotoNetwCtrlr.MotorolaWifiSignalController: isDirty: returns false
06-30 08:44:37.072  1335  1335 I MotoNetwCtrlr.MotoWifiSignalCtrlr: handleBroadcast: Completed
06-30 08:44:37.072  1335  1335 I MotoNetwCtrlr: onReceive: Completed intent=Intent { act=android.net.wifi.STATE_CHANGE flg=0x4000010 (has extras) } Action=android.net.wifi.STATE_CHANGE
06-30 08:44:37.610   515   556 D TCMD    : NL - Read 56 bytes from update socket.
06-30 08:44:37.610   515   556 D TCMD    : NL - message type is RTM_NEWLINK
06-30 08:44:37.610   515   556 D TCMD    : Listening for incoming client connection request
06-30 08:44:37.687   890  1284 E WifiStateMachine: [1,467,256,477,686 ms] noteScanEnd WorkSource{1000} onTime=0
06-30 08:44:37.746   890  1284 E WifiStateMachine: wifi setScanResults statecom.android.server.wifi.WifiStateMachine$DisconnectedState@ff2f2ff sup_state=SCANNING debouncing=false mConnectionRequests=1 selection=<none>
06-30 08:44:37.770   890  1769 D WifiService: releaseWifiLockLocked: WifiLock{NlpWifiLock type=2 binder=android.os.BinderProxy@125ed25b}
06-30 08:44:57.038   890  1272 V AlarmManager: sending alarm {14d0f625 type 2 *walarm*:com.google.android.location.ALARM_WAKEUP_LOCATOR}
06-30 08:44:57.043   890  1597 D WifiService: acquireWifiLockLocked: WifiLock{NlpWifiLock type=2 binder=android.os.BinderProxy@125ed25b}
06-30 08:44:57.050   890   890 V AlarmManager: done {14d0f625, *walarm*:com.google.android.location.ALARM_WAKEUP_LOCATOR} [12ms]
06-30 08:44:57.057   890  1284 E WifiStateMachine: [1,467,256,497,057 ms] noteScanStartWorkSource{1000} uid 10016
06-30 08:44:57.058   890  1284 E WifiStateMachine: SUPPLICANT_STATE_CHANGE_EVENT state=DISCONNECTED -> state= DISCONNECTED debouncing=false
06-30 08:44:57.058   890  1284 E WifiStateMachine: setDetailed state, old =SCANNING and new state=DISCONNECTED hidden=false
06-30 08:44:57.065  1335  1335 I MotoNetwCtrlr: onReceive: Received intent=Intent { act=android.net.wifi.STATE_CHANGE flg=0x4000010 (has extras) } Action=android.net.wifi.STATE_CHANGE
06-30 08:44:57.066  1335  1335 I MotoNetwCtrlr.MotoWifiSignalCtrlr: handleBroadcast: Entered: Intent=Intent { act=android.net.wifi.STATE_CHANGE flg=0x4000010 (has extras) } Action=android.net.wifi.STATE_CHANGE
06-30 08:44:57.066  1335  1335 I MotoNetwCtrlr.MotorolaWifiSignalController: isDirty: returns false
06-30 08:44:57.066  1335  1335 I MotoNetwCtrlr.MotoWifiSignalCtrlr: handleBroadcast: Completed
06-30 08:44:57.066  1335  1335 I MotoNetwCtrlr: onReceive: Completed intent=Intent { act=android.net.wifi.STATE_CHANGE flg=0x4000010 (has extras) } Action=android.net.wifi.STATE_CHANGE
06-30 08:44:57.080   890  1284 E WifiStateMachine: SUPPLICANT_STATE_CHANGE_EVENT state=SCANNING -> state= SCANNING debouncing=false
