06-30 08:44:57.080   890  1284 E WifiStateMachine: setDetailed state, old =DISCONNECTED and new state=SCANNING hidden=false
06-30 08:44:57.084  1335  1335 I MotoNetwCtrlr: onReceive: Received intent=Intent { act=android.net.wifi.STATE_CHANGE flg=0x4000010 (has extras) } Action=android.net.wifi.STATE_CHANGE
06-30 08:44:57.084  1335  1335 I MotoNetwCtrlr.MotoWifiSignalCtrlr: handleBroadcast: Entered: Intent=Intent { act=android.net.wifi.STATE_CHANGE flg=0x4000010 (has extras) } Action=android.net.wifi.STATE_CHANGE
06-30 08:44:57.084  1335  1335 I MotoNetwCtrlr.MotorolaWifiSignalController: isDirty: returns false
06-30 08:44:57.084  1335  1335 I MotoNetwCtrlr.MotoWifiSignalCtrlr: handleBroadcast: Completed
06-30 08:44:57.084  1335  1335 I MotoNetwCtrlr: onReceive: Completed intent=Intent { act=android.net.wifi.STATE_CHANGE flg=0x4000010 (has extras) } Action=android.net.wifi.STATE_CHANGE
06-30 08:44:57.589   515   556 D TCMD    : NL - Read 56 bytes from update socket.
06-30 08:44:57.589   515   556 D TCMD    : NL - message type is RTM_NEWLINK
06-30 08:44:57.589   515   556 D TCMD    : Listening for incoming client connection request
06-30 08:44:57.666   890  1284 E WifiStateMachine: [1,467,256,497,666 ms] noteScanEnd WorkSource{1000} onTime=0
06-30 08:44:57.672   890  1284 E WifiStateMachine: wifi setScanResults statecom.android.server.wifi.WifiStateMachine$DisconnectedState@ff2f2ff sup_state=SCANNING debouncing=false mConnectionRequests=1 selection=<none>
06-30 08:44:57.696   890  1382 D WifiService: releaseWifiLockLocked: WifiLock{NlpWifiLock type=2 binder=android.os.BinderProxy@125ed25b}
06-30 08:45:01.016   890  1272 V AlarmManager: sending alarm {58eda49 type 3 *alarm*:android.intent.action.TIME_TICK}
06-30 08:45:01.018   890  1272 V AlarmManager: sending alarm {302af22d type 2 *walarm*:android.net.ConnectivityService.action.PKT_CNT_SAMPLE_INTERVAL_ELAPSED}
06-30 08:45:01.022   890   890 V AlarmManager: done {302af22d, *walarm*:android.net.ConnectivityService.action.PKT_CNT_SAMPLE_INTERVAL_ELAPSED} [8ms]
06-30 08:45:01.158   890   890 V AlarmManager: done {58eda49, *alarm*:android.intent.action.TIME_TICK} [143ms]
06-30 08:45:16.953   890  1272 V AlarmManager: sending alarm {36355bce type 2 *walarm*:com.google.android.location.ALARM_WAKEUP_BURST_COLLECTION_TRIGGER}
06-30 08:45:16.958   890   906 D WifiService: releaseWifiLockLocked: WifiLock{NlpWifiLock type=2 binder=android.os.BinderProxy@2f558fe0}
06-30 08:45:16.967   890   890 V AlarmManager: done {36355bce, *walarm*:com.google.android.location.ALARM_WAKEUP_BURST_COLLECTION_TRIGGER} [15ms]
06-30 08:45:17.044   890  1272 V AlarmManager: sending alarm {14d0f625 type 2 *walarm*:com.google.android.location.ALARM_WAKEUP_LOCATOR}
06-30 08:45:17.047   890   906 D WifiService: acquireWifiLockLocked: WifiLock{NlpWifiLock type=2 binder=android.os.BinderProxy@125ed25b}
06-30 08:45:17.052   890   890 V AlarmManager: done {14d0f625, *walarm*:com.google.android.location.ALARM_WAKEUP_LOCATOR} [8ms]
06-30 08:45:17.054   890  1284 E WifiStateMachine: [1,467,256,517,054 ms] noteScanStartWorkSource{1000} uid 10016
06-30 08:45:17.055   890  1284 E WifiStateMachine: SUPPLICANT_STATE_CHANGE_EVENT state=DISCONNECTED -> state= DISCONNECTED debouncing=false
06-30 08:45:17.055   890  1284 E WifiStateMachine: setDetailed state, old =SCANNING and new state=DISCONNECTED hidden=false
06-30 08:45:17.062  1335  1335 I MotoNetwCtrlr: onReceive: Received intent=Intent { act=android.net.wifi.STATE_CHANGE flg=0x4000010 (has extras) } Action=android.net.wifi.STATE_CHANGE
06-30 08:45:17.062  1335  1335 I MotoNetwCtrlr.MotoWifiSignalCtrlr: handleBroadcast: Entered: Intent=Intent { act=android.net.wifi.STATE_CHANGE flg=0x4000010 (has extras) } Action=android.net.wifi.STATE_CHANGE
06-30 08:45:17.062  1335  1335 I MotoNetwCtrlr.MotorolaWifiSignalController: isDirty: returns false
06-30 08:45:17.062  1335  1335 I MotoNetwCtrlr.MotoWifiSignalCtrlr: handleBroadcast: Completed
06-30 08:45:17.062  1335  1335 I MotoNetwCtrlr: onReceive: Completed intent=Intent { act=android.net.wifi.STATE_CHANGE flg=0x4000010 (has extras) } Action=android.net.wifi.STATE_CHANGE
06-30 08:45:17.066   890  1284 E WifiStateMachine: SUPPLICANT_STATE_CHANGE_EVENT state=SCANNING -> state= SCANNING debouncing=false
06-30 08:45:17.066   890  1284 E WifiStateMachine: setDetailed state, old =DISCONNECTED and new state=SCANNING hidden=false
06-30 08:45:17.072  1335  1335 I MotoNetwCtrlr: onReceive: Received intent=Intent { act=android.net.wifi.STATE_CHANGE flg=0x4000010 (has extras) } Action=android.net.wifi.STATE_CHANGE
06-30 08:45:17.073  1335  1335 I MotoNetwCtrlr.MotoWifiSignalCtrlr: handleBroadcast: Entered: Intent=Intent { act=android.net.wifi.STATE_CHANGE flg=0x4000010 (has extras) } Action=android.net.wifi.STATE_CHANGE
06-30 08:45:17.073  1335  1335 I MotoNetwCtrlr.MotorolaWifiSignalController: isDirty: returns false
06-30 08:45:17.073  1335  1335 I MotoNetwCtrlr.MotoWifiSignalCtrlr: handleBroadcast: Completed
06-30 08:45:17.073  1335  1335 I MotoNetwCtrlr: onReceive: Completed intent=Intent { act=android.net.wifi.STATE_CHANGE flg=0x4000010 (has extras) } Action=android.net.wifi.STATE_CHANGE
06-30 08:45:17.148   890  1528 D Wiper_jni: wifiRequestEventCb invoked
06-30 08:45:17.148   890  3333 D LBSSystemMonitorService: handleMessage what - 2
06-30 08:45:17.162   890  1528 W ContextImpl: Calling a method in the system process without a qualified user: android.app.ContextImpl.sendBroadcast:1480 com.android.server.location.GpsLocationProvider.reportStatus:1916 <bottom of call stack> <bottom of call stack> <bottom of call stack> 
06-30 08:45:17.588   515   556 D TCMD    : NL - Read 56 bytes from update socket.
06-30 08:45:17.588   515   556 D TCMD    : NL - message type is RTM_NEWLINK
06-30 08:45:17.588   515   556 D TCMD    : Listening for incoming client connection request
06-30 08:45:17.661   890  1284 E WifiStateMachine: [1,467,256,517,661 ms] noteScanEnd WorkSource{1000} onTime=0
06-30 08:45:17.669   890  1284 E WifiStateMachine: wifi setScanResults statecom.android.server.wifi.WifiStateMachine$DisconnectedState@ff2f2ff sup_state=SCANNING debouncing=false mConnectionRequests=1 selection=<none>
06-30 08:45:17.694   890  1644 D WifiService: releaseWifiLockLocked: WifiLock{NlpWifiLock type=2 binder=android.os.BinderProxy@125ed25b}
06-30 08:45:37.919   327   327 I AKMD2   : Suspended.
06-30 08:45:37.922   298   847 I qdhwcomposer: handle_blank_event: dpy:0 panel power state: 0
06-30 08:45:38.321   890  1272 V AlarmManager: sending alarm {14d0f625 type 2 *walarm*:com.google.android.location.ALARM_WAKEUP_LOCATOR}
06-30 08:45:38.327   890  1382 D WifiService: acquireWifiLockLocked: WifiLock{NlpWifiLock type=2 binder=android.os.BinderProxy@125ed25b}
06-30 08:45:38.333   890  1272 V AlarmManager: sending alarm {1c702324 type 2 *walarm*:com.google.android.location.ALARM_WAKEUP_BURST_COLLECTOR}
06-30 08:45:38.335   890   890 V AlarmManager: done {14d0f625, *walarm*:com.google.android.location.ALARM_WAKEUP_LOCATOR} [14ms]
06-30 08:45:38.344   890  1284 E WifiStateMachine: [1,467,256,538,344 ms] noteScanStartWorkSource{1000} uid 10016
06-30 08:45:38.356   890  1284 E WifiStateMachine: SUPPLICANT_STATE_CHANGE_EVENT state=DISCONNECTED -> state= DISCONNECTED debouncing=false
06-30 08:45:38.356   890  1284 E WifiStateMachine: setDetailed state, old =SCANNING and new state=DISCONNECTED hidden=false
06-30 08:45:38.360   890  1284 E WifiStateMachine: SUPPLICANT_STATE_CHANGE_EVENT state=SCANNING -> state= SCANNING debouncing=false
06-30 08:45:38.360   890  1284 E WifiStateMachine: setDetailed state, old =DISCONNECTED and new state=SCANNING hidden=false
06-30 08:45:38.363  1335  1335 I MotoNetwCtrlr: onReceive: Received intent=Intent { act=android.net.wifi.STATE_CHANGE flg=0x4000010 (has extras) } Action=android.net.wifi.STATE_CHANGE
06-30 08:45:38.364  1335  1335 I MotoNetwCtrlr.MotoWifiSignalCtrlr: handleBroadcast: Entered: Intent=Intent { act=android.net.wifi.STATE_CHANGE flg=0x4000010 (has extras) } Action=android.net.wifi.STATE_CHANGE
06-30 08:45:38.364  1335  1335 I MotoNetwCtrlr.MotorolaWifiSignalController: isDirty: returns false
06-30 08:45:38.364  1335  1335 I MotoNetwCtrlr.MotoWifiSignalCtrlr: handleBroadcast: Completed
06-30 08:45:38.364  1335  1335 I MotoNetwCtrlr: onReceive: Completed intent=Intent { act=android.net.wifi.STATE_CHANGE flg=0x4000010 (has extras) } Action=android.net.wifi.STATE_CHANGE
06-30 08:45:38.367  1335  1335 I MotoNetwCtrlr: onReceive: Received intent=Intent { act=android.net.wifi.STATE_CHANGE flg=0x4000010 (has extras) } Action=android.net.wifi.STATE_CHANGE
06-30 08:45:38.367  1335  1335 I MotoNetwCtrlr.MotoWifiSignalCtrlr: handleBroadcast: Entered: Intent=Intent { act=android.net.wifi.STATE_CHANGE flg=0x4000010 (has extras) } Action=android.net.wifi.STATE_CHANGE
06-30 08:45:38.367  1335  1335 I MotoNetwCtrlr.MotorolaWifiSignalController: isDirty: returns false
06-30 08:45:38.367  1335  1335 I MotoNetwCtrlr.MotoWifiSignalCtrlr: handleBroadcast: Completed
06-30 08:45:38.367  1335  1335 I MotoNetwCtrlr: onReceive: Completed intent=Intent { act=android.net.wifi.STATE_CHANGE flg=0x4000010 (has extras) } Action=android.net.wifi.STATE_CHANGE
06-30 08:45:38.378   890  1382 D WifiService: acquireWifiLockLocked: WifiLock{NlpWifiLock type=2 binder=android.os.BinderProxy@210aa40d}
06-30 08:45:38.382   890   890 V AlarmManager: done {1c702324, *walarm*:com.google.android.location.ALARM_WAKEUP_BURST_COLLECTOR} [61ms]
06-30 08:45:38.403 24714 13823 W System.err: java.net.UnknownHostException: Unable to resolve host "www.google.com": No address associated with hostname
06-30 08:45:38.403 24714 13823 W System.err: 	at java.net.InetAddress.lookupHostByName(InetAddress.java:457)
06-30 08:45:38.403 24714 13823 W System.err: 	at java.net.InetAddress.getAllByNameImpl(InetAddress.java:252)
06-30 08:45:38.403 24714 13823 W System.err: 	at java.net.InetAddress.getAllByName(InetAddress.java:215)
06-30 08:45:38.403 24714 13823 W System.err: 	at com.android.okhttp.HostResolver$1.getAllByName(HostResolver.java:29)
06-30 08:45:38.404 24714 13823 W System.err: 	at com.android.okhttp.internal.http.RouteSelector.resetNextInetSocketAddress(RouteSelector.java:232)
06-30 08:45:38.404 24714 13823 W System.err: 	at com.android.okhttp.internal.http.RouteSelector.next(RouteSelector.java:124)
06-30 08:45:38.404 24714 13823 W System.err: 	at com.android.okhttp.internal.http.HttpEngine.connect(HttpEngine.java:272)
06-30 08:45:38.404 24714 13823 W System.err: 	at com.android.okhttp.internal.http.HttpEngine.sendRequest(HttpEngine.java:211)
06-30 08:45:38.404 24714 13823 W System.err: 	at com.android.okhttp.internal.http.HttpURLConnectionImpl.execute(HttpURLConnectionImpl.java:382)
06-30 08:45:38.404 24714 13823 W System.err: 	at com.android.okhttp.internal.http.HttpURLConnectionImpl.connect(HttpURLConnectionImpl.java:106)
06-30 08:45:38.404 24714 13823 W System.err: 	at com.android.okhttp.internal.http.HttpURLConnectionImpl.getOutputStream(HttpURLConnectionImpl.java:217)
06-30 08:45:38.404 24714 13823 W System.err: 	at com.android.okhttp.internal.http.DelegatingHttpsURLConnection.getOutputStream(DelegatingHttpsURLConnection.java:218)
06-30 08:45:38.404 24714 13823 W System.err: 	at com.android.okhttp.internal.http.HttpsURLConnectionImpl.getOutputStream(HttpsURLConnectionImpl.java:25)
06-30 08:45:38.404 24714 13823 W System.err: 	at ajgv.a(:com.google.android.gms:89)
06-30 08:45:38.404 24714 13823 W System.err: 	at alaw.run(:com.google.android.gms:289)
06-30 08:45:38.404 24714 13823 W System.err: 	at java.util.concurrent.ThreadPoolExecutor.runWorker(ThreadPoolExecutor.java:1112)
06-30 08:45:38.404 24714 13823 W System.err: 	at java.util.concurrent.ThreadPoolExecutor$Worker.run(ThreadPoolExecutor.java:587)
06-30 08:45:38.404 24714 13823 W System.err: 	at java.lang.Thread.run(Thread.java:818)
06-30 08:45:38.404 24714 13823 W System.err: Caused by: android.system.GaiException: android_getaddrinfo failed: EAI_NODATA (No address associated with hostname)
06-30 08:45:38.404 24714 13823 W System.err: 	at libcore.io.Posix.android_getaddrinfo(Native Method)
06-30 08:45:38.404 24714 13823 W System.err: 	at libcore.io.ForwardingOs.android_getaddrinfo(ForwardingOs.java:55)
06-30 08:45:38.404 24714 13823 W System.err: 	at java.net.InetAddress.lookupHostByName(InetAddress.java:438)
06-30 08:45:38.404 24714 13823 W System.err: 	... 17 more
06-30 08:45:38.410   890  1505 D WifiService: releaseWifiLockLocked: WifiLock{NlpWifiLock type=2 binder=android.os.BinderProxy@210aa40d}
06-30 08:45:38.909   515   556 D TCMD    : NL - Read 56 bytes from update socket.
06-30 08:45:38.909   515   556 D TCMD    : NL - message type is RTM_NEWLINK
06-30 08:45:38.909   515   556 D TCMD    : Listening for incoming client connection request
06-30 08:45:38.981   890  1284 E WifiStateMachine: [1,467,256,538,981 ms] noteScanEnd WorkSource{1000} onTime=0
06-30 08:45:38.989   890  1284 E WifiStateMachine: wifi setScanResults statecom.android.server.wifi.WifiStateMachine$DisconnectedState@ff2f2ff sup_state=SCANNING debouncing=false mConnectionRequests=1 selection=<none>
06-30 08:45:39.012   890  3075 D WifiService: releaseWifiLockLocked: WifiLock{NlpWifiLock type=2 binder=android.os.BinderProxy@125ed25b}
06-30 08:48:38.921   327   327 I AKMD2   : Suspended.
06-30 08:48:38.924   298   847 I qdhwcomposer: handle_blank_event: dpy:0 panel power state: 0
06-30 08:48:38.925   890  1272 V AlarmManager: sending alarm {58eda49 type 3 *alarm*:android.intent.action.TIME_TICK}
06-30 08:48:38.938   890  1272 V AlarmManager: sending alarm {add40 type 2 *walarm*:com.google.android.intent.action.GCM_RECONNECT}
06-30 08:48:38.939   890   890 V AlarmManager: done {add40, *walarm*:com.google.android.intent.action.GCM_RECONNECT} [14ms]
06-30 08:48:39.063   890   890 V AlarmManager: done {58eda49, *alarm*:android.intent.action.TIME_TICK} [138ms]
06-30 08:48:46.563   327   327 I AKMD2   : Suspended.
06-30 08:48:46.567   298   847 I qdhwcomposer: handle_blank_event: dpy:0 panel power state: 0
06-30 08:50:43.227   327   327 I AKMD2   : Suspended.
06-30 08:50:43.234   298   847 I qdhwcomposer: handle_blank_event: dpy:0 panel power state: 0
06-30 08:56:59.544   327   327 I AKMD2   : Suspended.
06-30 08:56:59.548   298   847 I qdhwcomposer: handle_blank_event: dpy:0 panel power state: 0
06-30 08:56:59.927   890  1268 D BatteryService: uevent={POWER_SUPPLY_TEMP=255, POWER_SUPPLY_STATUS=Discharging, POWER_SUPPLY_CAPACITY=91, ACTION=change, DEVPATH=/devices/qpnp-charger-e4a3ba00/power_supply/battery, POWER_SUPPLY_VOLTAGE_OCV=-22, POWER_SUPPLY_ONLINE=1, SUBSYSTEM=power_supply, POWER_SUPPLY_NUM_SYSTEM_TEMP_LEVELS=4, POWER_SUPPLY_INPUT_CURRENT_MAX=100000, POWER_SUPPLY_VOLTAGE_MAX_DESIGN=4350000, POWER_SUPPLY_CHARGE_FULL=2020000, POWER_SUPPLY_NAME=battery, POWER_SUPPLY_VOLTAGE_MIN_DESIGN=4300000, POWER_SUPPLY_VOLTAGE_MIN=4300000, POWER_SUPPLY_HEALTH=Good, POWER_SUPPLY_CYCLE_COUNT=1, POWER_SUPPLY_TECHNOLOGY=Li-ion, POWER_SUPPLY_CHARGE_TYPE=N/A, POWER_SUPPLY_PRESENT=1, POWER_SUPPLY_INPUT_CURRENT_SETTLED=0, POWER_SUPPLY_MODEL_NAME=UNKNOWN, POWER_SUPPLY_VOLTAGE_NOW=4176153, SEQNUM=73408, POWER_SUPPLY_TEMP_WARM=450, POWER_SUPPLY_TEMP_COOL=0, POWER_SUPPLY_CHARGE_FULL_DESIGN=2022000, POWER_SUPPLY_CURRENT_NOW=23767, POWER_SUPPLY_CHARGE_COUNTER=10272, POWER_SUPPLY_SYSTEM_TEMP_LEVEL=0, POWER_SUPPLY_INPUT_CURRENT_TRIM=38, POWER_SUPPLY_VOLTAGE_EMPTY=3200000, POWER_SUPPLY_CHARGE_RATE=None, POWER_SUPPLY_INPUT_VOLTAGE_REGULATION=1, POWER_SUPPLY_CHARGING_ENABLED=1}
06-30 08:57:00.050   890  1268 D BatteryService: uevent={POWER_SUPPLY_TEMP=255, POWER_SUPPLY_STATUS=Discharging, POWER_SUPPLY_CAPACITY=90, ACTION=change, DEVPATH=/devices/qpnp-charger-e4a3ba00/power_supply/battery, POWER_SUPPLY_VOLTAGE_OCV=-22, POWER_SUPPLY_ONLINE=1, SUBSYSTEM=power_supply, POWER_SUPPLY_NUM_SYSTEM_TEMP_LEVELS=4, POWER_SUPPLY_INPUT_CURRENT_MAX=100000, POWER_SUPPLY_VOLTAGE_MAX_DESIGN=4350000, POWER_SUPPLY_CHARGE_FULL=2020000, POWER_SUPPLY_NAME=battery, POWER_SUPPLY_VOLTAGE_MIN_DESIGN=4300000, POWER_SUPPLY_VOLTAGE_MIN=4300000, POWER_SUPPLY_HEALTH=Good, POWER_SUPPLY_CYCLE_COUNT=1, POWER_SUPPLY_TECHNOLOGY=Li-ion, POWER_SUPPLY_CHARGE_TYPE=N/A, POWER_SUPPLY_PRESENT=1, POWER_SUPPLY_INPUT_CURRENT_SETTLED=0, POWER_SUPPLY_MODEL_NAME=UNKNOWN, POWER_SUPPLY_VOLTAGE_NOW=4174695, SEQNUM=73410, POWER_SUPPLY_TEMP_WARM=450, POWER_SUPPLY_TEMP_COOL=0, POWER_SUPPLY_CHARGE_FULL_DESIGN=2022000, POWER_SUPPLY_CURRENT_NOW=23767, POWER_SUPPLY_CHARGE_COUNTER=10273, POWER_SUPPLY_SYSTEM_TEMP_LEVEL=0, POWER_SUPPLY_INPUT_CURRENT_TRIM=38, POWER_SUPPLY_VOLTAGE_EMPTY=3200000, POWER_SUPPLY_CHARGE_RATE=None, POWER_SUPPLY_INPUT_VOLTAGE_REGULATION=1, POWER_SUPPLY_CHARGING_ENABLED=1}
06-30 08:57:00.065  1496  1496 I DownloadManagerWrapper: onReceive() : Charging = false
06-30 08:57:00.133  1496  1496 I DownloadManagerWrapper: onReceive() : Charging = false
06-30 08:57:00.212  1496  1496 I DownloadManagerWrapper: onReceive() : Charging = false
06-30 08:57:00.249  1496  1496 I DownloadManagerWrapper: onReceive() : Charging = false
06-30 09:00:46.105   327   327 I AKMD2   : Suspended.
06-30 09:00:46.108   298   847 I qdhwcomposer: handle_blank_event: dpy:0 panel power state: 0
06-30 09:01:50.099   327   327 I AKMD2   : Suspended.
06-30 09:01:50.102   298   847 I qdhwcomposer: handle_blank_event: dpy:0 panel power state: 0
06-30 09:02:55.927   327   327 I AKMD2   : Suspended.
06-30 09:02:55.939   298   847 I qdhwcomposer: handle_blank_event: dpy:0 panel power state: 0
06-30 09:02:55.939   890  1272 V AlarmManager: sending alarm {58eda49 type 3 *alarm*:android.intent.action.TIME_TICK}
06-30 09:02:55.944   890  1272 V AlarmManager: sending alarm {add40 type 2 *walarm*:com.google.android.intent.action.GCM_RECONNECT}
06-30 09:02:55.944   890   890 V AlarmManager: done {add40, *walarm*:com.google.android.intent.action.GCM_RECONNECT} [14ms]
06-30 09:02:56.072   890   890 V AlarmManager: done {58eda49, *alarm*:android.intent.action.TIME_TICK} [142ms]
06-30 09:03:42.747   327   327 I AKMD2   : Suspended.
06-30 09:03:42.752   298   847 I qdhwcomposer: handle_blank_event: dpy:0 panel power state: 0
06-30 09:04:39.059   327   327 I AKMD2   : Suspended.
06-30 09:04:39.063   298   847 I qdhwcomposer: handle_blank_event: dpy:0 panel power state: 0
06-30 09:05:29.923   327   327 I AKMD2   : Suspended.
06-30 09:05:29.926   298   847 I qdhwcomposer: handle_blank_event: dpy:0 panel power state: 0
06-30 09:05:29.927   890  1272 V AlarmManager: sending alarm {118f9310 type 3 *alarm*:com.android.server.action.NETWORK_STATS_POLL}
06-30 09:05:29.937   890  1272 V AlarmManager: sending alarm {302af22d type 2 *walarm*:android.net.ConnectivityService.action.PKT_CNT_SAMPLE_INTERVAL_ELAPSED}
06-30 09:05:29.948   890  1272 V AlarmManager: sending alarm {1657080e type 3 *alarm*:android.content.jobscheduler.JOB_DELAY_EXPIRED}
06-30 09:05:29.949   890  1272 V AlarmManager: sending alarm {58eda49 type 3 *alarm*:android.intent.action.TIME_TICK}
06-30 09:05:29.949   890  1272 V AlarmManager: sending alarm {59ee335 type 2 *walarm*:com.google.android.gms.auth.authzen.CHECK_REGISTRATION}
06-30 09:05:29.975   890   890 V AlarmManager: done {118f9310, *alarm*:com.android.server.action.NETWORK_STATS_POLL} [48ms]
06-30 09:05:29.984   890   890 V AlarmManager: done {302af22d, *walarm*:android.net.ConnectivityService.action.PKT_CNT_SAMPLE_INTERVAL_ELAPSED} [57ms]
06-30 09:05:29.985   890   890 V AlarmManager: done {1657080e, *alarm*:android.content.jobscheduler.JOB_DELAY_EXPIRED} [59ms]
06-30 09:05:30.043 14402 14402 V AuthZen : Received broadcast action: com.google.android.gms.auth.authzen.CHECK_REGISTRATION
06-30 09:05:30.052   890   890 V AlarmManager: done {59ee335, *walarm*:com.google.android.gms.auth.authzen.CHECK_REGISTRATION} [125ms]
06-30 09:05:30.060 14402 19315 V AuthZen : Handling intent: com.google.android.gms.auth.authzen.CHECK_REGISTRATION
06-30 09:05:30.090   890   890 V AlarmManager: done {58eda49, *alarm*:android.intent.action.TIME_TICK} [164ms]
06-30 09:05:30.159 14402 19315 I GoogleURLConnFactory: Using platform SSLCertificateSocketFactory
06-30 09:05:30.162 14402 19315 E BaseAppContext: Tried to stop global GMSCore RequestQueue. This is likely unintended, so ignoring.
06-30 09:05:30.162 14402 19315 V BaseAppContext: GmsRequestQueue started.
06-30 09:05:30.170 14402 19315 D AuthZenEventHandler: Handling event: com.google.android.gms.auth.authzen.CHECK_REGISTRATION
06-30 09:05:30.183 14402 19315 I AuthZen : Fetching signing key...
06-30 09:05:30.201 14402 19315 I AuthZen : Signing key fetched successfully!
06-30 09:05:30.240 14402 19315 D dur     : Opening database auth.proximity.permit_store...
06-30 09:05:35.390   327   327 I AKMD2   : Suspended.
06-30 09:05:35.393   298   847 I qdhwcomposer: handle_blank_event: dpy:0 panel power state: 0
06-30 09:05:53.299   327   327 I AKMD2   : Suspended.
06-30 09:05:53.302   298   847 I qdhwcomposer: handle_blank_event: dpy:0 panel power state: 0
06-30 09:07:04.987   327   327 I AKMD2   : Suspended.
06-30 09:07:04.993   298   847 I qdhwcomposer: handle_blank_event: dpy:0 panel power state: 0
06-30 09:16:45.688   327   327 I AKMD2   : Suspended.
06-30 09:16:45.691   298   847 I qdhwcomposer: handle_blank_event: dpy:0 panel power state: 0
06-30 09:16:46.238   890  1268 D BatteryService: uevent={POWER_SUPPLY_TEMP=258, POWER_SUPPLY_STATUS=Discharging, POWER_SUPPLY_CAPACITY=90, ACTION=change, DEVPATH=/devices/qpnp-charger-e4a3ba00/power_supply/battery, POWER_SUPPLY_VOLTAGE_OCV=-22, POWER_SUPPLY_ONLINE=1, SUBSYSTEM=power_supply, POWER_SUPPLY_NUM_SYSTEM_TEMP_LEVELS=4, POWER_SUPPLY_INPUT_CURRENT_MAX=100000, POWER_SUPPLY_VOLTAGE_MAX_DESIGN=4350000, POWER_SUPPLY_CHARGE_FULL=2020000, POWER_SUPPLY_NAME=battery, POWER_SUPPLY_VOLTAGE_MIN_DESIGN=4300000, POWER_SUPPLY_VOLTAGE_MIN=4300000, POWER_SUPPLY_HEALTH=Good, POWER_SUPPLY_CYCLE_COUNT=1, POWER_SUPPLY_TECHNOLOGY=Li-ion, POWER_SUPPLY_CHARGE_TYPE=N/A, POWER_SUPPLY_PRESENT=1, POWER_SUPPLY_INPUT_CURRENT_SETTLED=0, POWER_SUPPLY_MODEL_NAME=UNKNOWN, POWER_SUPPLY_VOLTAGE_NOW=4168475, SEQNUM=73416, POWER_SUPPLY_TEMP_WARM=450, POWER_SUPPLY_TEMP_COOL=0, POWER_SUPPLY_CHARGE_FULL_DESIGN=2022000, POWER_SUPPLY_CURRENT_NOW=49288, POWER_SUPPLY_CHARGE_COUNTER=20735, POWER_SUPPLY_SYSTEM_TEMP_LEVEL=0, POWER_SUPPLY_INPUT_CURRENT_TRIM=38, POWER_SUPPLY_VOLTAGE_EMPTY=3200000, POWER_SUPPLY_CHARGE_RATE=None, POWER_SUPPLY_INPUT_VOLTAGE_REGULATION=1, POWER_SUPPLY_CHARGING_ENABLED=1}
06-30 09:16:46.292  1496  1496 I DownloadManagerWrapper: onReceive() : Charging = false
06-30 09:16:46.360  1496  1496 I DownloadManagerWrapper: onReceive() : Charging = false
06-30 09:17:35.828   327   327 I AKMD2   : Suspended.
06-30 09:17:35.833   298   847 I qdhwcomposer: handle_blank_event: dpy:0 panel power state: 0
06-30 09:19:28.479   327   327 I AKMD2   : Suspended.
06-30 09:19:28.482   298   847 I qdhwcomposer: handle_blank_event: dpy:0 panel power state: 0
06-30 09:19:44.933   327   327 I AKMD2   : Suspended.
06-30 09:19:44.944   298   847 I qdhwcomposer: handle_blank_event: dpy:0 panel power state: 0
06-30 09:19:45.119   890  1272 V AlarmManager: sending alarm {1cdef3e type 3 *alarm*:android.content.jobscheduler.JOB_DEADLINE_EXPIRED}
06-30 09:19:45.121   890  1272 V AlarmManager: sending alarm {58eda49 type 3 *alarm*:android.intent.action.TIME_TICK}
06-30 09:19:45.122   890  1272 V AlarmManager: sending alarm {302af22d type 2 *walarm*:android.net.ConnectivityService.action.PKT_CNT_SAMPLE_INTERVAL_ELAPSED}
06-30 09:19:45.122   890  1272 V AlarmManager: sending alarm {118f9310 type 3 *alarm*:com.android.server.action.NETWORK_STATS_POLL}
06-30 09:19:45.123   890  1272 V AlarmManager: sending alarm {1b48656a type 0 *walarm*:com.google.android.gms/.checkin.EventLogServiceReceiver}
06-30 09:19:45.123   890  1272 V AlarmManager: sending alarm {9b349a5 type 1 *alarm*:com.motorola.motocare.trigger.AlarmTrigger.HourlyAlarmTrigger}
06-30 09:19:45.126   890   890 V AlarmManager: done {1cdef3e, *alarm*:android.content.jobscheduler.JOB_DEADLINE_EXPIRED} [9ms]
06-30 09:19:45.147   890   890 V AlarmManager: done {302af22d, *walarm*:android.net.ConnectivityService.action.PKT_CNT_SAMPLE_INTERVAL_ELAPSED} [29ms]
06-30 09:19:45.184   890   890 V AlarmManager: done {118f9310, *alarm*:com.android.server.action.NETWORK_STATS_POLL} [66ms]
06-30 09:19:45.193   890   890 V AlarmManager: done {1b48656a, *walarm*:com.google.android.gms/.checkin.EventLogServiceReceiver} [75ms]
06-30 09:19:45.194   890   890 V AlarmManager: done {9b349a5, *alarm*:com.motorola.motocare.trigger.AlarmTrigger.HourlyAlarmTrigger} [77ms]
06-30 09:19:45.234 14402 19343 I EventLogChimeraService: Opted in for usage reporting
06-30 09:19:45.235 14402 19343 I EventLogChimeraService: Aggregate from 1467256045920 (log), 1467256045920 (data)
06-30 09:19:45.258   890   890 V AlarmManager: done {58eda49, *alarm*:android.intent.action.TIME_TICK} [140ms]
06-30 09:19:59.264   327   327 I AKMD2   : Suspended.
06-30 09:19:59.265   890   906 W ActivityManager: SLOW OOM ADJ: 13862ms for pid 18665 = 13
06-30 09:19:59.271   298   847 I qdhwcomposer: handle_blank_event: dpy:0 panel power state: 0
06-30 09:19:59.333  1569  1588 I art     : Background sticky concurrent mark sweep GC freed 74314(3MB) AllocSpace objects, 47(1470KB) LOS objects, 33% free, 9MB/14MB, paused 1.104ms total 151.913ms
06-30 09:20:40.478   327   327 I AKMD2   : Suspended.
06-30 09:20:40.481   298   847 I qdhwcomposer: handle_blank_event: dpy:0 panel power state: 0
06-30 09:20:50.387   327   327 I AKMD2   : Suspended.
06-30 09:20:50.392   298   847 I qdhwcomposer: handle_blank_event: dpy:0 panel power state: 0
06-30 09:30:52.932   327   327 I AKMD2   : Suspended.
06-30 09:30:52.935   298   847 I qdhwcomposer: handle_blank_event: dpy:0 panel power state: 0
06-30 09:30:53.060   890  1272 V AlarmManager: sending alarm {58eda49 type 3 *alarm*:android.intent.action.TIME_TICK}
06-30 09:30:53.070   890  1272 V AlarmManager: sending alarm {28b53e6c type 2 *walarm*:CONTEXT_MANAGER_ALARM_WAKEUP_519167869}
06-30 09:30:53.071   890   890 V AlarmManager: done {28b53e6c, *walarm*:CONTEXT_MANAGER_ALARM_WAKEUP_519167869} [11ms]
06-30 09:30:53.092   890  1268 D BatteryService: uevent={POWER_SUPPLY_TEMP=259, POWER_SUPPLY_STATUS=Discharging, POWER_SUPPLY_CAPACITY=90, ACTION=change, DEVPATH=/devices/qpnp-charger-e4a3ba00/power_supply/battery, POWER_SUPPLY_VOLTAGE_OCV=-22, POWER_SUPPLY_ONLINE=1, SUBSYSTEM=power_supply, POWER_SUPPLY_NUM_SYSTEM_TEMP_LEVELS=4, POWER_SUPPLY_INPUT_CURRENT_MAX=100000, POWER_SUPPLY_VOLTAGE_MAX_DESIGN=4350000, POWER_SUPPLY_CHARGE_FULL=2020000, POWER_SUPPLY_NAME=battery, POWER_SUPPLY_VOLTAGE_MIN_DESIGN=4300000, POWER_SUPPLY_VOLTAGE_MIN=4300000, POWER_SUPPLY_HEALTH=Good, POWER_SUPPLY_CYCLE_COUNT=1, POWER_SUPPLY_TECHNOLOGY=Li-ion, POWER_SUPPLY_CHARGE_TYPE=N/A, POWER_SUPPLY_PRESENT=1, POWER_SUPPLY_INPUT_CURRENT_SETTLED=0, POWER_SUPPLY_MODEL_NAME=UNKNOWN, POWER_SUPPLY_VOLTAGE_NOW=4163740, SEQNUM=73424, POWER_SUPPLY_TEMP_WARM=450, POWER_SUPPLY_TEMP_COOL=0, POWER_SUPPLY_CHARGE_FULL_DESIGN=2022000, POWER_SUPPLY_CURRENT_NOW=23767, POWER_SUPPLY_CHARGE_COUNTER=27504, POWER_SUPPLY_SYSTEM_TEMP_LEVEL=0, POWER_SUPPLY_INPUT_CURRENT_TRIM=38, POWER_SUPPLY_VOLTAGE_EMPTY=3200000, POWER_SUPPLY_CHARGE_RATE=None, POWER_SUPPLY_INPUT_VOLTAGE_REGULATION=1, POWER_SUPPLY_CHARGING_ENABLED=1}
06-30 09:30:53.137  1496  1496 I DownloadManagerWrapper: onReceive() : Charging = false
06-30 09:30:53.190  1496  1496 I DownloadManagerWrapper: onReceive() : Charging = false
06-30 09:30:53.206   890   890 V AlarmManager: done {58eda49, *alarm*:android.intent.action.TIME_TICK} [146ms]
06-30 09:31:28.932   327   327 I AKMD2   : Suspended.
06-30 09:31:28.935   298   847 I qdhwcomposer: handle_blank_event: dpy:0 panel power state: 0
06-30 09:31:28.937   890  1272 V AlarmManager: sending alarm {58eda49 type 3 *alarm*:android.intent.action.TIME_TICK}
06-30 09:31:28.951   890  1272 V AlarmManager: sending alarm {add40 type 2 *walarm*:com.google.android.intent.action.GCM_RECONNECT}
06-30 09:31:28.956   890   890 V AlarmManager: done {add40, *walarm*:com.google.android.intent.action.GCM_RECONNECT} [21ms]
06-30 09:31:29.081   890   890 V AlarmManager: done {58eda49, *alarm*:android.intent.action.TIME_TICK} [145ms]
06-30 09:31:29.700   890  1268 D BatteryService: uevent={POWER_SUPPLY_TEMP=259, POWER_SUPPLY_STATUS=Discharging, POWER_SUPPLY_CAPACITY=90, ACTION=change, DEVPATH=/devices/qpnp-charger-e4a3ba00/power_supply/battery, POWER_SUPPLY_VOLTAGE_OCV=-22, POWER_SUPPLY_ONLINE=1, SUBSYSTEM=power_supply, POWER_SUPPLY_NUM_SYSTEM_TEMP_LEVELS=4, POWER_SUPPLY_INPUT_CURRENT_MAX=100000, POWER_SUPPLY_VOLTAGE_MAX_DESIGN=4350000, POWER_SUPPLY_CHARGE_FULL=2020000, POWER_SUPPLY_NAME=battery, POWER_SUPPLY_VOLTAGE_MIN_DESIGN=4300000, POWER_SUPPLY_VOLTAGE_MIN=4300000, POWER_SUPPLY_HEALTH=Good, POWER_SUPPLY_CYCLE_COUNT=1, POWER_SUPPLY_TECHNOLOGY=Li-ion, POWER_SUPPLY_CHARGE_TYPE=N/A, POWER_SUPPLY_PRESENT=1, POWER_SUPPLY_INPUT_CURRENT_SETTLED=0, POWER_SUPPLY_MODEL_NAME=UNKNOWN, POWER_SUPPLY_VOLTAGE_NOW=4163471, SEQNUM=73430, POWER_SUPPLY_TEMP_WARM=450, POWER_SUPPLY_TEMP_COOL=0, POWER_SUPPLY_CHARGE_FULL_DESIGN=2022000, POWER_SUPPLY_CURRENT_NOW=23767, POWER_SUPPLY_CHARGE_COUNTER=27780, POWER_SUPPLY_SYSTEM_TEMP_LEVEL=0, POWER_SUPPLY_INPUT_CURRENT_TRIM=38, POWER_SUPPLY_VOLTAGE_EMPTY=3200000, POWER_SUPPLY_CHARGE_RATE=None, POWER_SUPPLY_INPUT_VOLTAGE_REGULATION=1, POWER_SUPPLY_CHARGING_ENABLED=1}
06-30 09:31:29.749  1496  1496 I DownloadManagerWrapper: onReceive() : Charging = false
06-30 09:31:29.790   327   327 I AKMD2   : Suspended.
06-30 09:31:29.807   890  1041 E libsuspend: Error writing to /sys/power/state: Device or resource busy
06-30 09:31:29.843  1496  1496 I DownloadManagerWrapper: onReceive() : Charging = false
06-30 09:31:45.938   327   327 I AKMD2   : Suspended.
06-30 09:31:45.942   298   847 I qdhwcomposer: handle_blank_event: dpy:0 panel power state: 0
06-30 09:31:45.944   890  1272 V AlarmManager: sending alarm {1657080e type 3 *alarm*:android.content.jobscheduler.JOB_DELAY_EXPIRED}
06-30 09:31:45.954   890  1272 V AlarmManager: sending alarm {3e25fc26 type 0 *walarm*:android.app.backup.intent.RUN}
06-30 09:31:45.955   890  1272 V AlarmManager: sending alarm {302af22d type 2 *walarm*:android.net.ConnectivityService.action.PKT_CNT_SAMPLE_INTERVAL_ELAPSED}
06-30 09:31:45.955   890   890 V AlarmManager: done {1657080e, *alarm*:android.content.jobscheduler.JOB_DELAY_EXPIRED} [12ms]
06-30 09:31:45.955   890   890 V BackupManagerService: Running a backup pass
06-30 09:31:45.956   890   890 V AlarmManager: done {3e25fc26, *walarm*:android.app.backup.intent.RUN} [14ms]
06-30 09:31:45.957   890   890 V AlarmManager: done {302af22d, *walarm*:android.net.ConnectivityService.action.PKT_CNT_SAMPLE_INTERVAL_ELAPSED} [14ms]
06-30 09:31:45.974   890  1302 V BackupManagerService: Backup requested but nothing pending
06-30 09:32:20.932   327   327 I AKMD2   : Suspended.
06-30 09:32:20.935   298   847 I qdhwcomposer: handle_blank_event: dpy:0 panel power state: 0
06-30 09:32:21.002   890  1272 V AlarmManager: sending alarm {58eda49 type 3 *alarm*:android.intent.action.TIME_TICK}
06-30 09:32:21.004   890  1272 V AlarmManager: sending alarm {3ea244d5 type 2 *walarm*:android.content.syncmanager.SYNC_ALARM}
06-30 09:32:21.007   890   890 V AlarmManager: done {3ea244d5, *walarm*:android.content.syncmanager.SYNC_ALARM} [6ms]
06-30 09:32:21.132   890   890 V AlarmManager: done {58eda49, *alarm*:android.intent.action.TIME_TICK} [130ms]
06-30 09:38:19.642   327   327 I AKMD2   : Suspended.
06-30 09:38:19.646   298   847 I qdhwcomposer: handle_blank_event: dpy:0 panel power state: 0
06-30 09:38:19.655   890  1281 D WifiP2pService: InactiveState{ when=-8ms what=147461 target=com.android.internal.util.StateMachine$SmHandler }
06-30 09:38:19.655   890  1281 D WifiP2pService: P2pEnabledState{ when=-8ms what=147461 target=com.android.internal.util.StateMachine$SmHandler }
06-30 09:38:19.655   890  1281 D WifiP2pService: DefaultState{ when=-8ms what=147461 target=com.android.internal.util.StateMachine$SmHandler }
06-30 09:38:19.658   890  1284 E WifiStateMachine: [1,467,259,699,658 ms] noteScanEnd no scan source onTime=0
06-30 09:38:19.659   890  1284 E WifiStateMachine: wifi setScanResults statecom.android.server.wifi.WifiStateMachine$DisconnectedState@ff2f2ff sup_state=SCANNING debouncing=false mConnectionRequests=1 selection=<none>
06-30 09:38:19.661   890  1284 E WifiStateMachine: WifiStateMachine shouldSwitchNetwork  txSuccessRate=4.04 rxSuccessRate=4.37 delta 1000 -> 1000
06-30 09:38:19.663   890  1284 E WifiStateMachine: SUPPLICANT_STATE_CHANGE_EVENT state=DISCONNECTED -> state= DISCONNECTED debouncing=false
06-30 09:38:19.663   890  1284 E WifiStateMachine: setDetailed state, old =SCANNING and new state=DISCONNECTED hidden=false
06-30 09:38:19.666  1335  1335 I MotoNetwCtrlr: onReceive: Received intent=Intent { act=android.net.wifi.STATE_CHANGE flg=0x4000010 (has extras) } Action=android.net.wifi.STATE_CHANGE
06-30 09:38:19.667  1335  1335 I MotoNetwCtrlr.MotoWifiSignalCtrlr: handleBroadcast: Entered: Intent=Intent { act=android.net.wifi.STATE_CHANGE flg=0x4000010 (has extras) } Action=android.net.wifi.STATE_CHANGE
06-30 09:38:19.667  1335  1335 I MotoNetwCtrlr.MotorolaWifiSignalController: isDirty: returns false
06-30 09:38:19.667  1335  1335 I MotoNetwCtrlr.MotoWifiSignalCtrlr: handleBroadcast: Completed
06-30 09:38:19.667  1335  1335 I MotoNetwCtrlr: onReceive: Completed intent=Intent { act=android.net.wifi.STATE_CHANGE flg=0x4000010 (has extras) } Action=android.net.wifi.STATE_CHANGE
06-30 09:38:19.671   890  1284 E WifiStateMachine: CMD_AUTO_CONNECT sup state ScanState my state DisconnectedState nid=13 roam=3
06-30 09:38:19.671   890  1284 E WifiStateMachine: CMD_AUTO_CONNECT will save config -> "Accel-Connect" nid=13
06-30 09:38:19.785   890  1268 D BatteryService: uevent={POWER_SUPPLY_TEMP=260, POWER_SUPPLY_STATUS=Discharging, POWER_SUPPLY_CAPACITY=89, ACTION=change, DEVPATH=/devices/qpnp-charger-e4a3ba00/power_supply/battery, POWER_SUPPLY_VOLTAGE_OCV=-22, POWER_SUPPLY_ONLINE=1, SUBSYSTEM=power_supply, POWER_SUPPLY_NUM_SYSTEM_TEMP_LEVELS=4, POWER_SUPPLY_INPUT_CURRENT_MAX=100000, POWER_SUPPLY_VOLTAGE_MAX_DESIGN=4350000, POWER_SUPPLY_CHARGE_FULL=2020000, POWER_SUPPLY_NAME=battery, POWER_SUPPLY_VOLTAGE_MIN_DESIGN=4300000, POWER_SUPPLY_VOLTAGE_MIN=4300000, POWER_SUPPLY_HEALTH=Good, POWER_SUPPLY_CYCLE_COUNT=1, POWER_SUPPLY_TECHNOLOGY=Li-ion, POWER_SUPPLY_CHARGE_TYPE=N/A, POWER_SUPPLY_PRESENT=1, POWER_SUPPLY_INPUT_CURRENT_SETTLED=0, POWER_SUPPLY_MODEL_NAME=UNKNOWN, POWER_SUPPLY_VOLTAGE_NOW=4138116, SEQNUM=73432, POWER_SUPPLY_TEMP_WARM=450, POWER_SUPPLY_TEMP_COOL=0, POWER_SUPPLY_CHARGE_FULL_DESIGN=2022000, POWER_SUPPLY_CURRENT_NOW=111610, POWER_SUPPLY_CHARGE_COUNTER=30736, POWER_SUPPLY_SYSTEM_TEMP_LEVEL=0, POWER_SUPPLY_INPUT_CURRENT_TRIM=38, POWER_SUPPLY_VOLTAGE_EMPTY=3200000, POWER_SUPPLY_CHARGE_RATE=None, POWER_SUPPLY_INPUT_VOLTAGE_REGULATION=1, POWER_SUPPLY_CHARGING_ENABLED=1}
06-30 09:38:19.812   890  1284 E WifiConfigStore: Setting BSSID for "Accel-Connect"WPA_PSK to any
06-30 09:38:19.814   890  1284 E WifiConfigStore: will read network variables netId=13
06-30 09:38:19.834   890  1284 E WifiStateMachine: CMD_AUTO_CONNECT did save config ->  nid=13
06-30 09:38:19.836   890  1284 E WifiConfigStore: will read network variables netId=13
06-30 09:38:19.844  1367  1367 I wpa_supplicant: wlan0: Trying to associate with SSID 'Accel-Connect'
06-30 09:38:19.845  1367  1367 E wpa_supplicant: DSDS: eapol_sm_notify_config config->sim_num = 1
06-30 09:38:19.848   890  1284 E WifiStateMachine: SUPPLICANT_STATE_CHANGE_EVENT state=ASSOCIATING -> state= CONNECTING debouncing=false
06-30 09:38:19.848   890  1284 E WifiStateMachine: setDetailed state, old =DISCONNECTED and new state=CONNECTING hidden=false
06-30 09:38:19.851  1335  1335 I MotoNetwCtrlr: onReceive: Received intent=Intent { act=android.net.wifi.STATE_CHANGE flg=0x4000010 (has extras) } Action=android.net.wifi.STATE_CHANGE
06-30 09:38:19.852  1335  1335 I MotoNetwCtrlr.MotoWifiSignalCtrlr: handleBroadcast: Entered: Intent=Intent { act=android.net.wifi.STATE_CHANGE flg=0x4000010 (has extras) } Action=android.net.wifi.STATE_CHANGE
06-30 09:38:19.852  1335  1335 I MotoNetwCtrlr.MotorolaWifiSignalController: isDirty: returns false
06-30 09:38:19.852  1335  1335 I MotoNetwCtrlr.MotoWifiSignalCtrlr: handleBroadcast: Completed
06-30 09:38:19.852  1335  1335 I MotoNetwCtrlr: onReceive: Completed intent=Intent { act=android.net.wifi.STATE_CHANGE flg=0x4000010 (has extras) } Action=android.net.wifi.STATE_CHANGE
06-30 09:38:19.879  1496  1496 I DownloadManagerWrapper: onReceive() : Charging = false
06-30 09:38:19.904   890  1268 D BatteryService: uevent={POWER_SUPPLY_TEMP=260, POWER_SUPPLY_STATUS=Discharging, POWER_SUPPLY_CAPACITY=89, ACTION=change, DEVPATH=/devices/qpnp-charger-e4a3ba00/power_supply/battery, POWER_SUPPLY_VOLTAGE_OCV=-22, POWER_SUPPLY_ONLINE=1, SUBSYSTEM=power_supply, POWER_SUPPLY_NUM_SYSTEM_TEMP_LEVELS=4, POWER_SUPPLY_INPUT_CURRENT_MAX=100000, POWER_SUPPLY_VOLTAGE_MAX_DESIGN=4350000, POWER_SUPPLY_CHARGE_FULL=2020000, POWER_SUPPLY_NAME=battery, POWER_SUPPLY_VOLTAGE_MIN_DESIGN=4300000, POWER_SUPPLY_VOLTAGE_MIN=4300000, POWER_SUPPLY_HEALTH=Good, POWER_SUPPLY_CYCLE_COUNT=1, POWER_SUPPLY_TECHNOLOGY=Li-ion, POWER_SUPPLY_CHARGE_TYPE=N/A, POWER_SUPPLY_PRESENT=1, POWER_SUPPLY_INPUT_CURRENT_SETTLED=0, POWER_SUPPLY_MODEL_NAME=UNKNOWN, POWER_SUPPLY_VOLTAGE_NOW=4135451, SEQNUM=73435, POWER_SUPPLY_TEMP_WARM=450, POWER_SUPPLY_TEMP_COOL=0, POWER_SUPPLY_CHARGE_FULL_DESIGN=2022000, POWER_SUPPLY_CURRENT_NOW=111610, POWER_SUPPLY_CHARGE_COUNTER=30739, POWER_SUPPLY_SYSTEM_TEMP_LEVEL=0, POWER_SUPPLY_INPUT_CURRENT_TRIM=38, POWER_SUPPLY_VOLTAGE_EMPTY=3200000, POWER_SUPPLY_CHARGE_RATE=None, POWER_SUPPLY_INPUT_VOLTAGE_REGULATION=1, POWER_SUPPLY_CHARGING_ENABLED=1}
06-30 09:38:19.917   327   327 I AKMD2   : Suspended.
06-30 09:38:19.931   890  1041 E libsuspend: Error writing to /sys/power/state: Device or resource busy
06-30 09:38:19.964  1496  1496 I DownloadManagerWrapper: onReceive() : Charging = false
06-30 09:38:20.022   515   556 D TCMD    : NL - Read 304 bytes from update socket.
06-30 09:38:20.022   515   556 D TCMD    : NL - message type is RTM_NEWLINK
06-30 09:38:20.022   515   556 D TCMD    : Listening for incoming client connection request
06-30 09:38:20.022   515   556 D TCMD    : NL - Read 68 bytes from update socket.
06-30 09:38:20.022   515   556 D TCMD    : NL - message type is RTM_NEWLINK
06-30 09:38:20.022   515   556 D TCMD    : Listening for incoming client connection request
06-30 09:38:20.023   515   556 D TCMD    : NL - Read 1004 bytes from update socket.
06-30 09:38:20.023   515   556 D TCMD    : NL - message type is RTM_NEWLINK
06-30 09:38:20.023   515   556 D TCMD    : Listening for incoming client connection request
06-30 09:38:20.024  1367  1367 I wpa_supplicant: wlan0: Associated with 64:f6:9d:10:5a:f1
06-30 09:38:20.025   515   556 D TCMD    : NL - Read 80 bytes from update socket.
06-30 09:38:20.025   515   556 D TCMD    : NL - message type is RTM_NEWLINK
06-30 09:38:20.025   515   556 D TCMD    : Listening for incoming client connection request
06-30 09:38:20.025   515   556 D TCMD    : NL - Read 80 bytes from update socket.
06-30 09:38:20.025   515   556 D TCMD    : NL - message type is RTM_NEWLINK
06-30 09:38:20.025   515   556 D TCMD    : Listening for incoming client connection request
06-30 09:38:20.025   515   556 D TCMD    : NL - Read 68 bytes from update socket.
06-30 09:38:20.025   515   556 D TCMD    : NL - message type is RTM_NEWLINK
06-30 09:38:20.025   515   556 D TCMD    : Listening for incoming client connection request
06-30 09:38:20.036  1496  1496 I DownloadManagerWrapper: onReceive() : Charging = false
06-30 09:38:20.039   890  1284 E WifiStateMachine: SUPPLICANT_STATE_CHANGE_EVENT state=ASSOCIATED -> state= CONNECTING debouncing=false
06-30 09:38:20.039   890  1284 E WifiStateMachine: setDetailed state, old =CONNECTING and new state=CONNECTING hidden=false
06-30 09:38:20.040   890  1284 E WifiStateMachine: setDetailed state send new extra info"Accel-Connect"
06-30 09:38:20.044  1367  1367 I wpa_supplicant: wlan0: WPA: Key negotiation completed with 64:f6:9d:10:5a:f1 [PTK=CCMP GTK=CCMP]
06-30 09:38:20.045  1367  1367 I wpa_supplicant: wlan0: CTRL-EVENT-CONNECTED - Connection to 64:f6:9d:10:5a:f1 completed [id=13 id_str=]
06-30 09:38:20.046   515   556 D TCMD    : NL - Read 1004 bytes from update socket.
06-30 09:38:20.046   515   556 D TCMD    : NL - message type is RTM_NEWLINK
06-30 09:38:20.046   515   556 D TCMD    : Listening for incoming client connection request
06-30 09:38:20.055  1335  1335 I MotoNetwCtrlr: onReceive: Received intent=Intent { act=android.net.wifi.STATE_CHANGE flg=0x4000010 (has extras) } Action=android.net.wifi.STATE_CHANGE
06-30 09:38:20.055  1335  1335 I MotoNetwCtrlr.MotoWifiSignalCtrlr: handleBroadcast: Entered: Intent=Intent { act=android.net.wifi.STATE_CHANGE flg=0x4000010 (has extras) } Action=android.net.wifi.STATE_CHANGE
06-30 09:38:20.055  1335  1335 I MotoNetwCtrlr.MotorolaWifiSignalController: isDirty: returns false
06-30 09:38:20.055  1335  1335 I MotoNetwCtrlr.MotoWifiSignalCtrlr: handleBroadcast: Completed
06-30 09:38:20.055  1335  1335 I MotoNetwCtrlr: onReceive: Completed intent=Intent { act=android.net.wifi.STATE_CHANGE flg=0x4000010 (has extras) } Action=android.net.wifi.STATE_CHANGE
06-30 09:38:20.058   890  1284 E WifiStateMachine: SUPPLICANT_STATE_CHANGE_EVENT state=FOUR_WAY_HANDSHAKE -> state= AUTHENTICATING debouncing=false
06-30 09:38:20.058   890  1284 E WifiStateMachine: setDetailed state, old =CONNECTING and new state=AUTHENTICATING hidden=false
06-30 09:38:20.062   890  1284 E WifiStateMachine: SUPPLICANT_STATE_CHANGE_EVENT state=GROUP_HANDSHAKE -> state= AUTHENTICATING debouncing=false
06-30 09:38:20.062   890  1284 E WifiStateMachine: setDetailed state, old =AUTHENTICATING and new state=AUTHENTICATING hidden=false
06-30 09:38:20.065  1335  1335 I MotoNetwCtrlr: onReceive: Received intent=Intent { act=android.net.wifi.STATE_CHANGE flg=0x4000010 (has extras) } Action=android.net.wifi.STATE_CHANGE
06-30 09:38:20.065  1335  1335 I MotoNetwCtrlr.MotoWifiSignalCtrlr: handleBroadcast: Entered: Intent=Intent { act=android.net.wifi.STATE_CHANGE flg=0x4000010 (has extras) } Action=android.net.wifi.STATE_CHANGE
06-30 09:38:20.065  1335  1335 I MotoNetwCtrlr.MotorolaWifiSignalController: isDirty: returns false
06-30 09:38:20.065  1335  1335 I MotoNetwCtrlr.MotoWifiSignalCtrlr: handleBroadcast: Completed
06-30 09:38:20.065  1335  1335 I MotoNetwCtrlr: onReceive: Completed intent=Intent { act=android.net.wifi.STATE_CHANGE flg=0x4000010 (has extras) } Action=android.net.wifi.STATE_CHANGE
06-30 09:38:20.067   890  1284 E WifiStateMachine: Network connection established
06-30 09:38:20.068   890 19427 D Checkin : publish the event [tag = MOT_WIFI_L1 event name = CONNECT]
06-30 09:38:20.069   890  1284 E WifiStateMachine: setDetailed state, old =AUTHENTICATING and new state=OBTAINING_IPADDR hidden=false
06-30 09:38:20.072  1335  1335 I MotoNetwCtrlr: onReceive: Received intent=Intent { act=android.net.wifi.STATE_CHANGE flg=0x4000010 (has extras) } Action=android.net.wifi.STATE_CHANGE
06-30 09:38:20.072  1335  1335 I MotoNetwCtrlr.MotoWifiSignalCtrlr: handleBroadcast: Entered: Intent=Intent { act=android.net.wifi.STATE_CHANGE flg=0x4000010 (has extras) } Action=android.net.wifi.STATE_CHANGE
06-30 09:38:20.073  1335  1335 I MotoNetwCtrlr.MotorolaWifiSignalController: isDirty: returns false
06-30 09:38:20.073  1335  1335 I MotoNetwCtrlr.MotoWifiSignalCtrlr: handleBroadcast: Completed
06-30 09:38:20.073  1335  1335 I MotoNetwCtrlr: onReceive: Completed intent=Intent { act=android.net.wifi.STATE_CHANGE flg=0x4000010 (has extras) } Action=android.net.wifi.STATE_CHANGE
06-30 09:38:20.073   890  1029 D Tethering: exception when get active network info: java.lang.NullPointerException: Attempt to invoke virtual method 'int android.net.NetworkInfo.getType()' on a null object reference
06-30 09:38:20.074   890  1029 W Settings: Setting tether_dun_apn has moved from android.provider.Settings.Secure to android.provider.Settings.Global.
06-30 09:38:20.074   890  1029 E Tethering: ApnList is empty for checkDunConfigured()
06-30 09:38:20.074   890  1029 D Tethering:  upstream interface types: 
06-30 09:38:20.074   890  1029 D Tethering:  0
06-30 09:38:20.074   890  1029 D Tethering:  1
06-30 09:38:20.074   890  1029 D Tethering:  5
06-30 09:38:20.074   890  1029 D Tethering:  7
06-30 09:38:20.074   890  1284 E WifiStateMachine: setDetailed state, old =OBTAINING_IPADDR and new state=CONNECTING hidden=false
06-30 09:38:20.074   890  1029 D Tethering: sendTetherStateChangedBroadcast 1, 0, 0
06-30 09:38:20.077  1335  1335 I MotoNetwCtrlr: onReceive: Received intent=Intent { act=android.net.wifi.STATE_CHANGE flg=0x4000010 (has extras) } Action=android.net.wifi.STATE_CHANGE
06-30 09:38:20.077  1335  1335 I MotoNetwCtrlr.MotoWifiSignalCtrlr: handleBroadcast: Entered: Intent=Intent { act=android.net.wifi.STATE_CHANGE flg=0x4000010 (has extras) } Action=android.net.wifi.STATE_CHANGE
06-30 09:38:20.077  1335  1335 I MotoNetwCtrlr.MotorolaWifiSignalController: isDirty: returns false
06-30 09:38:20.077  1335  1335 I MotoNetwCtrlr.MotoWifiSignalCtrlr: handleBroadcast: Completed
06-30 09:38:20.077  1335  1335 I MotoNetwCtrlr: onReceive: Completed intent=Intent { act=android.net.wifi.STATE_CHANGE flg=0x4000010 (has extras) } Action=android.net.wifi.STATE_CHANGE
06-30 09:38:20.083  1335  1335 I MotoNetwCtrlr: onReceive: Received intent=Intent { act=android.net.wifi.STATE_CHANGE flg=0x4000010 (has extras) } Action=android.net.wifi.STATE_CHANGE
06-30 09:38:20.083  1335  1335 I MotoNetwCtrlr.MotoWifiSignalCtrlr: handleBroadcast: Entered: Intent=Intent { act=android.net.wifi.STATE_CHANGE flg=0x4000010 (has extras) } Action=android.net.wifi.STATE_CHANGE
06-30 09:38:20.083  1335  1335 I MotoNetwCtrlr.MotorolaWifiSignalController: isDirty: returns false
06-30 09:38:20.083  1335  1335 I MotoNetwCtrlr.MotoWifiSignalCtrlr: handleBroadcast: Completed
06-30 09:38:20.083  1335  1335 I MotoNetwCtrlr: onReceive: Completed intent=Intent { act=android.net.wifi.STATE_CHANGE flg=0x4000010 (has extras) } Action=android.net.wifi.STATE_CHANGE
06-30 09:38:20.094  1496  1496 I DownloadManagerWrapper: onReceive() : Charging = false
06-30 09:38:20.095   890  1284 D ConnectivityService: registerNetworkAgent NetworkAgentInfo{ ni{[type: WIFI[], state: CONNECTING/CONNECTING, reason: (unspecified), extra: "Accel-Connect", roaming: false, failover: false, isAvailable: true, isConnectedToProvisioningNetwork: false]}  network{null}  lp{{InterfaceName: wlan0 LinkAddresses: []  Routes: [] DnsAddresses: [] Domains: null MTU: 0 TcpBufferSizes: 131072,262144,3145728,4096,221184,3145728}}  nc{[ Transports: WIFI Capabilities: INTERNET&NOT_RESTRICTED&TRUSTED&NOT_VPN LinkUpBandwidth>=1048576Kbps LinkDnBandwidth>=1048576Kbps]}  Score{20}  everValidated{false}  lastValidated{false}  created{false}  explicitlySelected{false} allowInvalidation{false}}
06-30 09:38:20.095   890  1284 E WifiStateMachine: L2ConnectedState any config "Accel-Connect"WPA_PSK config.bssid null
06-30 09:38:20.095   890  1284 E WifiStateMachine: L2ConnectedState "Accel-Connect" nid=13
06-30 09:38:20.095   890  1284 E WifiConfigStore: saveWifiConfigBSSID Setting BSSID for "Accel-Connect"WPA_PSK to any
06-30 09:38:20.095   890  1288 D ConnectivityService: NetworkAgentInfo [WIFI () - 111] EVENT_NETWORK_INFO_CHANGED, going from null to CONNECTING
06-30 09:38:20.098   890  1284 E WifiStateMachine: enter ObtainingIpState netId=13 "Accel-Connect"WPA_PSK  roam=3 static=false watchdog= 14
06-30 09:38:20.098   890  1284 E WifiStateMachine: setDetailed state, old =CONNECTING and new state=OBTAINING_IPADDR hidden=false
06-30 09:38:20.099   890  1284 E WifiStateMachine: ObtainingIpAddress any config "Accel-Connect"WPA_PSK config.bssid any
06-30 09:38:20.099   890  1284 E WifiStateMachine: ObtainingIpAddress "Accel-Connect" nid=13
06-30 09:38:20.099   890  1284 E WifiConfigStore: saveWifiConfigBSSID Setting BSSID for "Accel-Connect"WPA_PSK to any
06-30 09:38:20.108   308   837 D CommandListener: Setting iface cfg
06-30 09:38:20.109   890  1284 E WifiStateMachine: Start Dhcp Watchdog 15
06-30 09:38:20.114  1335  1335 I MotoNetwCtrlr: onReceive: Received intent=Intent { act=android.net.wifi.STATE_CHANGE flg=0x4000010 (has extras) } Action=android.net.wifi.STATE_CHANGE
06-30 09:38:20.114  1335  1335 I MotoNetwCtrlr.MotoWifiSignalCtrlr: handleBroadcast: Entered: Intent=Intent { act=android.net.wifi.STATE_CHANGE flg=0x4000010 (has extras) } Action=android.net.wifi.STATE_CHANGE
06-30 09:38:20.114  1335  1335 I MotoNetwCtrlr.MotorolaWifiSignalController: isDirty: returns false
06-30 09:38:20.114  1335  1335 I MotoNetwCtrlr.MotoWifiSignalCtrlr: handleBroadcast: Completed
06-30 09:38:20.114  1335  1335 I MotoNetwCtrlr: onReceive: Completed intent=Intent { act=android.net.wifi.STATE_CHANGE flg=0x4000010 (has extras) } Action=android.net.wifi.STATE_CHANGE
06-30 09:38:20.118   890  1284 E WifiStateMachine: Link configuration changed for netId: 13 old: {InterfaceName: wlan0 LinkAddresses: []  Routes: [] DnsAddresses: [] Domains: null MTU: 0 TcpBufferSizes: 131072,262144,3145728,4096,221184,3145728} new: {InterfaceName: wlan0 LinkAddresses: []  Routes: [fe80::/64 -> :: wlan0,] DnsAddresses: [] Domains: null MTU: 0}
06-30 09:38:20.118   890  1284 E WifiStateMachine: updateLinkProperties nid: 13 state: OBTAINING_IPADDR reason: CMD_UPDATE_LINKPROPERTIES
06-30 09:38:20.121   890  1284 E WifiStateMachine: setSuspendOptimizationsNative: 1 false -want true stack:setSuspendOptimizationsNative - handlePreDhcpSetup - processMessage - processMsg
06-30 09:38:20.121   890  1284 E native  : do suspend false
06-30 09:38:20.179   327   327 I AKMD2   : Suspended.
