06-30 09:38:25.856 24714 19729 V ConnectivityManager: isActiveNetworkMetered() returns:false
06-30 09:38:25.856 24714 24848 V ConnectivityManager: isActiveNetworkMetered() returns:false
06-30 09:38:25.860 24714 19729 V ConnectivityManager: isActiveNetworkMetered() returns:false
06-30 09:38:25.862 24714 19729 V ConnectivityManager: isActiveNetworkMetered() returns:false
06-30 09:38:25.870 24714 24848 V NQFileLogger: [12639] LightweightReportNetworkQualityChimeraOperation.a: about to write to file
06-30 09:38:25.871 24714 19729 V ConnectivityManager: isActiveNetworkMetered() returns:false
06-30 09:38:25.874 24714 24848 V ProcessReports: [12639] LightweightReportNetworkQualityChimeraOperation.a: If not already scheduled, schedule for 3600 to 14400 seconds from now (but might be processed inline after 900 seconds instead)
06-30 09:38:25.898  2898  2898 E BSUtils : Error checking isMultiSimEnabled, Exception:java.lang.ClassNotFoundException: android.telephony.MSimTelephonyManager
06-30 09:38:25.912  2898  2898 I BSUtils : failed to get sys.build.version.checksum. Setting swChkSum to default: FFFF
06-30 09:38:25.938  2898  2898 E BSUtils : Error checking isMultiSimEnabled, Exception:java.lang.ClassNotFoundException: android.telephony.MSimTelephonyManager
06-30 09:38:25.941  1620  1637 E PhoneInterfaceManager: [PhoneIntfMgr] getIccId: ICC ID is null or empty.
06-30 09:38:25.965 24714 19729 I PhenotypeFlagCommitter: Experiment Configs successfully retrieved for com.google.android.gms.playlog.uploader
06-30 09:38:25.968 24714 19729 I GoogleURLConnFactory: Using platform SSLCertificateSocketFactory
06-30 09:38:25.978 24714 19729 V ConnectivityManager: isActiveNetworkMetered() returns:false
06-30 09:38:25.984 24714 19729 V ConnectivityManager: isActiveNetworkMetered() returns:false
06-30 09:38:26.072  2898  2898 I art     : Explicit concurrent mark sweep GC freed 29194(1539KB) AllocSpace objects, 4(64KB) LOS objects, 40% free, 12MB/20MB, paused 1.880ms total 70.974ms
06-30 09:38:26.100  2898  2898 E BSUtils : Error checking isMultiSimEnabled, Exception:java.lang.ClassNotFoundException: android.telephony.MSimTelephonyManager
06-30 09:38:26.136  1569 21394 I art     : Explicit concurrent mark sweep GC freed 3568(141KB) AllocSpace objects, 0(0B) LOS objects, 39% free, 8MB/13MB, paused 896us total 28.535ms
06-30 09:38:26.143  2898  2898 I BSUtils : failed to get sys.build.version.checksum. Setting swChkSum to default: FFFF
06-30 09:38:26.146  2898  5047 I BSUtils : failed to get sys.build.version.checksum. Setting swChkSum to default: FFFF
06-30 09:38:26.148  2898  5047 I global frequency: BcsDSCheckin.logProperties: root status from persist.qe isqe 0/1
06-30 09:38:26.148  2898  5047 D Checkin : publish the event [tag = MOT_CHECKIN event name = LOG]
06-30 09:38:26.149  2898  5047 E global frequency: BcsDSCheckin.logProperties: BL State from property is null or empty
06-30 09:38:26.149  2898  5047 D Checkin : publish the event [tag = MOT_CHECKIN event name = LOG]
06-30 09:38:26.150  2898  5047 D Checkin : publish the event [tag = DEV_ATTRIBS event name = SW]
06-30 09:38:26.152  2898  5047 D Checkin : publish the event [tag = MOT_CCE_STATS event name = DataUsage]
06-30 09:38:26.203  2898  5047 I global frequency: BcsDSCheckin.events found events 119
06-30 09:38:26.204  2898  5047 D Checkin : publish the event [tag = MOT_CHECKIN event name = LOG]
06-30 09:38:26.336  2898  5047 I global frequency: BcsDSDropBox.events found events 102
06-30 09:38:26.336  2898  5047 D Checkin : publish the event [tag = MOT_CHECKIN event name = LOG]
06-30 09:38:26.342  2898  5047 I BSUtils : failed to get sys.build.version.checksum. Setting swChkSum to default: FFFF
06-30 09:38:26.361   890  2848 W ActivityManager: getRunningAppProcesses: caller 10067 does not hold REAL_GET_TASKS; limiting output
06-30 09:38:26.423 19702 19702 I Babel_telephony: TeleModule.onApplicationCreate
06-30 09:38:26.438 19702 19746 I Babel_SMS: MmsConfig: mnc/mcc: 0/0
06-30 09:38:26.438 19702 19746 I Babel_SMS: MmsConfig.loadMmsSettings
06-30 09:38:26.439 19702 19746 I Babel_SMS: MmsConfig.loadDeviceMmsSettings from API: mUserAgent=motoxt1032, mUaProfUrl=http://uaprof.motorola.com/phoneconfig/motoxt1032/Profile/motoxt1032-row.rdf
06-30 09:38:26.439 19702 19746 I Babel_SMS: MmsConfig.loadFromDatabase
06-30 09:38:26.451 19702 19746 E Babel_SMS: canonicalizeMccMnc: invalid mccmnc 
06-30 09:38:26.451 19702 19746 I Babel_SMS: MmsConfig.loadFromResources
06-30 09:38:26.452 19702 19746 E Babel_SMS: canonicalizeMccMnc: invalid mccmnc nullnull
06-30 09:38:26.452 19702 19746 I Babel_SMS: MmsConfig.loadMmsSettings: mUserAgent=motoxt1032, mUaProfUrl=http://uaprof.motorola.com/phoneconfig/motoxt1032/Profile/motoxt1032-row.rdf
06-30 09:38:26.545   890  1597 I art     : Explicit concurrent mark sweep GC freed 8634(356KB) AllocSpace objects, 0(0B) LOS objects, 33% free, 26MB/40MB, paused 2.334ms total 135.647ms
06-30 09:38:26.562 19702 19702 I Babel_Crash: Startup - clean
06-30 09:38:26.584  2898  6464 I MMApiWSBase: doRequest(): url: https://argo.svcmot.com:443/v1/cs/checkin.pb/2153211424222060544?appId=6R1TANEX3ZMQ6EU1UH43P34C8B868KTE
06-30 09:38:26.585  2898  6464 D Checkin : publish the event [tag = MOT_CCE event name = LOG]
06-30 09:38:26.629  8369 19754 I SubscribedFeeds: Received message
06-30 09:38:26.642  8369 19754 I SubscribedFeeds: Received message
06-30 09:38:26.647 19702 19702 D Babel   : onCreate: Shutdown runnable posted in onCreate with a delay of 5000 ms.
06-30 09:38:26.663 24714 24714 V ConnectivityManager: isActiveNetworkMetered() returns:false
06-30 09:38:26.670 19702 19702 W ResourcesManager: Asset path '/system/framework/com.android.media.remotedisplay.jar' does not exist or contains no resources.
06-30 09:38:26.670 19702 19702 W ResourcesManager: Asset path '/system/framework/com.android.location.provider.jar' does not exist or contains no resources.
06-30 09:38:26.736   890   941 I ActivityManager: Start proc 19760:com.google.android.gm/u0a56 for service com.google.android.gm/.provider.MailSyncAdapterService
06-30 09:38:26.740 18665 19536 I art     : Note: end time exceeds epoch: 
06-30 09:38:26.761 19643 19758 E SQLiteLog: (283) recovered 84 frames from WAL file /data/data/com.google.android.apps.photos/databases/gphotos0.db-wal
06-30 09:38:26.829 19702 19702 W linker  : libgmscore.so: unused DT entry: type 0x7ffffffd arg 0x785
06-30 09:38:26.854 19702 19702 W linker  : libconscrypt_gmscore_jni.so: unused DT entry: type 0x1d arg 0xe0
06-30 09:38:26.855 19702 19702 W linker  : libconscrypt_gmscore_jni.so: unused DT entry: type 0x7ffffffd arg 0x1c9
06-30 09:38:26.855 19702 19702 V JNIHelp : Registering com/google/android/gms/org/conscrypt/NativeCrypto's 255 native methods...
06-30 09:38:26.909 19760 19760 W EasBundling: in EasBundling.init, isBundlingEnabled=true
06-30 09:38:26.917 19702 19702 I ProviderInstaller: Installed default security provider GmsCore_OpenSSL
06-30 09:38:26.929 19702 19785 D Babel   : Idle: Shutdown runnable posted in release with a delay of 5000 ms.
06-30 09:38:26.936 19760 19786 I Gmail   : getAccountsCursor
06-30 09:38:26.937 19760 19787 D ActivityThread: Loading provider com.google.android.gmail.provider;com.android.mail.notifier;com.google.android.gm.email.provider;com.google.android.gm.email.notifier: com.android.email.provider.EmailProvider
06-30 09:38:26.944 24714 24714 I Auth    : [AuthDelegateWrapper] Service intent: Intent { cmp=com.google.android.gms/.auth.account.authenticator.DefaultAuthDelegateService }.
06-30 09:38:27.033 19760 19760 W GAV2    : Thread[main,5,main]: Need to call initialize() and be in fallback mode to start dispatch.
06-30 09:38:27.049 19760 19787 I Gmail   : Initiated Service map for: [gPop3, gLegacyImap, gEas, gmail]
06-30 09:38:27.105   890  1596 W ActivityManager: Unable to start service Intent { cmp=com.google.android.gm/com.android.email.service.AttachmentService } U=0: not found
06-30 09:38:27.116 19760 19796 I Gmail   : Observing account changes for notifications
06-30 09:38:27.128 19760 19798 I Gmail   : No Email application installed
06-30 09:38:27.128 19760 19798 I EmailMigration: No data to migrate
06-30 09:38:27.128 19760 19760 I Exchange: EasService.onCreate
06-30 09:38:27.128 19760 19798 W EmailMigration: No Exchange migration, not the right Email provider version
06-30 09:38:27.129   890  1453 W ActivityManager: Unable to start service Intent { cmp=com.google.android.gm.exchange/com.android.exchange.service.EasService } U=0: not found
06-30 09:38:27.129 19760 19760 I Exchange: EasService.onCreate stoppedOldService=false
06-30 09:38:27.131 19760 19799 I Exchange: RestartPingTask
06-30 09:38:27.133 19760 19797 W Gmail   : Sync started for account: account:63839608
06-30 09:38:27.139 19760 19801 I Gmail   : getAccountsCursor
06-30 09:38:27.145 24714 24714 I Auth    : [AuthDelegateWrapper] Service intent: Intent { cmp=com.google.android.gms/.auth.account.authenticator.DefaultAuthDelegateService }.
06-30 09:38:27.151 19760 19760 I Exchange: RestartPingsTask did not start any pings.
06-30 09:38:27.151 19760 19760 I Exchange: PSS stopIfIdle
06-30 09:38:27.151 19760 19760 I Exchange: PSS has no active accounts; stopping service.
06-30 09:38:27.161 19760 19760 I Exchange: onDestroy
06-30 09:38:27.166 24714 24714 I Auth    : [AuthDelegateWrapper] Service intent: Intent { cmp=com.google.android.gms/.auth.account.authenticator.DefaultAuthDelegateService }.
06-30 09:38:27.180 19760 19797 E SQLiteLog: (283) recovered 6 frames from WAL file /data/data/com.google.android.gm/databases/mailstore.purushi50@gmail.com.db-wal
06-30 09:38:27.241 19760 19807 I Gmail   : notifyAccountChanged
06-30 09:38:27.243 19760 19786 I Gmail   : getAccountsCursor
06-30 09:38:27.244 19760 19807 I Gmail   : calculateUnknownSyncRationalesAndPurgeInBackground: queueing
06-30 09:38:27.250 19760 19807 I Gmail   : calculateUnknownSyncRationalesAndPurgeInBackground: queueing
06-30 09:38:27.250 24714 24714 I Auth    : [AuthDelegateWrapper] Service intent: Intent { cmp=com.google.android.gms/.auth.account.authenticator.DefaultAuthDelegateService }.
06-30 09:38:27.251 19760 19797 I Gmail   : notifyAccountChanged
06-30 09:38:27.302 19760 19807 I Gmail   : calculateUnknownSyncRationalesAndPurgeInBackground: running
06-30 09:38:27.303 19760 19807 I Gmail   : calculateUnknownSyncRationalesAndPurgeInBackground: running
06-30 09:38:27.319 19760 19795 I Gmail   : getAccountsCursor
06-30 09:38:27.352 19760 19797 I Gmail   : MainSyncRequestProto: lowestBkwdConvoId: 0, highestHandledServerOp: 10199932, normalSync: true
06-30 09:38:27.398 19760 19797 W ResourcesManager: Asset path '/system/framework/com.android.media.remotedisplay.jar' does not exist or contains no resources.
06-30 09:38:27.398 19760 19797 W ResourcesManager: Asset path '/system/framework/com.android.location.provider.jar' does not exist or contains no resources.
06-30 09:38:27.402 24714 25020 I art     : Explicit concurrent mark sweep GC freed 137721(7MB) AllocSpace objects, 16(256KB) LOS objects, 40% free, 16MB/28MB, paused 2.143ms total 148.841ms
06-30 09:38:27.419 24714 24725 E DataBuffer: Internal data leak within a DataBuffer object detected!  Be sure to explicitly call release() on all DataBuffer extending objects when you are done with them. (internal object: com.google.android.gms.common.data.DataHolder@3a496ce3)
06-30 09:38:27.435 19760 19797 W linker  : libgmscore.so: unused DT entry: type 0x7ffffffd arg 0x785
06-30 09:38:27.442 19760 19797 W linker  : libconscrypt_gmscore_jni.so: unused DT entry: type 0x1d arg 0xe0
06-30 09:38:27.442 19760 19797 W linker  : libconscrypt_gmscore_jni.so: unused DT entry: type 0x7ffffffd arg 0x1c9
06-30 09:38:27.443 19760 19797 V JNIHelp : Registering com/google/android/gms/org/conscrypt/NativeCrypto's 255 native methods...
06-30 09:38:27.517 19760 19797 I ProviderInstaller: Installed default security provider GmsCore_OpenSSL
06-30 09:38:27.526 24714 24714 I Auth    : [AuthDelegateWrapper] Service intent: Intent { cmp=com.google.android.gms/.auth.account.authenticator.DefaultAuthDelegateService }.
06-30 09:38:27.707 18665 19536 I art     : Note: end time exceeds epoch: 
06-30 09:38:27.799  8369  8390 I art     : Explicit concurrent mark sweep GC freed 1998(91KB) AllocSpace objects, 0(0B) LOS objects, 24% free, 7MB/10MB, paused 472us total 39.370ms
06-30 09:38:27.922   890  1505 I ActivityManager: Killing 19516:android.process.media/u0a17 (adj 15): empty #7
06-30 09:38:27.984   890   941 I ActivityManager: Start proc 19821:com.google.android.apps.inbox/u0a100 for service com.google.android.apps.inbox/com.google.android.apps.bigtop.service.BigTopSyncService
06-30 09:38:28.217 19821 19821 W bta     : BigTopApplication I am version 1.26 (125722543) PID: 19821 release
06-30 09:38:28.238 19821 19840 W ResourcesManager: Asset path '/system/framework/com.android.media.remotedisplay.jar' does not exist or contains no resources.
06-30 09:38:28.238 19821 19840 W ResourcesManager: Asset path '/system/framework/com.android.location.provider.jar' does not exist or contains no resources.
06-30 09:38:28.361 19821 19840 W linker  : libgmscore.so: unused DT entry: type 0x7ffffffd arg 0x785
06-30 09:38:28.411 19821 19840 W linker  : libconscrypt_gmscore_jni.so: unused DT entry: type 0x1d arg 0xe0
06-30 09:38:28.411 19821 19840 W linker  : libconscrypt_gmscore_jni.so: unused DT entry: type 0x7ffffffd arg 0x1c9
06-30 09:38:28.412 19821 19840 V JNIHelp : Registering com/google/android/gms/org/conscrypt/NativeCrypto's 255 native methods...
06-30 09:38:28.437   890  1644 D ConnectivityService: listenForNetwork for NetworkRequest [ id=416, legacyType=-1, [ Capabilities: NOT_RESTRICTED&TRUSTED&NOT_VPN] ]
06-30 09:38:28.438   890  1288 D ConnectivityService: handleRegisterNetworkRequest checking NetworkAgentInfo [WIFI () - 111]
06-30 09:38:28.438   890  1288 D ConnectivityService: apparently satisfied.  currentScore=60
06-30 09:38:28.438 19821 19856 D ConnectivityManager.CallbackHandler: CM callback handler got msg 524290
06-30 09:38:28.440 19821 19821 W bta     : bvf StackMigration Setting flushed all pending mutations to: false account: 63839608
06-30 09:38:28.510 19821 19840 I ProviderInstaller: Installed default security provider GmsCore_OpenSSL
06-30 09:38:28.755 19821 19867 E SQLiteLog: (283) recovered 86 frames from WAL file /data/data/com.google.android.apps.inbox/databases/bigTopDataDB63839608-wal
06-30 09:38:28.857 19821 19863 W pwz     : Stub cumulus method should not be used
06-30 09:38:29.164 19821 19874 W qda     : OAuthToken value is missing required prefix 'OAuth '
06-30 09:38:29.731 24714 24714 V ConnectivityManager: isActiveNetworkMetered() returns:false
06-30 09:38:29.782 24714 19729 V ConnectivityManager: isActiveNetworkMetered() returns:false
06-30 09:38:29.783 24714 19729 V ConnectivityManager: isActiveNetworkMetered() returns:false
06-30 09:38:29.789 24714 19729 V ConnectivityManager: isActiveNetworkMetered() returns:false
06-30 09:38:29.797 24714 19729 V ConnectivityManager: isActiveNetworkMetered() returns:false
06-30 09:38:29.799 24714 19729 V ConnectivityManager: isActiveNetworkMetered() returns:false
06-30 09:38:29.958 24714 19729 V ConnectivityManager: isActiveNetworkMetered() returns:false
06-30 09:38:29.960 24714 19729 V ConnectivityManager: isActiveNetworkMetered() returns:false
06-30 09:38:29.969 24714 19729 V ConnectivityManager: isActiveNetworkMetered() returns:false
06-30 09:38:29.980 24714 19729 V ConnectivityManager: isActiveNetworkMetered() returns:false
06-30 09:38:29.985 24714 19729 V ConnectivityManager: isActiveNetworkMetered() returns:false
06-30 09:38:30.067 24714 24848 W Herrevad: Invalid mccmnc 
06-30 09:38:30.069 24714 24848 W Herrevad: Invalid mccmnc 
06-30 09:38:30.093 24714 24714 I Auth    : [AuthDelegateWrapper] Service intent: Intent { cmp=com.google.android.gms/.auth.account.authenticator.DefaultAuthDelegateService }.
06-30 09:38:30.122 24714 24848 V NQFileLogger: [12639] LightweightReportNetworkQualityChimeraOperation.a: about to write to file
06-30 09:38:30.123 24714 24848 V ProcessReports: [12639] LightweightReportNetworkQualityChimeraOperation.a: If not already scheduled, schedule for 3600 to 14400 seconds from now (but might be processed inline after 900 seconds instead)
06-30 09:38:30.147 24714 19729 V ConnectivityManager: isActiveNetworkMetered() returns:false
06-30 09:38:30.149 24714 19729 V ConnectivityManager: isActiveNetworkMetered() returns:false
06-30 09:38:30.154 24714 19729 V ConnectivityManager: isActiveNetworkMetered() returns:false
06-30 09:38:30.162 24714 19729 V ConnectivityManager: isActiveNetworkMetered() returns:false
06-30 09:38:30.165 24714 19729 V ConnectivityManager: isActiveNetworkMetered() returns:false
06-30 09:38:30.364 24714 19729 V ConnectivityManager: isActiveNetworkMetered() returns:false
06-30 09:38:30.366 24714 19729 V ConnectivityManager: isActiveNetworkMetered() returns:false
06-30 09:38:30.370 24714 19729 V ConnectivityManager: isActiveNetworkMetered() returns:false
06-30 09:38:30.401 24714 19729 V ConnectivityManager: isActiveNetworkMetered() returns:false
06-30 09:38:30.407 24714 19729 V ConnectivityManager: isActiveNetworkMetered() returns:false
06-30 09:38:30.551 24714 19729 V ConnectivityManager: isActiveNetworkMetered() returns:false
06-30 09:38:30.552 24714 19729 V ConnectivityManager: isActiveNetworkMetered() returns:false
06-30 09:38:30.563 24714 19729 V ConnectivityManager: isActiveNetworkMetered() returns:false
06-30 09:38:30.571 24714 19729 V ConnectivityManager: isActiveNetworkMetered() returns:false
06-30 09:38:30.762 19760 19797 I art     : Explicit concurrent mark sweep GC freed 83215(2MB) AllocSpace objects, 0(0B) LOS objects, 25% free, 11MB/15MB, paused 717us total 62.191ms
06-30 09:38:30.768 19760 19797 I Gmail   : MainSyncRequestProto: lowestBkwdConvoId: 0, highestHandledServerOp: 10200070, normalSync: true
06-30 09:38:30.769 19760 19797 I Gmail   : lowestBackward conversation id 0
06-30 09:38:30.961   890  1293 I art     : Explicit concurrent mark sweep GC freed 19200(828KB) AllocSpace objects, 2(32KB) LOS objects, 33% free, 26MB/40MB, paused 1.846ms total 133.109ms
06-30 09:38:30.969 14402 19898 W IcingInternalCorpora: getNumBytesRead when not calculated.
06-30 09:38:30.980 19760 19797 I Gmail   : AppDataSearch: minSeqNo=32763, maxSeqNo=33797, lastCommittedSequence=32719
06-30 09:38:31.018 19760 19797 I Gmail   : notifyAccountChanged
06-30 09:38:31.020 19760 19787 I Gmail   : getAccountsCursor
06-30 09:38:31.023 24714 24714 I Auth    : [AuthDelegateWrapper] Service intent: Intent { cmp=com.google.android.gms/.auth.account.authenticator.DefaultAuthDelegateService }.
06-30 09:38:31.036 19760 19797 I Gmail   : Sending provider changed intent: Intent { act=android.intent.action.PROVIDER_CHANGED dat=content://gmail-ls/unread/^i (has extras) }
06-30 09:38:31.044 19760 19797 I Gmail   : notifyAccountChanged
06-30 09:38:31.045 19760 19797 W Gmail   : Sync complete for account: account:63839608
06-30 09:38:31.046 19760 19799 I Gmail   : getAccountsCursor
06-30 09:38:31.053 24714 24714 I Auth    : [AuthDelegateWrapper] Service intent: Intent { cmp=com.google.android.gms/.auth.account.authenticator.DefaultAuthDelegateService }.
06-30 09:38:31.074   890  1644 I ActivityManager: Killing 19544:com.android.mms/u0a19 (adj 15): empty #7
06-30 09:38:31.079 24714 19729 V ConnectivityManager: isActiveNetworkMetered() returns:false
06-30 09:38:31.256 24714 19729 V ConnectivityManager: isActiveNetworkMetered() returns:false
06-30 09:38:31.437 24714 19729 V ConnectivityManager: isActiveNetworkMetered() returns:false
06-30 09:38:31.439 24714 19729 V ConnectivityManager: isActiveNetworkMetered() returns:false
06-30 09:38:31.447 24714 19729 V ConnectivityManager: isActiveNetworkMetered() returns:false
06-30 09:38:31.458 24714 19729 V ConnectivityManager: isActiveNetworkMetered() returns:false
06-30 09:38:31.461 24714 19729 V ConnectivityManager: isActiveNetworkMetered() returns:false
06-30 09:38:31.593   308 19751 D  libc   :   33 retrying_select timeout
06-30 09:38:31.593   308 19751 D libc    : dns server used:8.8.8.8
06-30 09:38:31.649 24714 19729 V ConnectivityManager: isActiveNetworkMetered() returns:false
06-30 09:38:31.651 24714 19729 V ConnectivityManager: isActiveNetworkMetered() returns:false
06-30 09:38:31.660 24714 19729 V ConnectivityManager: isActiveNetworkMetered() returns:false
06-30 09:38:31.704 24714 24714 V ConnectivityManager: isActiveNetworkMetered() returns:false
06-30 09:38:31.937 19702 19702 D Babel   : RefCountedService(com.google.android.apps.hangouts.requestwriter.RequestWriter) onDestroy (count=0, startId=1 stopped=true)
06-30 09:38:31.939   890  2904 I ActivityManager: Killing 19572:com.google.android.apps.magazines/u0a77 (adj 15): empty #7
06-30 09:38:32.008 14402 15124 I Icing   : Indexing 60E57C0C3781F22C8263B6BAF9BE3D39C91D07B1 from com.google.android.gm
06-30 09:38:32.035 19760 19791 I GAV2    : Thread[GAThread,5,main]: No campaign data found.
06-30 09:38:32.094 14402 15124 I Icing   : Indexing done 60E57C0C3781F22C8263B6BAF9BE3D39C91D07B1
06-30 09:38:34.197   308 19880 D  libc   :   34 retrying_select timeout
06-30 09:38:34.197   308 19880 D libc    : dns server used:8.8.8.8
06-30 09:38:36.062 19821 19871 W kei     : Job(rpc:ItemsService:sync#14) Command modifyLabelsCommand has unexpected base object type none
06-30 09:38:36.062 19821 19871 W kei     : Job(rpc:ItemsService:sync#14) Command modifyLabelsCommand has unexpected base object type none
06-30 09:38:36.062 19821 19871 W kei     : Job(rpc:ItemsService:sync#14) Command modifyLabelsCommand has unexpected base object type none
06-30 09:38:37.069 19821 19821 W bta     : dnn Sync status: SYNCED. Synced 202 objects.
06-30 09:38:37.109 19821 19821 W bta     : dhg Fetched unseen inbox items successfully. Size: 0
06-30 09:38:37.109 19821 19821 W bta     : dgv No supported items to notify for. Cancelling current notifications.
06-30 09:38:37.156   890  2904 I ActivityManager: Killing 19702:com.google.android.talk/u0a67 (adj 15): empty #7
06-30 09:38:38.760  2898  6464 I MMApiWSBase: doRequest(): error in response: 403
06-30 09:38:38.762  2898  6464 D Checkin : publish the event [tag = MOT_CCE event name = LOG]
06-30 09:38:38.764  2898  6464 I MMApiWSBase: doRequest(): error in response:  Please provide a valid authtoken
06-30 09:38:38.765  2898  6464 D Checkin : publish the event [tag = MOT_CCE event name = LOG]
06-30 09:38:38.777  2898  6464 I MMApiWebService: inspectMMApiResponse(): found an error from a web service response: ForbiddenError msg: INVALID_SESSION req: 
06-30 09:38:38.778  2898  6464 D Checkin : publish the event [tag = MOT_CCE event name = LOG]
06-30 09:38:38.779  2898  6464 I MMApiWebService: inspectMMApiResponse(): received invalid session error from the server.. need to re-login
06-30 09:38:38.780  2898  6464 D Checkin : publish the event [tag = MOT_CCE event name = LOG]
06-30 09:38:38.781  2898  6464 I MMApiWebService: initiateDeviceLogin(): sending login request
06-30 09:38:38.781  2898  6464 D Checkin : publish the event [tag = MOT_CCE event name = LOG]
06-30 09:38:38.785  2898  2898 I MMApiProvisionService: createDeviceIdOrLogin update_device
06-30 09:38:38.786  2898  2898 D Checkin : publish the event [tag = MOT_CCE event name = LOG]
06-30 09:38:38.787  2898  2898 I MMApiProvisionService: createDeviceIdOrLogin update_device
06-30 09:38:38.788  2898  2898 D Checkin : publish the event [tag = MOT_CCE event name = LOG]
06-30 09:38:38.789  2898  2898 I MMApiProvisionService: createDeviceIdOrLogin update_device
06-30 09:38:38.790  2898  2898 D Checkin : publish the event [tag = MOT_CCE event name = LOG]
06-30 09:38:38.823  2898  6464 I MMApiWebService: MMApiWebService told us not to continue at the moment with this request: 
06-30 09:38:38.830  2898  2898 I Nonce   :  Nonce getNonce 
06-30 09:38:38.831  2898  2898 D Checkin : publish the event [tag = MOT_CCE event name = LOG]
06-30 09:38:38.831  2898  2898 I Nonce   :  Nonce Request 
06-30 09:38:38.832  2898  2898 D Checkin : publish the event [tag = MOT_CCE event name = LOG]
06-30 09:38:38.834  2898  2898 I Nonce   :  Nonce execute Request 
06-30 09:38:38.834  2898  2898 D Checkin : publish the event [tag = MOT_CCE event name = LOG]
06-30 09:38:38.836  2898  6464 D Checkin : publish the event [tag = MOT_CCE event name = LOG]
06-30 09:38:38.879  2898 16345 I MMApiWSBase: doRequest(): url: https://argo.svcmot.com:443/v1/gdi/nonce.json/TA89007K9C?appid=6R1TANEX3ZMQ6EU1UH43P34C8B868KTE
06-30 09:38:38.880  2898 16345 D Checkin : publish the event [tag = MOT_CCE event name = LOG]
06-30 09:38:40.027  2898 16345 I Nonce   :  Nonce Reponse 
06-30 09:38:40.028  2898 16345 D Checkin : publish the event [tag = MOT_CCE event name = LOG]
06-30 09:38:40.031  2898 16345 I Nonce   :  Nonce Handle Reponse 
06-30 09:38:40.032  2898 16345 D Checkin : publish the event [tag = MOT_CCE event name = LOG]
06-30 09:38:40.112  2898 16345 E BSUtils : Error checking isMultiSimEnabled, Exception:java.lang.ClassNotFoundException: android.telephony.MSimTelephonyManager
06-30 09:38:40.114  1620  1789 E PhoneInterfaceManager: [PhoneIntfMgr] getIccId: ICC ID is null or empty.
06-30 09:38:40.171  1569 24469 I art     : Explicit concurrent mark sweep GC freed 3538(139KB) AllocSpace objects, 0(0B) LOS objects, 39% free, 8MB/13MB, paused 889us total 27.807ms
06-30 09:38:40.219  2898 16345 E BSUtils : Error checking isMultiSimEnabled, Exception:java.lang.ClassNotFoundException: android.telephony.MSimTelephonyManager
06-30 09:38:40.231  2898 16345 I BSUtils : failed to get sys.build.version.checksum. Setting swChkSum to default: FFFF
06-30 09:38:40.250  2898 13148 I MMApiWSBase: doRequest(): url: https://argo.svcmot.com:443/v1/gdi/devices.json/2153211424222060544?appid=6R1TANEX3ZMQ6EU1UH43P34C8B868KTE
06-30 09:38:40.251  2898 13148 D Checkin : publish the event [tag = MOT_CCE event name = LOG]
06-30 09:38:40.541  2898  2942 W DataUsage: invalid counter update blocked: 'err' by 0
06-30 09:38:40.542  2898  2942 D Checkin : publish the event [tag = MOT_CCE event name = LOG]
06-30 09:38:41.397  2898 13148 E MMApiProvisionService: Caught IOException:/pds/public/svcs/activation_date: open failed: EACCES (Permission denied)
06-30 09:38:41.397  2898 13148 D Checkin : publish the event [tag = MOT_CCE event name = LOG]
06-30 09:38:41.399  2898 13148 W FileUtils: Failed to chmod(/pds/public/svcs/activation_date): android.system.ErrnoException: chmod failed: EACCES (Permission denied)
06-30 09:38:41.399  2898 13148 I MMApiProvisionService:  came in moto 
06-30 09:38:41.400  2898 13148 D Checkin : publish the event [tag = MOT_CCE event name = LOG]
06-30 09:38:41.401  2898 13148 I MMApiProvisionService: setMMApiCredInfoToMainApp: deviceId = 2153211424222060544
06-30 09:38:41.401  2898 13148 D Checkin : publish the event [tag = MOT_CCE event name = LOG]
06-30 09:38:41.425  1620  1789 E PhoneInterfaceManager: [PhoneIntfMgr] getIccId: ICC ID is null or empty.
06-30 09:38:41.495  2898 13148 E BSUtils : Error checking isMultiSimEnabled, Exception:java.lang.ClassNotFoundException: android.telephony.MSimTelephonyManager
06-30 09:38:41.498  2898 13148 I MMApiProvisionService:  response.hasSettings() false
06-30 09:38:41.498  2898 13148 D Checkin : publish the event [tag = MOT_CCE event name = LOG]
06-30 09:38:41.499  2898 13148 E MMApiProvisionService: handleResponse(): no settings sent by the server:
06-30 09:38:41.500  2898 13148 D Checkin : publish the event [tag = MOT_CCE event name = LOG]
06-30 09:38:41.626  2898 16360 I art     : Explicit concurrent mark sweep GC freed 28680(3MB) AllocSpace objects, 109(1733KB) LOS objects, 39% free, 12MB/20MB, paused 1.889ms total 67.976ms
06-30 09:38:41.641   890  2668 I art     : Explicit concurrent mark sweep GC freed 9980(426KB) AllocSpace objects, 0(0B) LOS objects, 33% free, 26MB/40MB, paused 2.029ms total 133.725ms
06-30 09:38:41.649  2898 19978 I SundryService: onHandleIntent(): action=com.motorola.notification.RETREIVE_NOTIFICATIONS
06-30 09:38:41.649  2898 19978 I SundryService: Received shoulder tap
06-30 09:38:41.675  2898 16360 I MMApiWSBase: doRequest(): url: https://argo.svcmot.com:443/v1/cs/checkin.pb/2153211424222060544?appId=6R1TANEX3ZMQ6EU1UH43P34C8B868KTE
06-30 09:38:41.676  2898 16360 D Checkin : publish the event [tag = MOT_CCE event name = LOG]
06-30 09:38:41.754  1569  3092 I art     : Explicit concurrent mark sweep GC freed 3824(153KB) AllocSpace objects, 0(0B) LOS objects, 39% free, 8MB/13MB, paused 901us total 33.108ms
06-30 09:38:41.782  2898  3266 I MMApiWSBase: doRequest(): url: https://argo.svcmot.com:443/v1/gns/list/messages.json/2153211424222060544?appid=6R1TANEX3ZMQ6EU1UH43P34C8B868KTE
06-30 09:38:41.783  2898  3266 D Checkin : publish the event [tag = MOT_CCE event name = LOG]
06-30 09:38:41.869  2898  2942 W DataUsage: invalid counter update blocked: 'err' by 0
06-30 09:38:41.870  2898  2942 D Checkin : publish the event [tag = MOT_CCE event name = LOG]
06-30 09:38:43.206  2898  3266 I CCE     : AppWSProxy - handleResponse(): error=None errorText= statusCode=200 reqId=com.motorola.ccc.notification.GetNotificationsWS.Request
06-30 09:38:43.208  2898  3266 D Checkin : publish the event [tag = MOT_CCE event name = LOG]
06-30 09:38:43.230  2898  3266 D Checkin : publish the event [tag = MOT_CCE_STATS event name = RetrieveNotifications]
06-30 09:38:43.231  2898  3266 D SundryService: handleGetNotificationsResponse(): got 0; more=false
06-30 09:38:43.238  2898 19978 I SundryService: onHandleIntent(): action=com.motorola.ccc.notification.action.NOTIFY
06-30 09:38:43.238  2898 19978 D SundryService: onHandleIntent(): isWaitEnabled=false
06-30 09:38:43.715  2898  2942 W DataUsage: invalid counter update blocked: 'err' by 0
06-30 09:38:43.716  2898  2942 D Checkin : publish the event [tag = MOT_CCE event name = LOG]
06-30 09:38:43.840  2898 16360 I CCE     : AppWSProxy - handleResponse(): error=None errorText= statusCode=200 reqId=
06-30 09:38:43.841  2898 16360 D Checkin : publish the event [tag = MOT_CCE event name = LOG]
06-30 09:38:43.843  2898 16360 I global frequency: BcsCore.status() called with error code=ERROR_OK
06-30 09:38:43.844  2898 16360 D Checkin : publish the event [tag = MOT_CHECKIN event name = LOG]
06-30 09:38:43.860   890  1596 D CheckinProvider: 119 events delete 0 left
06-30 09:38:43.882  2898 16360 I global frequency: BcsDSCheckin.events found events 0
06-30 09:38:43.883  2898 16360 D Checkin : publish the event [tag = MOT_CHECKIN event name = LOG]
06-30 09:38:43.885  2898 16360 I global frequency: BcsDSDropBox.events found events 0
06-30 09:38:43.886  2898 16360 D Checkin : publish the event [tag = MOT_CHECKIN event name = LOG]
06-30 09:38:43.893  2898 16360 I BSUtils : failed to get sys.build.version.checksum. Setting swChkSum to default: FFFF
06-30 09:38:43.895  2898 16360 I BSUtils : failed to get sys.build.version.checksum. Setting swChkSum to default: FFFF
06-30 09:38:43.901  2898  2898 I global frequency: BcsTimer.onReceive checkin completed (1836178049:ERROR_OK)
06-30 09:38:43.902  2898  2898 D Checkin : publish the event [tag = MOT_CHECKIN event name = LOG]
06-30 09:38:44.349  2898  2942 W DataUsage: invalid counter update blocked: 'err' by 0
06-30 09:38:44.350  2898  2942 D Checkin : publish the event [tag = MOT_CCE event name = LOG]
06-30 09:38:53.939   327   327 I AKMD2   : Suspended.
06-30 09:38:53.942   298   847 I qdhwcomposer: handle_blank_event: dpy:0 panel power state: 0
06-30 09:38:53.944   890  1272 V AlarmManager: sending alarm {58eda49 type 3 *alarm*:android.intent.action.TIME_TICK}
06-30 09:38:53.955   890  1272 V AlarmManager: sending alarm {3ea244d5 type 2 *walarm*:android.content.syncmanager.SYNC_ALARM}
06-30 09:38:53.959   890   890 V AlarmManager: done {3ea244d5, *walarm*:android.content.syncmanager.SYNC_ALARM} [15ms]
06-30 09:38:54.080   890   890 V AlarmManager: done {58eda49, *alarm*:android.intent.action.TIME_TICK} [136ms]
06-30 09:39:30.800   327   327 I AKMD2   : Suspended.
06-30 09:39:30.804   298   847 I qdhwcomposer: handle_blank_event: dpy:0 panel power state: 0
06-30 09:39:31.094   327   327 I AKMD2   : Suspended.
06-30 09:39:31.110   890  1041 E libsuspend: Error writing to /sys/power/state: Device or resource busy
06-30 09:39:31.422   327   327 I AKMD2   : Suspended.
06-30 09:39:31.425   298   847 I qdhwcomposer: handle_blank_event: dpy:0 panel power state: 0
06-30 09:39:31.439 29058 19984 I socket  : socket disconnect
06-30 09:40:17.979   327   327 I AKMD2   : Suspended.
06-30 09:40:17.982   298   847 I qdhwcomposer: handle_blank_event: dpy:0 panel power state: 0
06-30 09:40:18.026   515   556 D TCMD    : NL - Read 1004 bytes from update socket.
06-30 09:40:18.027   515   556 D TCMD    : NL - message type is RTM_NEWLINK
06-30 09:40:18.027   515   556 D TCMD    : Listening for incoming client connection request
06-30 09:40:18.027   515   556 D TCMD    : NL - Read 68 bytes from update socket.
06-30 09:40:18.027   515   556 D TCMD    : NL - message type is RTM_NEWLINK
06-30 09:40:18.027   515   556 D TCMD    : Listening for incoming client connection request
06-30 09:40:18.027  1367  1367 I wpa_supplicant: wlan0: CTRL-EVENT-DISCONNECTED bssid=64:f6:9d:10:5a:f1 reason=0
06-30 09:40:18.031   515   556 D TCMD    : NL - Read 68 bytes from update socket.
06-30 09:40:18.031   515   556 D TCMD    : NL - message type is RTM_NEWLINK
06-30 09:40:18.031   515   556 D TCMD    : Listening for incoming client connection request
06-30 09:40:18.033  1367  1367 I wpa_supplicant: wlan0: CTRL-EVENT-REGDOM-CHANGE init=CORE type=WORLD
06-30 09:40:18.034  1367  1367 I wpa_supplicant: wlan0: CTRL-EVENT-REGDOM-CHANGE init=USER type=COUNTRY alpha2=IN
06-30 09:40:18.039   890  1029 D Tethering: InitialState.processMessage what=4
06-30 09:40:18.039   890  1029 W Settings: Setting tether_dun_apn has moved from android.provider.Settings.Secure to android.provider.Settings.Global.
06-30 09:40:18.039   890  1029 E Tethering: ApnList is empty for checkDunConfigured()
06-30 09:40:18.039   890  1029 D Tethering:  upstream interface types: 
06-30 09:40:18.039   890  1029 D Tethering:  1
06-30 09:40:18.039   890  1029 D Tethering:  5
06-30 09:40:18.039   890  1029 D Tethering:  7
06-30 09:40:18.039   890  1029 D Tethering:  0
06-30 09:40:18.040   890  1284 E WifiStateMachine: NETWORK_DISCONNECTION_EVENT in connected state BSSID=64:f6:9d:10:5a:f1 RSSI=-127 freq=-1 was debouncing=false reason=0 ajst=0
06-30 09:40:18.042   890  1284 E WifiStateMachine: Missed CTRL-EVENT-DISCONNECTED, disconnect
06-30 09:40:18.043   890  1029 D Tethering: sendTetherStateChangedBroadcast 0, 0, 0
06-30 09:40:18.053   890  1284 E WifiStateMachine: handleNetworkDisconnect: Stopping DHCP and clearing IP stack:handleNetworkDisconnect - access$8300 - processMessage - processMsg
06-30 09:40:18.053   890  1284 E WifiStateMachine: handleNetworkDisconnect any config "Accel-Connect"WPA_PSK config.bssid any
06-30 09:40:18.053   890  1284 E WifiStateMachine: handleNetworkDisconnect "Accel-Connect" nid=13
06-30 09:40:18.053   890  1284 E WifiConfigStore: saveWifiConfigBSSID Setting BSSID for "Accel-Connect"WPA_PSK to any
06-30 09:40:18.057   890  1284 E WifiStateMachine: setSuspendOptimizationsNative: 1 true -want true stack:setSuspendOptimizationsNative - handlePostDhcpSetup - stopDhcp - handleNetworkDisconnect
06-30 09:40:18.058   890  1284 E WifiStateMachine: setSuspendOptimizationsNative do it 1 true stack:setSuspendOptimizationsNative - handlePostDhcpSetup - stopDhcp - handleNetworkDisconnect
06-30 09:40:18.058   890  1284 E native  : do suspend true
06-30 09:40:18.060   890 19986 D Checkin : publish the event [tag = MOT_WIFI_L1 event name = DISCONNECT]
06-30 09:40:18.061   890  1281 D WifiP2pService: InactiveState{ when=0 what=143375 target=com.android.internal.util.StateMachine$SmHandler }
06-30 09:40:18.062   890  1281 D WifiP2pService: P2pEnabledState{ when=0 what=143375 target=com.android.internal.util.StateMachine$SmHandler }
06-30 09:40:18.063  1367  1367 E wpa_supplicant: wpa_driver_nl80211_driver_cmd: failed to set RXFILTER option
06-30 09:40:18.068   308   837 D CommandListener: Clearing all IP addresses on wlan0
06-30 09:40:18.072   515   556 D TCMD    : NL - Read 60 bytes from update socket.
06-30 09:40:18.072   515   556 D TCMD    : NL - ignore NL message, type = 21
06-30 09:40:18.072   515   556 D TCMD    : Listening for incoming client connection request
06-30 09:40:18.100 24714 19675 V NativeCrypto: Read error: ssl=0xb8021038: I/O error during system call, Connection timed out
06-30 09:40:18.102 24714 19675 V NativeCrypto: SSL shutdown failed: ssl=0xb8021038: I/O error during system call, Broken pipe
06-30 09:40:18.116 24714 24714 V ConnectivityManager: isActiveNetworkMetered() returns:false
06-30 09:40:18.143 19821 19922 V NativeCrypto: Read error: ssl=0xb7c6b698: I/O error during system call, Connection timed out
06-30 09:40:18.143 19821 19922 V NativeCrypto: Write error: ssl=0xb7c6b698: I/O error during system call, Broken pipe
06-30 09:40:18.144 19821 19922 V NativeCrypto: Write error: ssl=0xb7c6b698: I/O error during system call, Broken pipe
06-30 09:40:18.144 19821 19922 V NativeCrypto: SSL shutdown failed: ssl=0xb7c6b698: I/O error during system call, Broken pipe
06-30 09:40:18.145 24714 19675 E GCM     : Wifi connection closed with errorCode 20
06-30 09:40:18.146   890  1284 E WifiStateMachine: setDetailed state, old =CONNECTED and new state=DISCONNECTED hidden=false
06-30 09:40:18.147   890  1284 E WifiStateMachine: setDetailed state send new extra info<unknown ssid>
06-30 09:40:18.147   890  1284 D WifiMetrics: Connected time updated 4012291206 current duration 775343392
06-30 09:40:18.148   890  1284 E WifiStateMachine: WifiStateMachine: Leaving Connected state
06-30 09:40:18.149 19821 19925 V NativeCrypto: Read error: ssl=0xb7c67388: I/O error during system call, Connection timed out
06-30 09:40:18.150  1335  1335 I MotoNetwCtrlr: onReceive: Received intent=Intent { act=android.net.wifi.STATE_CHANGE flg=0x4000010 (has extras) } Action=android.net.wifi.STATE_CHANGE
06-30 09:40:18.151   890  1288 D ConnectivityService: NetworkAgentInfo [WIFI () - 111] EVENT_NETWORK_INFO_CHANGED, going from CONNECTED to DISCONNECTED
06-30 09:40:18.151  1335  1335 I MotoNetwCtrlr.MotoWifiSignalCtrlr: handleBroadcast: Entered: Intent=Intent { act=android.net.wifi.STATE_CHANGE flg=0x4000010 (has extras) } Action=android.net.wifi.STATE_CHANGE
06-30 09:40:18.151   890  1288 D ConnectivityService: NetworkAgentInfo [WIFI () - 111] got DISCONNECTED, was satisfying 5
06-30 09:40:18.151  1335  1335 I MotoNetwCtrlr.MotorolaWifiSignalController: isDirty: returns true
06-30 09:40:18.151  1335  1335 I MotoNetwCtrlr.MotorolaWifiSignalController: notifyListeners: calling QS [0] onWifiSignalChanged (Google api): enab=true conn=true Sig=0x7f0200aa=ic_qs_wifi_full_4 In=false Out=false Desc="Wi-Fi signal full." wifiDesc="<unknown ssid>"
06-30 09:40:18.152  1335  1335 I MotoNetwCtrlr.MotorolaWifiSignalController: notifyListeners: calling QS [1] onWifiSignalChanged (Google api): enab=true conn=true Sig=0x7f0200aa=ic_qs_wifi_full_4 In=false Out=false Desc="Wi-Fi signal full." wifiDesc="<unknown ssid>"
06-30 09:40:18.152  1335  1335 I MotoNetwCtrlr.MotorolaWifiSignalController: notifyListeners: calling SB [0] setWifiIndicators (Google api): vis=true Sig=0x7f02014c=stat_sys_wifi_signal_4_fully Desc="Wi-Fi signal full."
06-30 09:40:18.152  1335  1335 I MotoNetwCtrlr.MotorolaWifiSignalController: notifyListeners: calling SB [1] setWifiIndicators (Google api): vis=true Sig=0x7f02014c=stat_sys_wifi_signal_4_fully Desc="Wi-Fi signal full."
06-30 09:40:18.152  1335  1335 I MotoNetwCtrlr.MotorolaWifiSignalController: notifyListeners: calling SB [2] setWifiIndicators (Google api): vis=true Sig=0x7f02014c=stat_sys_wifi_signal_4_fully Desc="Wi-Fi signal full."
06-30 09:40:18.152  1335  1335 E MotoNetwCtrlr: getDataController: No data sim selected
06-30 09:40:18.152  1335  1335 I MotoNetwCtrlr.MotoWifiSignalCtrlr: handleBroadcast: Completed
06-30 09:40:18.152  1335  1335 I MotoNetwCtrlr: onReceive: Completed intent=Intent { act=android.net.wifi.STATE_CHANGE flg=0x4000010 (has extras) } Action=android.net.wifi.STATE_CHANGE
06-30 09:40:18.153  1335  1335 I MotoNetwCtrlr: onReceive: Received intent=Intent { act=android.net.wifi.STATE_CHANGE flg=0x4000010 (has extras) } Action=android.net.wifi.STATE_CHANGE
06-30 09:40:18.153  1335  1335 I MotoNetwCtrlr.MotoWifiSignalCtrlr: handleBroadcast: Entered: Intent=Intent { act=android.net.wifi.STATE_CHANGE flg=0x4000010 (has extras) } Action=android.net.wifi.STATE_CHANGE
06-30 09:40:18.153  1335  1335 I MotoNetwCtrlr.MotorolaWifiSignalController: isDirty: returns true
06-30 09:40:18.153  1335  1335 I MotoNetwCtrlr.MotorolaWifiSignalController: notifyListeners: calling QS [0] onWifiSignalChanged (Google api): enab=true conn=false Sig=0x7f0200ab=ic_qs_wifi_no_network In=false Out=false Desc="Wi-Fi disconnected." wifiDesc="null"
06-30 09:40:18.153  1335  1335 I MotoNetwCtrlr.MotorolaWifiSignalController: notifyListeners: calling QS [1] onWifiSignalChanged (Google api): enab=true conn=false Sig=0x7f0200ab=ic_qs_wifi_no_network In=false Out=false Desc="Wi-Fi disconnected." wifiDesc="null"
06-30 09:40:18.153  1335  1335 I MotoNetwCtrlr.MotorolaWifiSignalController: notifyListeners: calling SB [0] setWifiIndicators (Google api): vis=false Sig=0x7f02014d=stat_sys_wifi_signal_null Desc="Wi-Fi disconnected."
06-30 09:40:18.155  1335  1335 I MotoNetwCtrlr.MotorolaWifiSignalController: notifyListeners: calling SB [1] setWifiIndicators (Google api): vis=false Sig=0x7f02014d=stat_sys_wifi_signal_null Desc="Wi-Fi disconnected."
06-30 09:40:18.155  1335  1335 I MotoNetwCtrlr.MotorolaWifiSignalController: notifyListeners: calling SB [2] setWifiIndicators (Google api): vis=false Sig=0x7f02014d=stat_sys_wifi_signal_null Desc="Wi-Fi disconnected."
06-30 09:40:18.155  1335  1335 E MotoNetwCtrlr: getDataController: No data sim selected
06-30 09:40:18.155  1335  1335 I MotoNetwCtrlr.MotoWifiSignalCtrlr: handleBroadcast: Completed
06-30 09:40:18.155  1335  1335 I MotoNetwCtrlr: onReceive: Completed intent=Intent { act=android.net.wifi.STATE_CHANGE flg=0x4000010 (has extras) } Action=android.net.wifi.STATE_CHANGE
06-30 09:40:18.156 19821 19925 V NativeCrypto: Write error: ssl=0xb7c67388: I/O error during system call, Broken pipe
06-30 09:40:18.156 19821 19925 V NativeCrypto: Write error: ssl=0xb7c67388: Failure in SSL library, usually a protocol error
06-30 09:40:18.156 19821 19925 V NativeCrypto: error:1409F07F:SSL routines:SSL3_WRITE_PENDING:bad write retry (third_party/java/android_libs/gcore/migration_libs/packages/external/openssl/ssl/s3_pkt.c:919 0x9d2d6b36:0x00000000)
06-30 09:40:18.157 19821 19925 V NativeCrypto: SSL shutdown failed: ssl=0xb7c67388: I/O error during system call, Success
06-30 09:40:18.160   890  1505 D ConnectivityService: reportBadNetwork(NetworkAgentInfo [WIFI () - 111]) by 10016
06-30 09:40:18.162   890 19436 D NetworkMonitor/NetworkAgentInfo [WIFI () - 111]: ValidatedState{ when=-3ms what=532488 arg1=10016 target=com.android.internal.util.StateMachine$SmHandler }
06-30 09:40:18.162   890 19436 D NetworkMonitor/NetworkAgentInfo [WIFI () - 111]: DefaultState{ when=-3ms what=532488 arg1=10016 target=com.android.internal.util.StateMachine$SmHandler }
06-30 09:40:18.162   890 19436 D NetworkMonitor/NetworkAgentInfo [WIFI () - 111]: Forcing reevaluation
06-30 09:40:18.162   890 19436 D NetworkMonitor/NetworkAgentInfo [WIFI () - 111]: EvaluatingState{ when=0 what=532486 arg1=2 target=com.android.internal.util.StateMachine$SmHandler }
06-30 09:40:18.162   890 19436 D NetworkMonitor/NetworkAgentInfo [WIFI () - 111]: Checking http://connectivitycheck.android.com/generate_204 on <unknown ssid>
06-30 09:40:18.174  1335  1335 I MotoNetwCtrlr: onReceive: Received intent=Intent { act=android.net.wifi.STATE_CHANGE flg=0x4000010 (has extras) } Action=android.net.wifi.STATE_CHANGE
06-30 09:40:18.174  1335  1335 I MotoNetwCtrlr.MotoWifiSignalCtrlr: handleBroadcast: Entered: Intent=Intent { act=android.net.wifi.STATE_CHANGE flg=0x4000010 (has extras) } Action=android.net.wifi.STATE_CHANGE
06-30 09:40:18.174  1335  1335 I MotoNetwCtrlr.MotorolaWifiSignalController: isDirty: returns false
06-30 09:40:18.174  1335  1335 I MotoNetwCtrlr.MotoWifiSignalCtrlr: handleBroadcast: Completed
06-30 09:40:18.174  1335  1335 I MotoNetwCtrlr: onReceive: Completed intent=Intent { act=android.net.wifi.STATE_CHANGE flg=0x4000010 (has extras) } Action=android.net.wifi.STATE_CHANGE
06-30 09:40:18.209   890   944 I ActivityManager: Start proc 20002:com.motorola.context/u0a3 for broadcast com.motorola.context/.publisher.location.LocationReceiver
06-30 09:40:18.214   890  1284 E WifiStateMachine: Link configuration changed for netId: -1 old: {LinkAddresses: []  Routes: [] DnsAddresses: [] Domains: null MTU: 0} new: {InterfaceName: wlan0 LinkAddresses: []  Routes: [] DnsAddresses: [] Domains: null MTU: 0}
06-30 09:40:18.214   890  1284 E WifiStateMachine: updateLinkProperties nid: -1 state: DISCONNECTED reason: CMD_UPDATE_LINKPROPERTIES
06-30 09:40:18.217   890  1284 E WifiStateMachine: Link configuration changed for netId: -1 old: {InterfaceName: wlan0 LinkAddresses: []  Routes: [] DnsAddresses: [] Domains: null MTU: 0 TcpBufferSizes: 131072,262144,3145728,4096,221184,3145728} new: {InterfaceName: wlan0 LinkAddresses: []  Routes: [] DnsAddresses: [] Domains: null MTU: 0}
06-30 09:40:18.217   890  1284 E WifiStateMachine: updateLinkProperties nid: -1 state: DISCONNECTED reason: CMD_UPDATE_LINKPROPERTIES
06-30 09:40:18.217   890  1284 D WifiNetworkAgent: NetworkAgent: NetworkAgent channel lost
06-30 09:40:18.221   890 19436 D NetworkMonitor/NetworkAgentInfo [WIFI () - 111]: Probably not a portal: exception java.net.UnknownHostException: Unable to resolve host "connectivitycheck.android.com": No address associated with hostname
06-30 09:40:18.222   890 19436 D NetworkMonitor/NetworkAgentInfo [WIFI () - 111]: sentInetconditonReport(false,false) for NetworkAgentInfo{ ni{[type: WIFI[], state: DISCONNECTED/DISCONNECTED, reason: (unspecified), extra: <unknown ssid>, roaming: false, failover: false, isAvailable: true, isConnectedToProvisioningNetwork: false]}  network{111}  lp{{InterfaceName: wlan0 LinkAddresses: [fe80::62be:b5ff:fe81:e16f/64,172.20.10.199/24,]  Routes: [fe80::/64 -> :: wlan0,172.20.10.0/24 -> 0.0.0.0 wlan0,0.0.0.0/0 -> 172.20.10.254 wlan0,] DnsAddresses: [8.8.8.8,4.2.2.2,] Domains:  MTU: 0 TcpBufferSizes: 131072,262144,3145728,4096,221184,3145728}}  nc{[ Transports: WIFI Capabilities: INTERNET&NOT_RESTRICTED&TRUSTED&NOT_VPN LinkUpBandwidth>=1048576Kbps LinkDnBandwidth>=1048576Kbps]}  Score{60}  everValidated{true}  lastValidated{true}  created{true}  explicitlySelected{false} allowInvalidation{false}}
06-30 09:40:18.248   890  1288 D ConnectivityService: notifyType LOST for NetworkAgentInfo [WIFI () - 111]
06-30 09:40:18.249  1335  1788 D Co